
==========================================================================
cts final report_tns
--------------------------------------------------------------------------
tns max -0.04

==========================================================================
cts final report_wns
--------------------------------------------------------------------------
wns max -0.04

==========================================================================
cts final report_worst_slack
--------------------------------------------------------------------------
worst slack max -0.04

==========================================================================
cts final report_clock_min_period
--------------------------------------------------------------------------
core_clock period_min = 10.04 fmax = 99.57

==========================================================================
cts final report_clock_skew
--------------------------------------------------------------------------
Clock core_clock
   0.71 source latency rf.regs[10][11]$_DFFE_PP_/CLK ^
  -0.79 target latency rf.regs[28][27]$_DFFE_PP_/CLK ^
   0.00 CRPR
--------------
  -0.08 setup skew


==========================================================================
cts final report_checks -path_delay min
--------------------------------------------------------------------------
Startpoint: pc_unit.pc_out[0]$_SDFFE_PP0P_
            (rising edge-triggered flip-flop clocked by core_clock)
Endpoint: pc_unit.pc_out[0]$_SDFFE_PP0P_
          (rising edge-triggered flip-flop clocked by core_clock)
Path Group: core_clock
Path Type: min

Fanout     Cap    Slew   Delay    Time   Description
-----------------------------------------------------------------------------
                          0.00    0.00   clock core_clock (rise edge)
                          0.00    0.00   clock source latency
     1    0.09    0.00    0.00    0.00 ^ clk (in)
                                         clk (net)
                  0.00    0.00    0.00 ^ clkbuf_0_clk/A (sky130_fd_sc_hd__clkbuf_16)
     8    0.22    0.22    0.25    0.25 ^ clkbuf_0_clk/X (sky130_fd_sc_hd__clkbuf_16)
                                         clknet_0_clk (net)
                  0.23    0.00    0.25 ^ clkbuf_3_7__f_clk/A (sky130_fd_sc_hd__clkbuf_16)
    10    0.19    0.20    0.30    0.56 ^ clkbuf_3_7__f_clk/X (sky130_fd_sc_hd__clkbuf_16)
                                         clknet_3_7__leaf_clk (net)
                  0.20    0.00    0.56 ^ clkbuf_leaf_58_clk/A (sky130_fd_sc_hd__clkbuf_16)
     9    0.04    0.06    0.19    0.76 ^ clkbuf_leaf_58_clk/X (sky130_fd_sc_hd__clkbuf_16)
                                         clknet_leaf_58_clk (net)
                  0.06    0.00    0.76 ^ pc_unit.pc_out[0]$_SDFFE_PP0P_/CLK (sky130_fd_sc_hd__dfxtp_1)
     4    0.03    0.12    0.38    1.14 v pc_unit.pc_out[0]$_SDFFE_PP0P_/Q (sky130_fd_sc_hd__dfxtp_1)
                                         net162 (net)
                  0.12    0.00    1.14 v _6079_/A (sky130_fd_sc_hd__nand2_1)
     1    0.00    0.04    0.09    1.23 ^ _6079_/Y (sky130_fd_sc_hd__nand2_1)
                                         _2928_ (net)
                  0.04    0.00    1.23 ^ _6085_/A1 (sky130_fd_sc_hd__a21oi_1)
     1    0.00    0.04    0.05    1.28 v _6085_/Y (sky130_fd_sc_hd__a21oi_1)
                                         _0276_ (net)
                  0.04    0.00    1.28 v pc_unit.pc_out[0]$_SDFFE_PP0P_/D (sky130_fd_sc_hd__dfxtp_1)
                                  1.28   data arrival time

                          0.00    0.00   clock core_clock (rise edge)
                          0.00    0.00   clock source latency
     1    0.09    0.00    0.00    0.00 ^ clk (in)
                                         clk (net)
                  0.00    0.00    0.00 ^ clkbuf_0_clk/A (sky130_fd_sc_hd__clkbuf_16)
     8    0.22    0.22    0.25    0.25 ^ clkbuf_0_clk/X (sky130_fd_sc_hd__clkbuf_16)
                                         clknet_0_clk (net)
                  0.23    0.00    0.25 ^ clkbuf_3_7__f_clk/A (sky130_fd_sc_hd__clkbuf_16)
    10    0.19    0.20    0.30    0.56 ^ clkbuf_3_7__f_clk/X (sky130_fd_sc_hd__clkbuf_16)
                                         clknet_3_7__leaf_clk (net)
                  0.20    0.00    0.56 ^ clkbuf_leaf_58_clk/A (sky130_fd_sc_hd__clkbuf_16)
     9    0.04    0.06    0.19    0.76 ^ clkbuf_leaf_58_clk/X (sky130_fd_sc_hd__clkbuf_16)
                                         clknet_leaf_58_clk (net)
                  0.06    0.00    0.76 ^ pc_unit.pc_out[0]$_SDFFE_PP0P_/CLK (sky130_fd_sc_hd__dfxtp_1)
                          0.00    0.76   clock reconvergence pessimism
                         -0.05    0.71   library hold time
                                  0.71   data required time
-----------------------------------------------------------------------------
                                  0.71   data required time
                                 -1.28   data arrival time
-----------------------------------------------------------------------------
                                  0.56   slack (MET)



==========================================================================
cts final report_checks -path_delay max
--------------------------------------------------------------------------
Startpoint: imem_rdata[20] (input port clocked by core_clock)
Endpoint: dmem_addr[29] (output port clocked by core_clock)
Path Group: core_clock
Path Type: max

Fanout     Cap    Slew   Delay    Time   Description
-----------------------------------------------------------------------------
                          0.00    0.00   clock core_clock (rise edge)
                          0.00    0.00   clock network delay (propagated)
                          2.00    2.00 ^ input external delay
     1    0.01    0.00    0.00    2.00 ^ imem_rdata[20] (in)
                                         imem_rdata[20] (net)
                  0.00    0.00    2.00 ^ input77/A (sky130_fd_sc_hd__buf_8)
     3    0.04    0.07    0.11    2.11 ^ input77/X (sky130_fd_sc_hd__buf_8)
                                         net76 (net)
                  0.07    0.00    2.11 ^ place1938/A (sky130_fd_sc_hd__buf_12)
     7    0.10    0.12    0.16    2.27 ^ place1938/X (sky130_fd_sc_hd__buf_12)
                                         net1937 (net)
                  0.13    0.02    2.28 ^ rebuffer2017/A (sky130_fd_sc_hd__buf_12)
     1    0.02    0.04    0.12    2.40 ^ rebuffer2017/X (sky130_fd_sc_hd__buf_12)
                                         net2016 (net)
                  0.04    0.00    2.40 ^ place1925/A (sky130_fd_sc_hd__buf_16)
     6    0.04    0.06    0.11    2.52 ^ place1925/X (sky130_fd_sc_hd__buf_16)
                                         net1924 (net)
                  0.06    0.00    2.52 ^ _5575_/S0 (sky130_fd_sc_hd__mux4_2)
     1    0.00    0.08    0.49    3.01 v _5575_/X (sky130_fd_sc_hd__mux4_2)
                                         _2559_ (net)
                  0.08    0.00    3.01 v _5577_/A2 (sky130_fd_sc_hd__mux4_2)
     1    0.00    0.08    0.46    3.47 v _5577_/X (sky130_fd_sc_hd__mux4_2)
                                         _2561_ (net)
                  0.08    0.00    3.47 v _5583_/A0 (sky130_fd_sc_hd__mux2i_1)
     1    0.01    0.16    0.16    3.63 ^ _5583_/Y (sky130_fd_sc_hd__mux2i_1)
                                         _2567_ (net)
                  0.16    0.00    3.63 ^ place1702/A (sky130_fd_sc_hd__buf_4)
     1    0.02    0.07    0.17    3.79 ^ place1702/X (sky130_fd_sc_hd__buf_4)
                                         net1701 (net)
                  0.07    0.00    3.80 ^ _5584_/B (sky130_fd_sc_hd__nor2_1)
     2    0.01    0.10    0.07    3.86 v _5584_/Y (sky130_fd_sc_hd__nor2_1)
                                         net158 (net)
                  0.10    0.00    3.86 v _5585_/A (sky130_fd_sc_hd__nand2_2)
     1    0.02    0.10    0.12    3.98 ^ _5585_/Y (sky130_fd_sc_hd__nand2_2)
                                         _2568_ (net)
                  0.10    0.00    3.99 ^ _5586_/B1_N (sky130_fd_sc_hd__a21boi_2)
     1    0.00    0.09    0.17    4.15 ^ _5586_/Y (sky130_fd_sc_hd__a21boi_2)
                                         _0059_ (net)
                  0.09    0.00    4.15 ^ place1526/A (sky130_fd_sc_hd__buf_4)
     2    0.01    0.04    0.13    4.28 ^ place1526/X (sky130_fd_sc_hd__buf_4)
                                         net1525 (net)
                  0.04    0.00    4.28 ^ _6418_/B (sky130_fd_sc_hd__ha_1)
     2    0.01    0.07    0.23    4.51 v _6418_/SUM (sky130_fd_sc_hd__ha_1)
                                         _0061_ (net)
                  0.07    0.00    4.51 v place1435/A (sky130_fd_sc_hd__buf_4)
     4    0.02    0.04    0.16    4.67 v place1435/X (sky130_fd_sc_hd__buf_4)
                                         net1434 (net)
                  0.04    0.00    4.67 v _4574_/A1 (sky130_fd_sc_hd__a22o_4)
     2    0.02    0.05    0.26    4.93 v _4574_/X (sky130_fd_sc_hd__a22o_4)
                                         _1618_ (net)
                  0.05    0.00    4.93 v _4575_/C (sky130_fd_sc_hd__nor4_4)
     2    0.01    0.30    0.29    5.22 ^ _4575_/Y (sky130_fd_sc_hd__nor4_4)
                                         _1619_ (net)
                  0.30    0.00    5.22 ^ _4579_/A1 (sky130_fd_sc_hd__a211oi_4)
     1    0.00    0.08    0.10    5.32 v _4579_/Y (sky130_fd_sc_hd__a211oi_4)
                                         _1623_ (net)
                  0.08    0.00    5.32 v rebuffer2013/A (sky130_fd_sc_hd__buf_6)
     2    0.03    0.04    0.15    5.47 v rebuffer2013/X (sky130_fd_sc_hd__buf_6)
                                         net2012 (net)
                  0.04    0.00    5.48 v _4642_/A2 (sky130_fd_sc_hd__o2111ai_2)
     2    0.01    0.18    0.18    5.65 ^ _4642_/Y (sky130_fd_sc_hd__o2111ai_2)
                                         _1684_ (net)
                  0.18    0.00    5.65 ^ _5162_/B1 (sky130_fd_sc_hd__o211ai_1)
     1    0.00    0.09    0.12    5.77 v _5162_/Y (sky130_fd_sc_hd__o211ai_1)
                                         _2188_ (net)
                  0.09    0.00    5.77 v rebuffer2001/A (sky130_fd_sc_hd__buf_4)
     3    0.02    0.05    0.18    5.95 v rebuffer2001/X (sky130_fd_sc_hd__buf_4)
                                         net2000 (net)
                  0.05    0.00    5.95 v _5276_/A3 (sky130_fd_sc_hd__a311oi_2)
     1    0.00    0.19    0.25    6.20 ^ _5276_/Y (sky130_fd_sc_hd__a311oi_2)
                                         _2297_ (net)
                  0.19    0.00    6.20 ^ place1241/A (sky130_fd_sc_hd__buf_4)
     2    0.01    0.05    0.16    6.36 ^ place1241/X (sky130_fd_sc_hd__buf_4)
                                         net1240 (net)
                  0.05    0.00    6.36 ^ _5281_/A3 (sky130_fd_sc_hd__o41ai_2)
     1    0.00    0.06    0.06    6.42 v _5281_/Y (sky130_fd_sc_hd__o41ai_2)
                                         _2302_ (net)
                  0.06    0.00    6.42 v place1235/A (sky130_fd_sc_hd__buf_4)
     2    0.01    0.04    0.15    6.58 v place1235/X (sky130_fd_sc_hd__buf_4)
                                         net1234 (net)
                  0.04    0.00    6.58 v _5430_/A2 (sky130_fd_sc_hd__a21oi_4)
     2    0.01    0.12    0.15    6.73 ^ _5430_/Y (sky130_fd_sc_hd__a21oi_4)
                                         _2443_ (net)
                  0.12    0.00    6.73 ^ _5431_/C (sky130_fd_sc_hd__nor3_1)
     1    0.01    0.05    0.07    6.80 v _5431_/Y (sky130_fd_sc_hd__nor3_1)
                                         _2444_ (net)
                  0.05    0.00    6.80 v _5432_/B1 (sky130_fd_sc_hd__a21oi_2)
     1    0.01    0.11    0.12    6.92 ^ _5432_/Y (sky130_fd_sc_hd__a21oi_2)
                                         _2445_ (net)
                  0.11    0.00    6.92 ^ _5433_/B (sky130_fd_sc_hd__nor2_2)
     1    0.01    0.07    0.06    6.98 v _5433_/Y (sky130_fd_sc_hd__nor2_2)
                                         _2446_ (net)
                  0.07    0.00    6.99 v _5439_/A (sky130_fd_sc_hd__nor3b_4)
     1    0.04    0.43    0.42    7.41 ^ _5439_/Y (sky130_fd_sc_hd__nor3b_4)
                                         _2452_ (net)
                  0.43    0.01    7.41 ^ place1175/A (sky130_fd_sc_hd__buf_6)
     3    0.03    0.07    0.19    7.60 ^ place1175/X (sky130_fd_sc_hd__buf_6)
                                         net1174 (net)
                  0.07    0.00    7.60 ^ _5717_/A (sky130_fd_sc_hd__inv_1)
     1    0.00    0.02    0.04    7.64 v _5717_/Y (sky130_fd_sc_hd__inv_1)
                                         net118 (net)
                  0.02    0.00    7.64 v output119/A (sky130_fd_sc_hd__clkdlybuf4s50_1)
     1    0.00    0.04    0.40    8.04 v output119/X (sky130_fd_sc_hd__clkdlybuf4s50_1)
                                         dmem_addr[29] (net)
                  0.04    0.00    8.04 v dmem_addr[29] (out)
                                  8.04   data arrival time

                         10.00   10.00   clock core_clock (rise edge)
                          0.00   10.00   clock network delay (propagated)
                          0.00   10.00   clock reconvergence pessimism
                         -2.00    8.00   output external delay
                                  8.00   data required time
-----------------------------------------------------------------------------
                                  8.00   data required time
                                 -8.04   data arrival time
-----------------------------------------------------------------------------
                                 -0.04   slack (VIOLATED)



==========================================================================
cts final report_checks -unconstrained
--------------------------------------------------------------------------
Startpoint: imem_rdata[20] (input port clocked by core_clock)
Endpoint: dmem_addr[29] (output port clocked by core_clock)
Path Group: core_clock
Path Type: max

Fanout     Cap    Slew   Delay    Time   Description
-----------------------------------------------------------------------------
                          0.00    0.00   clock core_clock (rise edge)
                          0.00    0.00   clock network delay (propagated)
                          2.00    2.00 ^ input external delay
     1    0.01    0.00    0.00    2.00 ^ imem_rdata[20] (in)
                                         imem_rdata[20] (net)
                  0.00    0.00    2.00 ^ input77/A (sky130_fd_sc_hd__buf_8)
     3    0.04    0.07    0.11    2.11 ^ input77/X (sky130_fd_sc_hd__buf_8)
                                         net76 (net)
                  0.07    0.00    2.11 ^ place1938/A (sky130_fd_sc_hd__buf_12)
     7    0.10    0.12    0.16    2.27 ^ place1938/X (sky130_fd_sc_hd__buf_12)
                                         net1937 (net)
                  0.13    0.02    2.28 ^ rebuffer2017/A (sky130_fd_sc_hd__buf_12)
     1    0.02    0.04    0.12    2.40 ^ rebuffer2017/X (sky130_fd_sc_hd__buf_12)
                                         net2016 (net)
                  0.04    0.00    2.40 ^ place1925/A (sky130_fd_sc_hd__buf_16)
     6    0.04    0.06    0.11    2.52 ^ place1925/X (sky130_fd_sc_hd__buf_16)
                                         net1924 (net)
                  0.06    0.00    2.52 ^ _5575_/S0 (sky130_fd_sc_hd__mux4_2)
     1    0.00    0.08    0.49    3.01 v _5575_/X (sky130_fd_sc_hd__mux4_2)
                                         _2559_ (net)
                  0.08    0.00    3.01 v _5577_/A2 (sky130_fd_sc_hd__mux4_2)
     1    0.00    0.08    0.46    3.47 v _5577_/X (sky130_fd_sc_hd__mux4_2)
                                         _2561_ (net)
                  0.08    0.00    3.47 v _5583_/A0 (sky130_fd_sc_hd__mux2i_1)
     1    0.01    0.16    0.16    3.63 ^ _5583_/Y (sky130_fd_sc_hd__mux2i_1)
                                         _2567_ (net)
                  0.16    0.00    3.63 ^ place1702/A (sky130_fd_sc_hd__buf_4)
     1    0.02    0.07    0.17    3.79 ^ place1702/X (sky130_fd_sc_hd__buf_4)
                                         net1701 (net)
                  0.07    0.00    3.80 ^ _5584_/B (sky130_fd_sc_hd__nor2_1)
     2    0.01    0.10    0.07    3.86 v _5584_/Y (sky130_fd_sc_hd__nor2_1)
                                         net158 (net)
                  0.10    0.00    3.86 v _5585_/A (sky130_fd_sc_hd__nand2_2)
     1    0.02    0.10    0.12    3.98 ^ _5585_/Y (sky130_fd_sc_hd__nand2_2)
                                         _2568_ (net)
                  0.10    0.00    3.99 ^ _5586_/B1_N (sky130_fd_sc_hd__a21boi_2)
     1    0.00    0.09    0.17    4.15 ^ _5586_/Y (sky130_fd_sc_hd__a21boi_2)
                                         _0059_ (net)
                  0.09    0.00    4.15 ^ place1526/A (sky130_fd_sc_hd__buf_4)
     2    0.01    0.04    0.13    4.28 ^ place1526/X (sky130_fd_sc_hd__buf_4)
                                         net1525 (net)
                  0.04    0.00    4.28 ^ _6418_/B (sky130_fd_sc_hd__ha_1)
     2    0.01    0.07    0.23    4.51 v _6418_/SUM (sky130_fd_sc_hd__ha_1)
                                         _0061_ (net)
                  0.07    0.00    4.51 v place1435/A (sky130_fd_sc_hd__buf_4)
     4    0.02    0.04    0.16    4.67 v place1435/X (sky130_fd_sc_hd__buf_4)
                                         net1434 (net)
                  0.04    0.00    4.67 v _4574_/A1 (sky130_fd_sc_hd__a22o_4)
     2    0.02    0.05    0.26    4.93 v _4574_/X (sky130_fd_sc_hd__a22o_4)
                                         _1618_ (net)
                  0.05    0.00    4.93 v _4575_/C (sky130_fd_sc_hd__nor4_4)
     2    0.01    0.30    0.29    5.22 ^ _4575_/Y (sky130_fd_sc_hd__nor4_4)
                                         _1619_ (net)
                  0.30    0.00    5.22 ^ _4579_/A1 (sky130_fd_sc_hd__a211oi_4)
     1    0.00    0.08    0.10    5.32 v _4579_/Y (sky130_fd_sc_hd__a211oi_4)
                                         _1623_ (net)
                  0.08    0.00    5.32 v rebuffer2013/A (sky130_fd_sc_hd__buf_6)
     2    0.03    0.04    0.15    5.47 v rebuffer2013/X (sky130_fd_sc_hd__buf_6)
                                         net2012 (net)
                  0.04    0.00    5.48 v _4642_/A2 (sky130_fd_sc_hd__o2111ai_2)
     2    0.01    0.18    0.18    5.65 ^ _4642_/Y (sky130_fd_sc_hd__o2111ai_2)
                                         _1684_ (net)
                  0.18    0.00    5.65 ^ _5162_/B1 (sky130_fd_sc_hd__o211ai_1)
     1    0.00    0.09    0.12    5.77 v _5162_/Y (sky130_fd_sc_hd__o211ai_1)
                                         _2188_ (net)
                  0.09    0.00    5.77 v rebuffer2001/A (sky130_fd_sc_hd__buf_4)
     3    0.02    0.05    0.18    5.95 v rebuffer2001/X (sky130_fd_sc_hd__buf_4)
                                         net2000 (net)
                  0.05    0.00    5.95 v _5276_/A3 (sky130_fd_sc_hd__a311oi_2)
     1    0.00    0.19    0.25    6.20 ^ _5276_/Y (sky130_fd_sc_hd__a311oi_2)
                                         _2297_ (net)
                  0.19    0.00    6.20 ^ place1241/A (sky130_fd_sc_hd__buf_4)
     2    0.01    0.05    0.16    6.36 ^ place1241/X (sky130_fd_sc_hd__buf_4)
                                         net1240 (net)
                  0.05    0.00    6.36 ^ _5281_/A3 (sky130_fd_sc_hd__o41ai_2)
     1    0.00    0.06    0.06    6.42 v _5281_/Y (sky130_fd_sc_hd__o41ai_2)
                                         _2302_ (net)
                  0.06    0.00    6.42 v place1235/A (sky130_fd_sc_hd__buf_4)
     2    0.01    0.04    0.15    6.58 v place1235/X (sky130_fd_sc_hd__buf_4)
                                         net1234 (net)
                  0.04    0.00    6.58 v _5430_/A2 (sky130_fd_sc_hd__a21oi_4)
     2    0.01    0.12    0.15    6.73 ^ _5430_/Y (sky130_fd_sc_hd__a21oi_4)
                                         _2443_ (net)
                  0.12    0.00    6.73 ^ _5431_/C (sky130_fd_sc_hd__nor3_1)
     1    0.01    0.05    0.07    6.80 v _5431_/Y (sky130_fd_sc_hd__nor3_1)
                                         _2444_ (net)
                  0.05    0.00    6.80 v _5432_/B1 (sky130_fd_sc_hd__a21oi_2)
     1    0.01    0.11    0.12    6.92 ^ _5432_/Y (sky130_fd_sc_hd__a21oi_2)
                                         _2445_ (net)
                  0.11    0.00    6.92 ^ _5433_/B (sky130_fd_sc_hd__nor2_2)
     1    0.01    0.07    0.06    6.98 v _5433_/Y (sky130_fd_sc_hd__nor2_2)
                                         _2446_ (net)
                  0.07    0.00    6.99 v _5439_/A (sky130_fd_sc_hd__nor3b_4)
     1    0.04    0.43    0.42    7.41 ^ _5439_/Y (sky130_fd_sc_hd__nor3b_4)
                                         _2452_ (net)
                  0.43    0.01    7.41 ^ place1175/A (sky130_fd_sc_hd__buf_6)
     3    0.03    0.07    0.19    7.60 ^ place1175/X (sky130_fd_sc_hd__buf_6)
                                         net1174 (net)
                  0.07    0.00    7.60 ^ _5717_/A (sky130_fd_sc_hd__inv_1)
     1    0.00    0.02    0.04    7.64 v _5717_/Y (sky130_fd_sc_hd__inv_1)
                                         net118 (net)
                  0.02    0.00    7.64 v output119/A (sky130_fd_sc_hd__clkdlybuf4s50_1)
     1    0.00    0.04    0.40    8.04 v output119/X (sky130_fd_sc_hd__clkdlybuf4s50_1)
                                         dmem_addr[29] (net)
                  0.04    0.00    8.04 v dmem_addr[29] (out)
                                  8.04   data arrival time

                         10.00   10.00   clock core_clock (rise edge)
                          0.00   10.00   clock network delay (propagated)
                          0.00   10.00   clock reconvergence pessimism
                         -2.00    8.00   output external delay
                                  8.00   data required time
-----------------------------------------------------------------------------
                                  8.00   data required time
                                 -8.04   data arrival time
-----------------------------------------------------------------------------
                                 -0.04   slack (VIOLATED)



==========================================================================
cts final report_check_types -max_slew -max_cap -max_fanout -violators
--------------------------------------------------------------------------

==========================================================================
cts final max_slew_check_slack
--------------------------------------------------------------------------
0.25479474663734436

==========================================================================
cts final max_slew_check_limit
--------------------------------------------------------------------------
1.4964489936828613

==========================================================================
cts final max_slew_check_slack_limit
--------------------------------------------------------------------------
0.1703

==========================================================================
cts final max_fanout_check_slack
--------------------------------------------------------------------------
1.0000000150474662e+30

==========================================================================
cts final max_fanout_check_limit
--------------------------------------------------------------------------
1.0000000150474662e+30

==========================================================================
cts final max_capacitance_check_slack
--------------------------------------------------------------------------
0.008256405591964722

==========================================================================
cts final max_capacitance_check_limit
--------------------------------------------------------------------------
0.021067000925540924

==========================================================================
cts final max_capacitance_check_slack_limit
--------------------------------------------------------------------------
0.3919

==========================================================================
cts final max_slew_violation_count
--------------------------------------------------------------------------
max slew violation count 0

==========================================================================
cts final max_fanout_violation_count
--------------------------------------------------------------------------
max fanout violation count 0

==========================================================================
cts final max_cap_violation_count
--------------------------------------------------------------------------
max cap violation count 0

==========================================================================
cts final setup_violation_count
--------------------------------------------------------------------------
setup violation count 1

==========================================================================
cts final hold_violation_count
--------------------------------------------------------------------------
hold violation count 0

==========================================================================
cts final report_checks -path_delay max reg to reg
--------------------------------------------------------------------------
Startpoint: rf.regs[31][4]$_DFFE_PP_
            (rising edge-triggered flip-flop clocked by core_clock)
Endpoint: pc_unit.pc_out[27]$_SDFF_PP0_
          (rising edge-triggered flip-flop clocked by core_clock)
Path Group: core_clock
Path Type: max

  Delay    Time   Description
---------------------------------------------------------
   0.00    0.00   clock core_clock (rise edge)
   0.00    0.00   clock source latency
   0.00    0.00 ^ clk (in)
   0.25    0.25 ^ clkbuf_0_clk/X (sky130_fd_sc_hd__clkbuf_16)
   0.33    0.58 ^ clkbuf_3_4__f_clk/X (sky130_fd_sc_hd__clkbuf_16)
   0.21    0.79 ^ clkbuf_leaf_21_clk/X (sky130_fd_sc_hd__clkbuf_16)
   0.00    0.79 ^ rf.regs[31][4]$_DFFE_PP_/CLK (sky130_fd_sc_hd__edfxtp_1)
   0.39    1.18 v rf.regs[31][4]$_DFFE_PP_/Q (sky130_fd_sc_hd__edfxtp_1)
   0.47    1.65 v _3392_/X (sky130_fd_sc_hd__mux4_2)
   0.16    1.81 ^ _3394_/Y (sky130_fd_sc_hd__mux2i_1)
   0.15    1.97 ^ place1754/X (sky130_fd_sc_hd__buf_4)
   0.08    2.04 v _3396_/Y (sky130_fd_sc_hd__nor2b_1)
   0.38    2.42 ^ _3437_/Y (sky130_fd_sc_hd__o211ai_1)
   0.15    2.57 v _3438_/Y (sky130_fd_sc_hd__inv_1)
   0.27    2.84 ^ _3451_/Y (sky130_fd_sc_hd__a21boi_4)
   0.15    3.00 ^ place1561/X (sky130_fd_sc_hd__buf_4)
   0.26    3.26 v _6399_/SUM (sky130_fd_sc_hd__ha_1)
   0.19    3.45 v _4455_/X (sky130_fd_sc_hd__and2_1)
   0.38    3.82 v _4459_/X (sky130_fd_sc_hd__a221o_1)
   0.19    4.02 ^ _4463_/Y (sky130_fd_sc_hd__a32oi_1)
   0.16    4.17 ^ place1254/X (sky130_fd_sc_hd__buf_4)
   0.08    4.25 v _4703_/Y (sky130_fd_sc_hd__o21ai_0)
   0.18    4.43 ^ _4704_/Y (sky130_fd_sc_hd__a21oi_1)
   0.22    4.66 ^ _4705_/X (sky130_fd_sc_hd__xor2_1)
   0.15    4.81 v _4709_/Y (sky130_fd_sc_hd__o221ai_1)
   0.40    5.21 v _4723_/X (sky130_fd_sc_hd__a2111o_1)
   0.30    5.50 v _4736_/X (sky130_fd_sc_hd__a211o_1)
   0.50    6.00 v _4797_/X (sky130_fd_sc_hd__or4_1)
   0.51    6.51 v _4891_/X (sky130_fd_sc_hd__or4_1)
   0.35    6.86 v _5077_/X (sky130_fd_sc_hd__or3_1)
   0.49    7.35 v _5241_/X (sky130_fd_sc_hd__or4_1)
   0.28    7.63 ^ _5455_/Y (sky130_fd_sc_hd__nor3_2)
   0.29    7.92 v _6527_/SUM (sky130_fd_sc_hd__ha_1)
   0.14    8.06 v place1159/X (sky130_fd_sc_hd__buf_4)
   0.17    8.23 ^ _6081_/Y (sky130_fd_sc_hd__o21ai_2)
   0.23    8.46 ^ place1158/X (sky130_fd_sc_hd__buf_12)
   0.10    8.56 v _6174_/Y (sky130_fd_sc_hd__nand2b_1)
   0.26    8.83 ^ _6179_/Y (sky130_fd_sc_hd__o32ai_1)
   0.00    8.83 ^ pc_unit.pc_out[27]$_SDFF_PP0_/D (sky130_fd_sc_hd__dfxtp_1)
           8.83   data arrival time

  10.00   10.00   clock core_clock (rise edge)
   0.00   10.00   clock source latency
   0.00   10.00 ^ clk (in)
   0.25   10.25 ^ clkbuf_0_clk/X (sky130_fd_sc_hd__clkbuf_16)
   0.31   10.56 ^ clkbuf_3_7__f_clk/X (sky130_fd_sc_hd__clkbuf_16)
   0.20   10.76 ^ clkbuf_leaf_58_clk/X (sky130_fd_sc_hd__clkbuf_16)
   0.00   10.76 ^ pc_unit.pc_out[27]$_SDFF_PP0_/CLK (sky130_fd_sc_hd__dfxtp_1)
   0.00   10.76   clock reconvergence pessimism
  -0.09   10.67   library setup time
          10.67   data required time
---------------------------------------------------------
          10.67   data required time
          -8.83   data arrival time
---------------------------------------------------------
           1.84   slack (MET)



==========================================================================
cts final report_checks -path_delay min reg to reg
--------------------------------------------------------------------------
Startpoint: pc_unit.pc_out[0]$_SDFFE_PP0P_
            (rising edge-triggered flip-flop clocked by core_clock)
Endpoint: pc_unit.pc_out[0]$_SDFFE_PP0P_
          (rising edge-triggered flip-flop clocked by core_clock)
Path Group: core_clock
Path Type: min

  Delay    Time   Description
---------------------------------------------------------
   0.00    0.00   clock core_clock (rise edge)
   0.00    0.00   clock source latency
   0.00    0.00 ^ clk (in)
   0.25    0.25 ^ clkbuf_0_clk/X (sky130_fd_sc_hd__clkbuf_16)
   0.31    0.56 ^ clkbuf_3_7__f_clk/X (sky130_fd_sc_hd__clkbuf_16)
   0.20    0.76 ^ clkbuf_leaf_58_clk/X (sky130_fd_sc_hd__clkbuf_16)
   0.00    0.76 ^ pc_unit.pc_out[0]$_SDFFE_PP0P_/CLK (sky130_fd_sc_hd__dfxtp_1)
   0.38    1.14 v pc_unit.pc_out[0]$_SDFFE_PP0P_/Q (sky130_fd_sc_hd__dfxtp_1)
   0.09    1.23 ^ _6079_/Y (sky130_fd_sc_hd__nand2_1)
   0.05    1.28 v _6085_/Y (sky130_fd_sc_hd__a21oi_1)
   0.00    1.28 v pc_unit.pc_out[0]$_SDFFE_PP0P_/D (sky130_fd_sc_hd__dfxtp_1)
           1.28   data arrival time

   0.00    0.00   clock core_clock (rise edge)
   0.00    0.00   clock source latency
   0.00    0.00 ^ clk (in)
   0.25    0.25 ^ clkbuf_0_clk/X (sky130_fd_sc_hd__clkbuf_16)
   0.31    0.56 ^ clkbuf_3_7__f_clk/X (sky130_fd_sc_hd__clkbuf_16)
   0.20    0.76 ^ clkbuf_leaf_58_clk/X (sky130_fd_sc_hd__clkbuf_16)
   0.00    0.76 ^ pc_unit.pc_out[0]$_SDFFE_PP0P_/CLK (sky130_fd_sc_hd__dfxtp_1)
   0.00    0.76   clock reconvergence pessimism
  -0.05    0.71   library hold time
           0.71   data required time
---------------------------------------------------------
           0.71   data required time
          -1.28   data arrival time
---------------------------------------------------------
           0.56   slack (MET)



==========================================================================
cts final critical path target clock latency max path
--------------------------------------------------------------------------
0.7589

==========================================================================
cts final critical path target clock latency min path
--------------------------------------------------------------------------
0.7564

==========================================================================
cts final critical path source clock latency min path
--------------------------------------------------------------------------
0.0000

==========================================================================
cts final critical path delay
--------------------------------------------------------------------------
8.0436

==========================================================================
cts final critical path slack
--------------------------------------------------------------------------
-0.0436

==========================================================================
cts final slack div critical path delay
--------------------------------------------------------------------------
-0.542046

==========================================================================
cts final report_power
--------------------------------------------------------------------------
Group                  Internal  Switching    Leakage      Total
                          Power      Power      Power      Power (Watts)
----------------------------------------------------------------
Sequential             5.55e-03   2.19e-05   9.47e-09   5.57e-03  39.9%
Combinational          1.74e-03   2.52e-03   1.62e-08   4.26e-03  30.5%
Clock                  2.31e-03   1.81e-03   1.70e-09   4.12e-03  29.5%
Macro                  0.00e+00   0.00e+00   0.00e+00   0.00e+00   0.0%
Pad                    0.00e+00   0.00e+00   0.00e+00   0.00e+00   0.0%
----------------------------------------------------------------
Total                  9.61e-03   4.35e-03   2.74e-08   1.40e-02 100.0%
                          68.9%      31.1%       0.0%
