
==========================================================================
finish report_tns
--------------------------------------------------------------------------
tns max -0.04

==========================================================================
finish report_wns
--------------------------------------------------------------------------
wns max -0.04

==========================================================================
finish report_worst_slack
--------------------------------------------------------------------------
worst slack max -0.04

==========================================================================
finish report_clock_min_period
--------------------------------------------------------------------------
core_clock period_min = 10.04 fmax = 99.62

==========================================================================
finish report_clock_skew
--------------------------------------------------------------------------
Clock core_clock
   0.69 source latency rf.regs[10][11]$_DFFE_PP_/CLK ^
  -0.75 target latency rf.regs[4][29]$_DFFE_PP_/CLK ^
   0.00 CRPR
--------------
  -0.07 setup skew


==========================================================================
finish report_checks -path_delay min
--------------------------------------------------------------------------
Startpoint: pc_unit.pc_out[0]$_SDFFE_PP0P_
            (rising edge-triggered flip-flop clocked by core_clock)
Endpoint: pc_unit.pc_out[0]$_SDFFE_PP0P_
          (rising edge-triggered flip-flop clocked by core_clock)
Path Group: core_clock
Path Type: min

Fanout     Cap    Slew   Delay    Time   Description
-----------------------------------------------------------------------------
                          0.00    0.00   clock core_clock (rise edge)
                          0.00    0.00   clock source latency
     1    0.06    0.00    0.00    0.00 ^ clk (in)
                                         clk (net)
                  0.00    0.00    0.00 ^ clkbuf_0_clk/A (sky130_fd_sc_hd__clkbuf_16)
     8    0.18    0.20    0.23    0.23 ^ clkbuf_0_clk/X (sky130_fd_sc_hd__clkbuf_16)
                                         clknet_0_clk (net)
                  0.20    0.00    0.23 ^ clkbuf_3_7__f_clk/A (sky130_fd_sc_hd__clkbuf_16)
    10    0.18    0.19    0.29    0.53 ^ clkbuf_3_7__f_clk/X (sky130_fd_sc_hd__clkbuf_16)
                                         clknet_3_7__leaf_clk (net)
                  0.19    0.00    0.53 ^ clkbuf_leaf_58_clk/A (sky130_fd_sc_hd__clkbuf_16)
     9    0.04    0.06    0.19    0.72 ^ clkbuf_leaf_58_clk/X (sky130_fd_sc_hd__clkbuf_16)
                                         clknet_leaf_58_clk (net)
                  0.06    0.00    0.72 ^ pc_unit.pc_out[0]$_SDFFE_PP0P_/CLK (sky130_fd_sc_hd__dfxtp_1)
     4    0.03    0.13    0.38    1.11 v pc_unit.pc_out[0]$_SDFFE_PP0P_/Q (sky130_fd_sc_hd__dfxtp_1)
                                         net162 (net)
                  0.13    0.00    1.11 v _6079_/A (sky130_fd_sc_hd__nand2_1)
     1    0.00    0.05    0.09    1.19 ^ _6079_/Y (sky130_fd_sc_hd__nand2_1)
                                         _2928_ (net)
                  0.05    0.00    1.19 ^ _6085_/A1 (sky130_fd_sc_hd__a21oi_1)
     1    0.00    0.04    0.05    1.24 v _6085_/Y (sky130_fd_sc_hd__a21oi_1)
                                         _0276_ (net)
                  0.04    0.00    1.24 v pc_unit.pc_out[0]$_SDFFE_PP0P_/D (sky130_fd_sc_hd__dfxtp_1)
                                  1.24   data arrival time

                          0.00    0.00   clock core_clock (rise edge)
                          0.00    0.00   clock source latency
     1    0.06    0.00    0.00    0.00 ^ clk (in)
                                         clk (net)
                  0.00    0.00    0.00 ^ clkbuf_0_clk/A (sky130_fd_sc_hd__clkbuf_16)
     8    0.18    0.20    0.23    0.23 ^ clkbuf_0_clk/X (sky130_fd_sc_hd__clkbuf_16)
                                         clknet_0_clk (net)
                  0.20    0.00    0.23 ^ clkbuf_3_7__f_clk/A (sky130_fd_sc_hd__clkbuf_16)
    10    0.18    0.19    0.29    0.53 ^ clkbuf_3_7__f_clk/X (sky130_fd_sc_hd__clkbuf_16)
                                         clknet_3_7__leaf_clk (net)
                  0.19    0.00    0.53 ^ clkbuf_leaf_58_clk/A (sky130_fd_sc_hd__clkbuf_16)
     9    0.04    0.06    0.19    0.72 ^ clkbuf_leaf_58_clk/X (sky130_fd_sc_hd__clkbuf_16)
                                         clknet_leaf_58_clk (net)
                  0.06    0.00    0.72 ^ pc_unit.pc_out[0]$_SDFFE_PP0P_/CLK (sky130_fd_sc_hd__dfxtp_1)
                          0.00    0.72   clock reconvergence pessimism
                         -0.05    0.68   library hold time
                                  0.68   data required time
-----------------------------------------------------------------------------
                                  0.68   data required time
                                 -1.24   data arrival time
-----------------------------------------------------------------------------
                                  0.57   slack (MET)



==========================================================================
finish report_checks -path_delay max
--------------------------------------------------------------------------
Startpoint: imem_rdata[20] (input port clocked by core_clock)
Endpoint: dmem_addr[29] (output port clocked by core_clock)
Path Group: core_clock
Path Type: max

Fanout     Cap    Slew   Delay    Time   Description
-----------------------------------------------------------------------------
                          0.00    0.00   clock core_clock (rise edge)
                          0.00    0.00   clock network delay (propagated)
                          2.00    2.00 ^ input external delay
     1    0.01    0.00    0.00    2.00 ^ imem_rdata[20] (in)
                                         imem_rdata[20] (net)
                  0.00    0.00    2.00 ^ input77/A (sky130_fd_sc_hd__buf_8)
     3    0.04    0.07    0.10    2.10 ^ input77/X (sky130_fd_sc_hd__buf_8)
                                         net76 (net)
                  0.07    0.00    2.10 ^ place1938/A (sky130_fd_sc_hd__buf_12)
     6    0.09    0.11    0.15    2.25 ^ place1938/X (sky130_fd_sc_hd__buf_12)
                                         net1937 (net)
                  0.11    0.01    2.27 ^ rebuffer1999/A (sky130_fd_sc_hd__buf_6)
     2    0.02    0.04    0.12    2.39 ^ rebuffer1999/X (sky130_fd_sc_hd__buf_6)
                                         net1998 (net)
                  0.04    0.00    2.39 ^ clone2008/A (sky130_fd_sc_hd__bufbuf_16)
     4    0.03    0.05    0.25    2.64 ^ clone2008/X (sky130_fd_sc_hd__bufbuf_16)
                                         net2007 (net)
                  0.05    0.00    2.64 ^ _5509_/S0 (sky130_fd_sc_hd__mux4_2)
     1    0.00    0.08    0.48    3.13 v _5509_/X (sky130_fd_sc_hd__mux4_2)
                                         _2508_ (net)
                  0.08    0.00    3.13 v _5512_/A1 (sky130_fd_sc_hd__mux4_2)
     1    0.01    0.11    0.51    3.64 v _5512_/X (sky130_fd_sc_hd__mux4_2)
                                         _2511_ (net)
                  0.11    0.00    3.64 v _5518_/A0 (sky130_fd_sc_hd__mux2i_4)
     1    0.02    0.23    0.24    3.87 ^ _5518_/Y (sky130_fd_sc_hd__mux2i_4)
                                         _2517_ (net)
                  0.23    0.00    3.88 ^ _5519_/B (sky130_fd_sc_hd__nor2_2)
     2    0.01    0.08    0.08    3.95 v _5519_/Y (sky130_fd_sc_hd__nor2_2)
                                         net156 (net)
                  0.08    0.00    3.95 v _5520_/B (sky130_fd_sc_hd__nand2_2)
     1    0.02    0.11    0.13    4.08 ^ _5520_/Y (sky130_fd_sc_hd__nand2_2)
                                         _2518_ (net)
                  0.11    0.00    4.08 ^ _5521_/B1_N (sky130_fd_sc_hd__a21boi_4)
     2    0.01    0.13    0.21    4.29 ^ _5521_/Y (sky130_fd_sc_hd__a21boi_4)
                                         _0052_ (net)
                  0.13    0.00    4.29 ^ place1530/A (sky130_fd_sc_hd__buf_6)
     2    0.01    0.03    0.12    4.40 ^ place1530/X (sky130_fd_sc_hd__buf_6)
                                         net1529 (net)
                  0.03    0.00    4.40 ^ rebuffer2018/A (sky130_fd_sc_hd__buf_4)
     1    0.00    0.03    0.09    4.50 ^ rebuffer2018/X (sky130_fd_sc_hd__buf_4)
                                         net2017 (net)
                  0.03    0.00    4.50 ^ _5522_/A (sky130_fd_sc_hd__inv_1)
     1    0.00    0.02    0.03    4.53 v _5522_/Y (sky130_fd_sc_hd__inv_1)
                                         alu_b[5] (net)
                  0.02    0.00    4.53 v _6432_/B (sky130_fd_sc_hd__ha_2)
     2    0.01    0.05    0.18    4.71 v _6432_/COUT (sky130_fd_sc_hd__ha_2)
                                         _0090_ (net)
                  0.05    0.00    4.71 v place1326/A (sky130_fd_sc_hd__buf_6)
     4    0.01    0.03    0.12    4.83 v place1326/X (sky130_fd_sc_hd__buf_6)
                                         net1325 (net)
                  0.03    0.00    4.83 v _4588_/B (sky130_fd_sc_hd__nor3_2)
     1    0.01    0.15    0.16    5.00 ^ _4588_/Y (sky130_fd_sc_hd__nor3_2)
                                         _1632_ (net)
                  0.15    0.00    5.00 ^ _4589_/B1 (sky130_fd_sc_hd__o21ai_2)
     2    0.01    0.07    0.08    5.08 v _4589_/Y (sky130_fd_sc_hd__o21ai_2)
                                         _1633_ (net)
                  0.07    0.00    5.08 v _4593_/C (sky130_fd_sc_hd__and3_4)
     2    0.02    0.05    0.21    5.29 v _4593_/X (sky130_fd_sc_hd__and3_4)
                                         _1637_ (net)
                  0.05    0.00    5.29 v _4597_/A1 (sky130_fd_sc_hd__o31ai_4)
     1    0.01    0.18    0.24    5.54 ^ _4597_/Y (sky130_fd_sc_hd__o31ai_4)
                                         _1641_ (net)
                  0.18    0.00    5.54 ^ place1252/A (sky130_fd_sc_hd__buf_6)
     2    0.03    0.06    0.15    5.69 ^ place1252/X (sky130_fd_sc_hd__buf_6)
                                         net1251 (net)
                  0.06    0.00    5.69 ^ _4634_/A2 (sky130_fd_sc_hd__a2111oi_4)
     2    0.01    0.08    0.09    5.78 v _4634_/Y (sky130_fd_sc_hd__a2111oi_4)
                                         _1676_ (net)
                  0.08    0.00    5.78 v _5155_/A2 (sky130_fd_sc_hd__o31ai_2)
     2    0.01    0.31    0.33    6.11 ^ _5155_/Y (sky130_fd_sc_hd__o31ai_2)
                                         _2181_ (net)
                  0.31    0.00    6.11 ^ _5158_/A2 (sky130_fd_sc_hd__o21ai_2)
     2    0.01    0.07    0.10    6.21 v _5158_/Y (sky130_fd_sc_hd__o21ai_2)
                                         _2184_ (net)
                  0.07    0.00    6.21 v _5272_/A1 (sky130_fd_sc_hd__a31o_2)
     2    0.01    0.05    0.23    6.44 v _5272_/X (sky130_fd_sc_hd__a31o_2)
                                         _2293_ (net)
                  0.05    0.00    6.44 v _5435_/A1 (sky130_fd_sc_hd__a211oi_2)
     1    0.00    0.16    0.18    6.62 ^ _5435_/Y (sky130_fd_sc_hd__a211oi_2)
                                         _2448_ (net)
                  0.16    0.00    6.62 ^ _5436_/A1 (sky130_fd_sc_hd__o21bai_1)
     1    0.01    0.07    0.11    6.73 v _5436_/Y (sky130_fd_sc_hd__o21bai_1)
                                         _2449_ (net)
                  0.07    0.00    6.73 v _5437_/A (sky130_fd_sc_hd__xnor2_1)
     1    0.01    0.07    0.15    6.88 v _5437_/Y (sky130_fd_sc_hd__xnor2_1)
                                         _2450_ (net)
                  0.07    0.00    6.88 v _5438_/B (sky130_fd_sc_hd__nand2_1)
     1    0.00    0.10    0.08    6.96 ^ _5438_/Y (sky130_fd_sc_hd__nand2_1)
                                         _2451_ (net)
                  0.10    0.00    6.96 ^ _5439_/C_N (sky130_fd_sc_hd__nor3b_4)
     1    0.04    0.47    0.44    7.40 ^ _5439_/Y (sky130_fd_sc_hd__nor3b_4)
                                         _2452_ (net)
                  0.47    0.00    7.41 ^ place1175/A (sky130_fd_sc_hd__buf_6)
     3    0.02    0.06    0.19    7.60 ^ place1175/X (sky130_fd_sc_hd__buf_6)
                                         net1174 (net)
                  0.06    0.00    7.60 ^ _5717_/A (sky130_fd_sc_hd__inv_1)
     1    0.00    0.02    0.04    7.64 v _5717_/Y (sky130_fd_sc_hd__inv_1)
                                         net118 (net)
                  0.02    0.00    7.64 v output119/A (sky130_fd_sc_hd__clkdlybuf4s50_1)
     1    0.00    0.04    0.40    8.04 v output119/X (sky130_fd_sc_hd__clkdlybuf4s50_1)
                                         dmem_addr[29] (net)
                  0.04    0.00    8.04 v dmem_addr[29] (out)
                                  8.04   data arrival time

                         10.00   10.00   clock core_clock (rise edge)
                          0.00   10.00   clock network delay (propagated)
                          0.00   10.00   clock reconvergence pessimism
                         -2.00    8.00   output external delay
                                  8.00   data required time
-----------------------------------------------------------------------------
                                  8.00   data required time
                                 -8.04   data arrival time
-----------------------------------------------------------------------------
                                 -0.04   slack (VIOLATED)



==========================================================================
finish report_checks -unconstrained
--------------------------------------------------------------------------
Startpoint: imem_rdata[20] (input port clocked by core_clock)
Endpoint: dmem_addr[29] (output port clocked by core_clock)
Path Group: core_clock
Path Type: max

Fanout     Cap    Slew   Delay    Time   Description
-----------------------------------------------------------------------------
                          0.00    0.00   clock core_clock (rise edge)
                          0.00    0.00   clock network delay (propagated)
                          2.00    2.00 ^ input external delay
     1    0.01    0.00    0.00    2.00 ^ imem_rdata[20] (in)
                                         imem_rdata[20] (net)
                  0.00    0.00    2.00 ^ input77/A (sky130_fd_sc_hd__buf_8)
     3    0.04    0.07    0.10    2.10 ^ input77/X (sky130_fd_sc_hd__buf_8)
                                         net76 (net)
                  0.07    0.00    2.10 ^ place1938/A (sky130_fd_sc_hd__buf_12)
     6    0.09    0.11    0.15    2.25 ^ place1938/X (sky130_fd_sc_hd__buf_12)
                                         net1937 (net)
                  0.11    0.01    2.27 ^ rebuffer1999/A (sky130_fd_sc_hd__buf_6)
     2    0.02    0.04    0.12    2.39 ^ rebuffer1999/X (sky130_fd_sc_hd__buf_6)
                                         net1998 (net)
                  0.04    0.00    2.39 ^ clone2008/A (sky130_fd_sc_hd__bufbuf_16)
     4    0.03    0.05    0.25    2.64 ^ clone2008/X (sky130_fd_sc_hd__bufbuf_16)
                                         net2007 (net)
                  0.05    0.00    2.64 ^ _5509_/S0 (sky130_fd_sc_hd__mux4_2)
     1    0.00    0.08    0.48    3.13 v _5509_/X (sky130_fd_sc_hd__mux4_2)
                                         _2508_ (net)
                  0.08    0.00    3.13 v _5512_/A1 (sky130_fd_sc_hd__mux4_2)
     1    0.01    0.11    0.51    3.64 v _5512_/X (sky130_fd_sc_hd__mux4_2)
                                         _2511_ (net)
                  0.11    0.00    3.64 v _5518_/A0 (sky130_fd_sc_hd__mux2i_4)
     1    0.02    0.23    0.24    3.87 ^ _5518_/Y (sky130_fd_sc_hd__mux2i_4)
                                         _2517_ (net)
                  0.23    0.00    3.88 ^ _5519_/B (sky130_fd_sc_hd__nor2_2)
     2    0.01    0.08    0.08    3.95 v _5519_/Y (sky130_fd_sc_hd__nor2_2)
                                         net156 (net)
                  0.08    0.00    3.95 v _5520_/B (sky130_fd_sc_hd__nand2_2)
     1    0.02    0.11    0.13    4.08 ^ _5520_/Y (sky130_fd_sc_hd__nand2_2)
                                         _2518_ (net)
                  0.11    0.00    4.08 ^ _5521_/B1_N (sky130_fd_sc_hd__a21boi_4)
     2    0.01    0.13    0.21    4.29 ^ _5521_/Y (sky130_fd_sc_hd__a21boi_4)
                                         _0052_ (net)
                  0.13    0.00    4.29 ^ place1530/A (sky130_fd_sc_hd__buf_6)
     2    0.01    0.03    0.12    4.40 ^ place1530/X (sky130_fd_sc_hd__buf_6)
                                         net1529 (net)
                  0.03    0.00    4.40 ^ rebuffer2018/A (sky130_fd_sc_hd__buf_4)
     1    0.00    0.03    0.09    4.50 ^ rebuffer2018/X (sky130_fd_sc_hd__buf_4)
                                         net2017 (net)
                  0.03    0.00    4.50 ^ _5522_/A (sky130_fd_sc_hd__inv_1)
     1    0.00    0.02    0.03    4.53 v _5522_/Y (sky130_fd_sc_hd__inv_1)
                                         alu_b[5] (net)
                  0.02    0.00    4.53 v _6432_/B (sky130_fd_sc_hd__ha_2)
     2    0.01    0.05    0.18    4.71 v _6432_/COUT (sky130_fd_sc_hd__ha_2)
                                         _0090_ (net)
                  0.05    0.00    4.71 v place1326/A (sky130_fd_sc_hd__buf_6)
     4    0.01    0.03    0.12    4.83 v place1326/X (sky130_fd_sc_hd__buf_6)
                                         net1325 (net)
                  0.03    0.00    4.83 v _4588_/B (sky130_fd_sc_hd__nor3_2)
     1    0.01    0.15    0.16    5.00 ^ _4588_/Y (sky130_fd_sc_hd__nor3_2)
                                         _1632_ (net)
                  0.15    0.00    5.00 ^ _4589_/B1 (sky130_fd_sc_hd__o21ai_2)
     2    0.01    0.07    0.08    5.08 v _4589_/Y (sky130_fd_sc_hd__o21ai_2)
                                         _1633_ (net)
                  0.07    0.00    5.08 v _4593_/C (sky130_fd_sc_hd__and3_4)
     2    0.02    0.05    0.21    5.29 v _4593_/X (sky130_fd_sc_hd__and3_4)
                                         _1637_ (net)
                  0.05    0.00    5.29 v _4597_/A1 (sky130_fd_sc_hd__o31ai_4)
     1    0.01    0.18    0.24    5.54 ^ _4597_/Y (sky130_fd_sc_hd__o31ai_4)
                                         _1641_ (net)
                  0.18    0.00    5.54 ^ place1252/A (sky130_fd_sc_hd__buf_6)
     2    0.03    0.06    0.15    5.69 ^ place1252/X (sky130_fd_sc_hd__buf_6)
                                         net1251 (net)
                  0.06    0.00    5.69 ^ _4634_/A2 (sky130_fd_sc_hd__a2111oi_4)
     2    0.01    0.08    0.09    5.78 v _4634_/Y (sky130_fd_sc_hd__a2111oi_4)
                                         _1676_ (net)
                  0.08    0.00    5.78 v _5155_/A2 (sky130_fd_sc_hd__o31ai_2)
     2    0.01    0.31    0.33    6.11 ^ _5155_/Y (sky130_fd_sc_hd__o31ai_2)
                                         _2181_ (net)
                  0.31    0.00    6.11 ^ _5158_/A2 (sky130_fd_sc_hd__o21ai_2)
     2    0.01    0.07    0.10    6.21 v _5158_/Y (sky130_fd_sc_hd__o21ai_2)
                                         _2184_ (net)
                  0.07    0.00    6.21 v _5272_/A1 (sky130_fd_sc_hd__a31o_2)
     2    0.01    0.05    0.23    6.44 v _5272_/X (sky130_fd_sc_hd__a31o_2)
                                         _2293_ (net)
                  0.05    0.00    6.44 v _5435_/A1 (sky130_fd_sc_hd__a211oi_2)
     1    0.00    0.16    0.18    6.62 ^ _5435_/Y (sky130_fd_sc_hd__a211oi_2)
                                         _2448_ (net)
                  0.16    0.00    6.62 ^ _5436_/A1 (sky130_fd_sc_hd__o21bai_1)
     1    0.01    0.07    0.11    6.73 v _5436_/Y (sky130_fd_sc_hd__o21bai_1)
                                         _2449_ (net)
                  0.07    0.00    6.73 v _5437_/A (sky130_fd_sc_hd__xnor2_1)
     1    0.01    0.07    0.15    6.88 v _5437_/Y (sky130_fd_sc_hd__xnor2_1)
                                         _2450_ (net)
                  0.07    0.00    6.88 v _5438_/B (sky130_fd_sc_hd__nand2_1)
     1    0.00    0.10    0.08    6.96 ^ _5438_/Y (sky130_fd_sc_hd__nand2_1)
                                         _2451_ (net)
                  0.10    0.00    6.96 ^ _5439_/C_N (sky130_fd_sc_hd__nor3b_4)
     1    0.04    0.47    0.44    7.40 ^ _5439_/Y (sky130_fd_sc_hd__nor3b_4)
                                         _2452_ (net)
                  0.47    0.00    7.41 ^ place1175/A (sky130_fd_sc_hd__buf_6)
     3    0.02    0.06    0.19    7.60 ^ place1175/X (sky130_fd_sc_hd__buf_6)
                                         net1174 (net)
                  0.06    0.00    7.60 ^ _5717_/A (sky130_fd_sc_hd__inv_1)
     1    0.00    0.02    0.04    7.64 v _5717_/Y (sky130_fd_sc_hd__inv_1)
                                         net118 (net)
                  0.02    0.00    7.64 v output119/A (sky130_fd_sc_hd__clkdlybuf4s50_1)
     1    0.00    0.04    0.40    8.04 v output119/X (sky130_fd_sc_hd__clkdlybuf4s50_1)
                                         dmem_addr[29] (net)
                  0.04    0.00    8.04 v dmem_addr[29] (out)
                                  8.04   data arrival time

                         10.00   10.00   clock core_clock (rise edge)
                          0.00   10.00   clock network delay (propagated)
                          0.00   10.00   clock reconvergence pessimism
                         -2.00    8.00   output external delay
                                  8.00   data required time
-----------------------------------------------------------------------------
                                  8.00   data required time
                                 -8.04   data arrival time
-----------------------------------------------------------------------------
                                 -0.04   slack (VIOLATED)



==========================================================================
finish report_check_types -max_slew -max_cap -max_fanout -violators
--------------------------------------------------------------------------

==========================================================================
finish max_slew_check_slack
--------------------------------------------------------------------------
0.20414404571056366

==========================================================================
finish max_slew_check_limit
--------------------------------------------------------------------------
1.5

==========================================================================
finish max_slew_check_slack_limit
--------------------------------------------------------------------------
0.1361

==========================================================================
finish max_fanout_check_slack
--------------------------------------------------------------------------
1.0000000150474662e+30

==========================================================================
finish max_fanout_check_limit
--------------------------------------------------------------------------
1.0000000150474662e+30

==========================================================================
finish max_capacitance_check_slack
--------------------------------------------------------------------------
0.006918439641594887

==========================================================================
finish max_capacitance_check_limit
--------------------------------------------------------------------------
0.021067000925540924

==========================================================================
finish max_capacitance_check_slack_limit
--------------------------------------------------------------------------
0.3284

==========================================================================
finish max_slew_violation_count
--------------------------------------------------------------------------
max slew violation count 0

==========================================================================
finish max_fanout_violation_count
--------------------------------------------------------------------------
max fanout violation count 0

==========================================================================
finish max_cap_violation_count
--------------------------------------------------------------------------
max cap violation count 0

==========================================================================
finish setup_violation_count
--------------------------------------------------------------------------
setup violation count 1

==========================================================================
finish hold_violation_count
--------------------------------------------------------------------------
hold violation count 0

==========================================================================
finish report_checks -path_delay max reg to reg
--------------------------------------------------------------------------
Startpoint: rf.regs[31][4]$_DFFE_PP_
            (rising edge-triggered flip-flop clocked by core_clock)
Endpoint: pc_unit.pc_out[31]$_SDFF_PP0_
          (rising edge-triggered flip-flop clocked by core_clock)
Path Group: core_clock
Path Type: max

  Delay    Time   Description
---------------------------------------------------------
   0.00    0.00   clock core_clock (rise edge)
   0.00    0.00   clock source latency
   0.00    0.00 ^ clk (in)
   0.23    0.23 ^ clkbuf_0_clk/X (sky130_fd_sc_hd__clkbuf_16)
   0.31    0.54 ^ clkbuf_3_4__f_clk/X (sky130_fd_sc_hd__clkbuf_16)
   0.20    0.74 ^ clkbuf_leaf_21_clk/X (sky130_fd_sc_hd__clkbuf_16)
   0.00    0.75 ^ rf.regs[31][4]$_DFFE_PP_/CLK (sky130_fd_sc_hd__edfxtp_1)
   0.39    1.14 v rf.regs[31][4]$_DFFE_PP_/Q (sky130_fd_sc_hd__edfxtp_1)
   0.47    1.61 v _3392_/X (sky130_fd_sc_hd__mux4_2)
   0.17    1.78 ^ _3394_/Y (sky130_fd_sc_hd__mux2i_1)
   0.16    1.94 ^ place1754/X (sky130_fd_sc_hd__buf_4)
   0.08    2.02 v _3396_/Y (sky130_fd_sc_hd__nor2b_1)
   0.41    2.43 ^ _3437_/Y (sky130_fd_sc_hd__o211ai_1)
   0.17    2.60 v _3438_/Y (sky130_fd_sc_hd__inv_1)
   0.26    2.85 ^ _3451_/Y (sky130_fd_sc_hd__a21boi_4)
   0.14    3.00 ^ place1561/X (sky130_fd_sc_hd__buf_4)
   0.26    3.26 v _6399_/SUM (sky130_fd_sc_hd__ha_1)
   0.19    3.45 v _4455_/X (sky130_fd_sc_hd__and2_1)
   0.35    3.79 v _4459_/X (sky130_fd_sc_hd__a221o_1)
   0.22    4.01 ^ _4463_/Y (sky130_fd_sc_hd__a32oi_1)
   0.16    4.17 ^ place1254/X (sky130_fd_sc_hd__buf_4)
   0.08    4.26 v _4703_/Y (sky130_fd_sc_hd__o21ai_0)
   0.18    4.43 ^ _4704_/Y (sky130_fd_sc_hd__a21oi_1)
   0.23    4.66 ^ _4705_/X (sky130_fd_sc_hd__xor2_1)
   0.15    4.82 v _4709_/Y (sky130_fd_sc_hd__o221ai_1)
   0.40    5.21 v _4723_/X (sky130_fd_sc_hd__a2111o_1)
   0.29    5.51 v _4736_/X (sky130_fd_sc_hd__a211o_1)
   0.49    6.00 v _4797_/X (sky130_fd_sc_hd__or4_1)
   0.51    6.51 v _4891_/X (sky130_fd_sc_hd__or4_1)
   0.35    6.86 v _5077_/X (sky130_fd_sc_hd__or3_1)
   0.49    7.35 v _5241_/X (sky130_fd_sc_hd__or4_1)
   0.28    7.62 ^ _5455_/Y (sky130_fd_sc_hd__nor3_2)
   0.20    7.82 ^ _6527_/SUM (sky130_fd_sc_hd__ha_1)
   0.05    7.87 v _6076_/Y (sky130_fd_sc_hd__inv_1)
   0.42    8.29 ^ _6077_/Y (sky130_fd_sc_hd__a31oi_2)
   0.28    8.58 ^ place1151/X (sky130_fd_sc_hd__buf_4)
   0.06    8.64 v _6385_/Y (sky130_fd_sc_hd__nor2_1)
   0.11    8.75 ^ _6386_/Y (sky130_fd_sc_hd__a21oi_1)
   0.05    8.81 v _6387_/Y (sky130_fd_sc_hd__nor2_1)
   0.00    8.81 v pc_unit.pc_out[31]$_SDFF_PP0_/D (sky130_fd_sc_hd__dfxtp_1)
           8.81   data arrival time

  10.00   10.00   clock core_clock (rise edge)
   0.00   10.00   clock source latency
   0.00   10.00 ^ clk (in)
   0.23   10.23 ^ clkbuf_0_clk/X (sky130_fd_sc_hd__clkbuf_16)
   0.30   10.53 ^ clkbuf_3_7__f_clk/X (sky130_fd_sc_hd__clkbuf_16)
   0.20   10.72 ^ clkbuf_leaf_58_clk/X (sky130_fd_sc_hd__clkbuf_16)
   0.00   10.72 ^ pc_unit.pc_out[31]$_SDFF_PP0_/CLK (sky130_fd_sc_hd__dfxtp_1)
   0.00   10.72   clock reconvergence pessimism
  -0.12   10.60   library setup time
          10.60   data required time
---------------------------------------------------------
          10.60   data required time
          -8.81   data arrival time
---------------------------------------------------------
           1.79   slack (MET)



==========================================================================
finish report_checks -path_delay min reg to reg
--------------------------------------------------------------------------
Startpoint: pc_unit.pc_out[0]$_SDFFE_PP0P_
            (rising edge-triggered flip-flop clocked by core_clock)
Endpoint: pc_unit.pc_out[0]$_SDFFE_PP0P_
          (rising edge-triggered flip-flop clocked by core_clock)
Path Group: core_clock
Path Type: min

  Delay    Time   Description
---------------------------------------------------------
   0.00    0.00   clock core_clock (rise edge)
   0.00    0.00   clock source latency
   0.00    0.00 ^ clk (in)
   0.23    0.23 ^ clkbuf_0_clk/X (sky130_fd_sc_hd__clkbuf_16)
   0.30    0.53 ^ clkbuf_3_7__f_clk/X (sky130_fd_sc_hd__clkbuf_16)
   0.20    0.72 ^ clkbuf_leaf_58_clk/X (sky130_fd_sc_hd__clkbuf_16)
   0.00    0.72 ^ pc_unit.pc_out[0]$_SDFFE_PP0P_/CLK (sky130_fd_sc_hd__dfxtp_1)
   0.38    1.11 v pc_unit.pc_out[0]$_SDFFE_PP0P_/Q (sky130_fd_sc_hd__dfxtp_1)
   0.09    1.19 ^ _6079_/Y (sky130_fd_sc_hd__nand2_1)
   0.05    1.24 v _6085_/Y (sky130_fd_sc_hd__a21oi_1)
   0.00    1.24 v pc_unit.pc_out[0]$_SDFFE_PP0P_/D (sky130_fd_sc_hd__dfxtp_1)
           1.24   data arrival time

   0.00    0.00   clock core_clock (rise edge)
   0.00    0.00   clock source latency
   0.00    0.00 ^ clk (in)
   0.23    0.23 ^ clkbuf_0_clk/X (sky130_fd_sc_hd__clkbuf_16)
   0.30    0.53 ^ clkbuf_3_7__f_clk/X (sky130_fd_sc_hd__clkbuf_16)
   0.20    0.72 ^ clkbuf_leaf_58_clk/X (sky130_fd_sc_hd__clkbuf_16)
   0.00    0.72 ^ pc_unit.pc_out[0]$_SDFFE_PP0P_/CLK (sky130_fd_sc_hd__dfxtp_1)
   0.00    0.72   clock reconvergence pessimism
  -0.05    0.68   library hold time
           0.68   data required time
---------------------------------------------------------
           0.68   data required time
          -1.24   data arrival time
---------------------------------------------------------
           0.57   slack (MET)



==========================================================================
finish critical path target clock latency max path
--------------------------------------------------------------------------
0.7225

==========================================================================
finish critical path target clock latency min path
--------------------------------------------------------------------------
0.7234

==========================================================================
finish critical path source clock latency min path
--------------------------------------------------------------------------
0.0000

==========================================================================
finish critical path delay
--------------------------------------------------------------------------
8.0378

==========================================================================
finish critical path slack
--------------------------------------------------------------------------
-0.0378

==========================================================================
finish slack div critical path delay
--------------------------------------------------------------------------
-0.470278

==========================================================================
finish report_power
--------------------------------------------------------------------------
Group                  Internal  Switching    Leakage      Total
                          Power      Power      Power      Power (Watts)
----------------------------------------------------------------
Sequential             5.55e-03   2.23e-05   9.47e-09   5.58e-03  39.7%
Combinational          1.78e-03   2.61e-03   1.64e-08   4.39e-03  31.2%
Clock                  2.32e-03   1.77e-03   1.70e-09   4.09e-03  29.1%
Macro                  0.00e+00   0.00e+00   0.00e+00   0.00e+00   0.0%
Pad                    0.00e+00   0.00e+00   0.00e+00   0.00e+00   0.0%
----------------------------------------------------------------
Total                  9.65e-03   4.40e-03   2.76e-08   1.41e-02 100.0%
                          68.7%      31.3%       0.0%
