
==========================================================================
detailed place report_tns
--------------------------------------------------------------------------
tns max 0.00

==========================================================================
detailed place report_wns
--------------------------------------------------------------------------
wns max 0.00

==========================================================================
detailed place report_worst_slack
--------------------------------------------------------------------------
worst slack max 3.34

==========================================================================
detailed place report_clock_min_period
--------------------------------------------------------------------------
core_clock period_min = 16.66 fmax = 60.02

==========================================================================
detailed place report_checks -path_delay min
--------------------------------------------------------------------------
Startpoint: pc_unit.pc_out[0]$_SDFFE_PP0P_
            (rising edge-triggered flip-flop clocked by core_clock)
Endpoint: pc_unit.pc_out[0]$_SDFFE_PP0P_
          (rising edge-triggered flip-flop clocked by core_clock)
Path Group: core_clock
Path Type: min

Fanout     Cap    Slew   Delay    Time   Description
-----------------------------------------------------------------------------
                  0.00    0.00    0.00   clock core_clock (rise edge)
                          0.00    0.00   clock network delay (ideal)
                  0.00    0.00    0.00 ^ pc_unit.pc_out[0]$_SDFFE_PP0P_/CLK (sky130_fd_sc_hd__dfxtp_1)
     4    0.02    0.10    0.34    0.34 v pc_unit.pc_out[0]$_SDFFE_PP0P_/Q (sky130_fd_sc_hd__dfxtp_1)
                                         net162 (net)
                  0.10    0.00    0.34 v _6264_/A (sky130_fd_sc_hd__nand2_1)
     1    0.00    0.05    0.07    0.41 ^ _6264_/Y (sky130_fd_sc_hd__nand2_1)
                                         _3016_ (net)
                  0.05    0.00    0.41 ^ _6271_/A1 (sky130_fd_sc_hd__a21oi_1)
     1    0.00    0.04    0.05    0.46 v _6271_/Y (sky130_fd_sc_hd__a21oi_1)
                                         _0276_ (net)
                  0.04    0.00    0.46 v pc_unit.pc_out[0]$_SDFFE_PP0P_/D (sky130_fd_sc_hd__dfxtp_1)
                                  0.46   data arrival time

                  0.00    0.00    0.00   clock core_clock (rise edge)
                          0.00    0.00   clock network delay (ideal)
                          0.00    0.00   clock reconvergence pessimism
                                  0.00 ^ pc_unit.pc_out[0]$_SDFFE_PP0P_/CLK (sky130_fd_sc_hd__dfxtp_1)
                         -0.06   -0.06   library hold time
                                 -0.06   data required time
-----------------------------------------------------------------------------
                                 -0.06   data required time
                                 -0.46   data arrival time
-----------------------------------------------------------------------------
                                  0.52   slack (MET)



==========================================================================
detailed place report_checks -path_delay max
--------------------------------------------------------------------------
Startpoint: imem_rdata[20] (input port clocked by core_clock)
Endpoint: dmem_addr[29] (output port clocked by core_clock)
Path Group: core_clock
Path Type: max

Fanout     Cap    Slew   Delay    Time   Description
-----------------------------------------------------------------------------
                  0.00    0.00    0.00   clock core_clock (rise edge)
                          0.00    0.00   clock network delay (ideal)
                          4.00    4.00 ^ input external delay
     1    0.00    0.00    0.00    4.00 ^ imem_rdata[20] (in)
                                         imem_rdata[20] (net)
                  0.00    0.00    4.00 ^ input77/A (sky130_fd_sc_hd__buf_2)
     9    0.08    0.38    0.32    4.32 ^ input77/X (sky130_fd_sc_hd__buf_2)
                                         net76 (net)
                  0.38    0.01    4.33 ^ place572/A (sky130_fd_sc_hd__buf_4)
    19    0.18    0.48    0.49    4.82 ^ place572/X (sky130_fd_sc_hd__buf_4)
                                         net571 (net)
                  0.48    0.02    4.85 ^ place571/A (sky130_fd_sc_hd__buf_4)
    34    0.28    0.74    0.70    5.55 ^ place571/X (sky130_fd_sc_hd__buf_4)
                                         net570 (net)
                  0.74    0.02    5.57 ^ place569/A (sky130_fd_sc_hd__buf_4)
    45    0.37    1.00    0.90    6.47 ^ place569/X (sky130_fd_sc_hd__buf_4)
                                         net568 (net)
                  1.00    0.03    6.50 ^ _5824_/S0 (sky130_fd_sc_hd__mux4_2)
     1    0.00    0.08    0.60    7.09 v _5824_/X (sky130_fd_sc_hd__mux4_2)
                                         _2687_ (net)
                  0.08    0.00    7.09 v _5825_/A3 (sky130_fd_sc_hd__mux4_2)
     1    0.00    0.08    0.47    7.56 v _5825_/X (sky130_fd_sc_hd__mux4_2)
                                         _2688_ (net)
                  0.08    0.00    7.56 v _5826_/A1 (sky130_fd_sc_hd__mux2i_1)
     1    0.02    0.54    0.46    8.02 ^ _5826_/Y (sky130_fd_sc_hd__mux2i_1)
                                         _2689_ (net)
                  0.54    0.00    8.02 ^ _5827_/B (sky130_fd_sc_hd__nor2_1)
     2    0.03    0.20    0.25    8.27 v _5827_/Y (sky130_fd_sc_hd__nor2_1)
                                         net131 (net)
                  0.20    0.00    8.27 v _5828_/A2 (sky130_fd_sc_hd__a21oi_1)
     3    0.02    0.40    0.41    8.69 ^ _5828_/Y (sky130_fd_sc_hd__a21oi_1)
                                         _0062_ (net)
                  0.40    0.00    8.69 ^ _6619_/A (sky130_fd_sc_hd__ha_1)
     7    0.03    0.15    0.39    9.08 v _6619_/SUM (sky130_fd_sc_hd__ha_1)
                                         _0077_ (net)
                  0.15    0.00    9.08 v _4681_/B (sky130_fd_sc_hd__and4_1)
     1    0.00    0.04    0.22    9.29 v _4681_/X (sky130_fd_sc_hd__and4_1)
                                         _1617_ (net)
                  0.04    0.00    9.29 v _4682_/B1 (sky130_fd_sc_hd__a31oi_1)
     3    0.02    0.41    0.33    9.63 ^ _4682_/Y (sky130_fd_sc_hd__a31oi_1)
                                         _1618_ (net)
                  0.41    0.00    9.63 ^ _4689_/A1 (sky130_fd_sc_hd__a211oi_1)
     2    0.01    0.17    0.22    9.85 v _4689_/Y (sky130_fd_sc_hd__a211oi_1)
                                         _1625_ (net)
                  0.17    0.00    9.85 v _4692_/B1 (sky130_fd_sc_hd__a2111o_1)
     2    0.01    0.11    0.49   10.34 v _4692_/X (sky130_fd_sc_hd__a2111o_1)
                                         _1628_ (net)
                  0.11    0.00   10.34 v _4698_/A3 (sky130_fd_sc_hd__a41oi_1)
     5    0.02    0.46    0.46   10.80 ^ _4698_/Y (sky130_fd_sc_hd__a41oi_1)
                                         _1634_ (net)
                  0.46    0.00   10.81 ^ _4706_/A2 (sky130_fd_sc_hd__o31a_1)
     4    0.02    0.20    0.31   11.12 ^ _4706_/X (sky130_fd_sc_hd__o31a_1)
                                         _1642_ (net)
                  0.20    0.00   11.12 ^ _4713_/A1 (sky130_fd_sc_hd__a31oi_1)
     3    0.01    0.12    0.15   11.27 v _4713_/Y (sky130_fd_sc_hd__a31oi_1)
                                         _1649_ (net)
                  0.12    0.00   11.27 v _5556_/B2 (sky130_fd_sc_hd__o221a_2)
     1    0.00    0.04    0.25   11.52 v _5556_/X (sky130_fd_sc_hd__o221a_2)
                                         _2461_ (net)
                  0.04    0.00   11.52 v _5570_/A1 (sky130_fd_sc_hd__o21ai_0)
     3    0.02    0.67    0.55   12.06 ^ _5570_/Y (sky130_fd_sc_hd__o21ai_0)
                                         net118 (net)
                  0.67    0.00   12.07 ^ output119/A (sky130_fd_sc_hd__clkdlybuf4s50_1)
     1    0.00    0.04    0.59   12.66 ^ output119/X (sky130_fd_sc_hd__clkdlybuf4s50_1)
                                         dmem_addr[29] (net)
                  0.04    0.00   12.66 ^ dmem_addr[29] (out)
                                 12.66   data arrival time

                  0.00   20.00   20.00   clock core_clock (rise edge)
                          0.00   20.00   clock network delay (ideal)
                          0.00   20.00   clock reconvergence pessimism
                         -4.00   16.00   output external delay
                                 16.00   data required time
-----------------------------------------------------------------------------
                                 16.00   data required time
                                -12.66   data arrival time
-----------------------------------------------------------------------------
                                  3.34   slack (MET)



==========================================================================
detailed place report_checks -unconstrained
--------------------------------------------------------------------------
Startpoint: imem_rdata[20] (input port clocked by core_clock)
Endpoint: dmem_addr[29] (output port clocked by core_clock)
Path Group: core_clock
Path Type: max

Fanout     Cap    Slew   Delay    Time   Description
-----------------------------------------------------------------------------
                  0.00    0.00    0.00   clock core_clock (rise edge)
                          0.00    0.00   clock network delay (ideal)
                          4.00    4.00 ^ input external delay
     1    0.00    0.00    0.00    4.00 ^ imem_rdata[20] (in)
                                         imem_rdata[20] (net)
                  0.00    0.00    4.00 ^ input77/A (sky130_fd_sc_hd__buf_2)
     9    0.08    0.38    0.32    4.32 ^ input77/X (sky130_fd_sc_hd__buf_2)
                                         net76 (net)
                  0.38    0.01    4.33 ^ place572/A (sky130_fd_sc_hd__buf_4)
    19    0.18    0.48    0.49    4.82 ^ place572/X (sky130_fd_sc_hd__buf_4)
                                         net571 (net)
                  0.48    0.02    4.85 ^ place571/A (sky130_fd_sc_hd__buf_4)
    34    0.28    0.74    0.70    5.55 ^ place571/X (sky130_fd_sc_hd__buf_4)
                                         net570 (net)
                  0.74    0.02    5.57 ^ place569/A (sky130_fd_sc_hd__buf_4)
    45    0.37    1.00    0.90    6.47 ^ place569/X (sky130_fd_sc_hd__buf_4)
                                         net568 (net)
                  1.00    0.03    6.50 ^ _5824_/S0 (sky130_fd_sc_hd__mux4_2)
     1    0.00    0.08    0.60    7.09 v _5824_/X (sky130_fd_sc_hd__mux4_2)
                                         _2687_ (net)
                  0.08    0.00    7.09 v _5825_/A3 (sky130_fd_sc_hd__mux4_2)
     1    0.00    0.08    0.47    7.56 v _5825_/X (sky130_fd_sc_hd__mux4_2)
                                         _2688_ (net)
                  0.08    0.00    7.56 v _5826_/A1 (sky130_fd_sc_hd__mux2i_1)
     1    0.02    0.54    0.46    8.02 ^ _5826_/Y (sky130_fd_sc_hd__mux2i_1)
                                         _2689_ (net)
                  0.54    0.00    8.02 ^ _5827_/B (sky130_fd_sc_hd__nor2_1)
     2    0.03    0.20    0.25    8.27 v _5827_/Y (sky130_fd_sc_hd__nor2_1)
                                         net131 (net)
                  0.20    0.00    8.27 v _5828_/A2 (sky130_fd_sc_hd__a21oi_1)
     3    0.02    0.40    0.41    8.69 ^ _5828_/Y (sky130_fd_sc_hd__a21oi_1)
                                         _0062_ (net)
                  0.40    0.00    8.69 ^ _6619_/A (sky130_fd_sc_hd__ha_1)
     7    0.03    0.15    0.39    9.08 v _6619_/SUM (sky130_fd_sc_hd__ha_1)
                                         _0077_ (net)
                  0.15    0.00    9.08 v _4681_/B (sky130_fd_sc_hd__and4_1)
     1    0.00    0.04    0.22    9.29 v _4681_/X (sky130_fd_sc_hd__and4_1)
                                         _1617_ (net)
                  0.04    0.00    9.29 v _4682_/B1 (sky130_fd_sc_hd__a31oi_1)
     3    0.02    0.41    0.33    9.63 ^ _4682_/Y (sky130_fd_sc_hd__a31oi_1)
                                         _1618_ (net)
                  0.41    0.00    9.63 ^ _4689_/A1 (sky130_fd_sc_hd__a211oi_1)
     2    0.01    0.17    0.22    9.85 v _4689_/Y (sky130_fd_sc_hd__a211oi_1)
                                         _1625_ (net)
                  0.17    0.00    9.85 v _4692_/B1 (sky130_fd_sc_hd__a2111o_1)
     2    0.01    0.11    0.49   10.34 v _4692_/X (sky130_fd_sc_hd__a2111o_1)
                                         _1628_ (net)
                  0.11    0.00   10.34 v _4698_/A3 (sky130_fd_sc_hd__a41oi_1)
     5    0.02    0.46    0.46   10.80 ^ _4698_/Y (sky130_fd_sc_hd__a41oi_1)
                                         _1634_ (net)
                  0.46    0.00   10.81 ^ _4706_/A2 (sky130_fd_sc_hd__o31a_1)
     4    0.02    0.20    0.31   11.12 ^ _4706_/X (sky130_fd_sc_hd__o31a_1)
                                         _1642_ (net)
                  0.20    0.00   11.12 ^ _4713_/A1 (sky130_fd_sc_hd__a31oi_1)
     3    0.01    0.12    0.15   11.27 v _4713_/Y (sky130_fd_sc_hd__a31oi_1)
                                         _1649_ (net)
                  0.12    0.00   11.27 v _5556_/B2 (sky130_fd_sc_hd__o221a_2)
     1    0.00    0.04    0.25   11.52 v _5556_/X (sky130_fd_sc_hd__o221a_2)
                                         _2461_ (net)
                  0.04    0.00   11.52 v _5570_/A1 (sky130_fd_sc_hd__o21ai_0)
     3    0.02    0.67    0.55   12.06 ^ _5570_/Y (sky130_fd_sc_hd__o21ai_0)
                                         net118 (net)
                  0.67    0.00   12.07 ^ output119/A (sky130_fd_sc_hd__clkdlybuf4s50_1)
     1    0.00    0.04    0.59   12.66 ^ output119/X (sky130_fd_sc_hd__clkdlybuf4s50_1)
                                         dmem_addr[29] (net)
                  0.04    0.00   12.66 ^ dmem_addr[29] (out)
                                 12.66   data arrival time

                  0.00   20.00   20.00   clock core_clock (rise edge)
                          0.00   20.00   clock network delay (ideal)
                          0.00   20.00   clock reconvergence pessimism
                         -4.00   16.00   output external delay
                                 16.00   data required time
-----------------------------------------------------------------------------
                                 16.00   data required time
                                -12.66   data arrival time
-----------------------------------------------------------------------------
                                  3.34   slack (MET)



==========================================================================
detailed place report_check_types -max_slew -max_cap -max_fanout -violators
--------------------------------------------------------------------------

==========================================================================
detailed place max_slew_check_slack
--------------------------------------------------------------------------
0.2196333110332489

==========================================================================
detailed place max_slew_check_limit
--------------------------------------------------------------------------
1.5

==========================================================================
detailed place max_slew_check_slack_limit
--------------------------------------------------------------------------
0.1464

==========================================================================
detailed place max_fanout_check_slack
--------------------------------------------------------------------------
1.0000000150474662e+30

==========================================================================
detailed place max_fanout_check_limit
--------------------------------------------------------------------------
1.0000000150474662e+30

==========================================================================
detailed place max_capacitance_check_slack
--------------------------------------------------------------------------
0.0036280318163335323

==========================================================================
detailed place max_capacitance_check_limit
--------------------------------------------------------------------------
0.021067000925540924

==========================================================================
detailed place max_capacitance_check_slack_limit
--------------------------------------------------------------------------
0.1722

==========================================================================
detailed place max_slew_violation_count
--------------------------------------------------------------------------
max slew violation count 0

==========================================================================
detailed place max_fanout_violation_count
--------------------------------------------------------------------------
max fanout violation count 0

==========================================================================
detailed place max_cap_violation_count
--------------------------------------------------------------------------
max cap violation count 0

==========================================================================
detailed place setup_violation_count
--------------------------------------------------------------------------
setup violation count 0

==========================================================================
detailed place hold_violation_count
--------------------------------------------------------------------------
hold violation count 0

==========================================================================
detailed place report_checks -path_delay max reg to reg
--------------------------------------------------------------------------
Startpoint: rf.regs[5][8]$_DFFE_PP_
            (rising edge-triggered flip-flop clocked by core_clock)
Endpoint: pc_unit.pc_out[31]$_SDFF_PP0_
          (rising edge-triggered flip-flop clocked by core_clock)
Path Group: core_clock
Path Type: max

  Delay    Time   Description
---------------------------------------------------------
   0.00    0.00   clock core_clock (rise edge)
   0.00    0.00   clock network delay (ideal)
   0.00    0.00 ^ rf.regs[5][8]$_DFFE_PP_/CLK (sky130_fd_sc_hd__edfxtp_1)
   0.39    0.39 v rf.regs[5][8]$_DFFE_PP_/Q (sky130_fd_sc_hd__edfxtp_1)
   0.46    0.85 v _3805_/X (sky130_fd_sc_hd__mux4_2)
   0.49    1.34 v _3811_/X (sky130_fd_sc_hd__mux4_2)
   0.54    1.88 ^ _3821_/Y (sky130_fd_sc_hd__mux2i_1)
   0.15    2.03 v _3822_/Y (sky130_fd_sc_hd__nor2_1)
   0.10    2.13 ^ _3823_/Y (sky130_fd_sc_hd__nand2_1)
   0.78    2.91 ^ _3824_/Y (sky130_fd_sc_hd__a21boi_0)
   0.49    3.40 v _6640_/SUM (sky130_fd_sc_hd__ha_1)
   0.26    3.66 v _4680_/X (sky130_fd_sc_hd__a21o_1)
   0.18    3.84 v _4858_/X (sky130_fd_sc_hd__a21o_1)
   0.23    4.07 v _4859_/X (sky130_fd_sc_hd__a41o_1)
   0.43    4.50 ^ _4864_/Y (sky130_fd_sc_hd__a211oi_1)
   0.30    4.80 v _4866_/Y (sky130_fd_sc_hd__o21ai_0)
   0.50    5.30 ^ _5472_/Y (sky130_fd_sc_hd__a211oi_1)
   0.23    5.53 ^ _5473_/X (sky130_fd_sc_hd__o21ba_2)
   0.04    5.57 v _5644_/Y (sky130_fd_sc_hd__nor2_1)
   0.62    6.20 ^ _5648_/Y (sky130_fd_sc_hd__o32ai_1)
   0.55    6.74 v _5656_/Y (sky130_fd_sc_hd__nand4_1)
   0.23    6.98 ^ _5657_/Y (sky130_fd_sc_hd__nor2_1)
   0.29    7.26 ^ _5658_/Y (sky130_fd_sc_hd__nor4b_1)
   0.19    7.45 v _5659_/Y (sky130_fd_sc_hd__nand4_1)
   0.53    7.98 ^ _5660_/Y (sky130_fd_sc_hd__nor3_2)
   0.34    8.32 v _6721_/SUM (sky130_fd_sc_hd__ha_1)
   0.15    8.48 ^ _6261_/Y (sky130_fd_sc_hd__nor2_1)
   0.46    8.94 ^ _6265_/X (sky130_fd_sc_hd__a31o_2)
   0.41    9.34 ^ place413/X (sky130_fd_sc_hd__buf_4)
   0.09    9.44 v _6571_/Y (sky130_fd_sc_hd__nor2_1)
   0.15    9.59 ^ _6576_/Y (sky130_fd_sc_hd__nor2_1)
   0.07    9.66 v _6579_/Y (sky130_fd_sc_hd__a311oi_1)
   0.21    9.87 ^ _6580_/Y (sky130_fd_sc_hd__a211oi_1)
   0.00    9.87 ^ pc_unit.pc_out[31]$_SDFF_PP0_/D (sky130_fd_sc_hd__dfxtp_1)
           9.87   data arrival time

  20.00   20.00   clock core_clock (rise edge)
   0.00   20.00   clock network delay (ideal)
   0.00   20.00   clock reconvergence pessimism
          20.00 ^ pc_unit.pc_out[31]$_SDFF_PP0_/CLK (sky130_fd_sc_hd__dfxtp_1)
  -0.09   19.91   library setup time
          19.91   data required time
---------------------------------------------------------
          19.91   data required time
          -9.87   data arrival time
---------------------------------------------------------
          10.04   slack (MET)



==========================================================================
detailed place report_checks -path_delay min reg to reg
--------------------------------------------------------------------------
Startpoint: pc_unit.pc_out[0]$_SDFFE_PP0P_
            (rising edge-triggered flip-flop clocked by core_clock)
Endpoint: pc_unit.pc_out[0]$_SDFFE_PP0P_
          (rising edge-triggered flip-flop clocked by core_clock)
Path Group: core_clock
Path Type: min

  Delay    Time   Description
---------------------------------------------------------
   0.00    0.00   clock core_clock (rise edge)
   0.00    0.00   clock network delay (ideal)
   0.00    0.00 ^ pc_unit.pc_out[0]$_SDFFE_PP0P_/CLK (sky130_fd_sc_hd__dfxtp_1)
   0.34    0.34 v pc_unit.pc_out[0]$_SDFFE_PP0P_/Q (sky130_fd_sc_hd__dfxtp_1)
   0.07    0.41 ^ _6264_/Y (sky130_fd_sc_hd__nand2_1)
   0.05    0.46 v _6271_/Y (sky130_fd_sc_hd__a21oi_1)
   0.00    0.46 v pc_unit.pc_out[0]$_SDFFE_PP0P_/D (sky130_fd_sc_hd__dfxtp_1)
           0.46   data arrival time

   0.00    0.00   clock core_clock (rise edge)
   0.00    0.00   clock network delay (ideal)
   0.00    0.00   clock reconvergence pessimism
           0.00 ^ pc_unit.pc_out[0]$_SDFFE_PP0P_/CLK (sky130_fd_sc_hd__dfxtp_1)
  -0.06   -0.06   library hold time
          -0.06   data required time
---------------------------------------------------------
          -0.06   data required time
          -0.46   data arrival time
---------------------------------------------------------
           0.52   slack (MET)



==========================================================================
detailed place critical path target clock latency max path
--------------------------------------------------------------------------
0.0000

==========================================================================
detailed place critical path target clock latency min path
--------------------------------------------------------------------------
0.0000

==========================================================================
detailed place critical path source clock latency min path
--------------------------------------------------------------------------
0.0000

==========================================================================
detailed place critical path delay
--------------------------------------------------------------------------
12.6606

==========================================================================
detailed place critical path slack
--------------------------------------------------------------------------
3.3394

==========================================================================
detailed place slack div critical path delay
--------------------------------------------------------------------------
26.376317

==========================================================================
detailed place report_power
--------------------------------------------------------------------------
Group                  Internal  Switching    Leakage      Total
                          Power      Power      Power      Power (Watts)
----------------------------------------------------------------
Sequential             2.81e-03   9.73e-06   9.45e-09   2.82e-03  62.6%
Combinational          5.40e-04   1.14e-03   1.23e-08   1.68e-03  37.4%
Clock                  0.00e+00   0.00e+00   0.00e+00   0.00e+00   0.0%
Macro                  0.00e+00   0.00e+00   0.00e+00   0.00e+00   0.0%
Pad                    0.00e+00   0.00e+00   0.00e+00   0.00e+00   0.0%
----------------------------------------------------------------
Total                  3.35e-03   1.15e-03   2.18e-08   4.50e-03 100.0%
                          74.4%      25.6%       0.0%
