
==========================================================================
cts final report_tns
--------------------------------------------------------------------------
tns max 0.00

==========================================================================
cts final report_wns
--------------------------------------------------------------------------
wns max 0.00

==========================================================================
cts final report_worst_slack
--------------------------------------------------------------------------
worst slack max 3.33

==========================================================================
cts final report_clock_min_period
--------------------------------------------------------------------------
core_clock period_min = 16.67 fmax = 59.99

==========================================================================
cts final report_clock_skew
--------------------------------------------------------------------------
Clock core_clock
   0.74 source latency rf.regs[13][29]$_DFFE_PP_/CLK ^
  -0.78 target latency rf.regs[22][6]$_DFFE_PP_/CLK ^
   0.00 CRPR
--------------
  -0.04 setup skew


==========================================================================
cts final report_checks -path_delay min
--------------------------------------------------------------------------
Startpoint: pc_unit.pc_out[0]$_SDFFE_PP0P_
            (rising edge-triggered flip-flop clocked by core_clock)
Endpoint: pc_unit.pc_out[0]$_SDFFE_PP0P_
          (rising edge-triggered flip-flop clocked by core_clock)
Path Group: core_clock
Path Type: min

Fanout     Cap    Slew   Delay    Time   Description
-----------------------------------------------------------------------------
                          0.00    0.00   clock core_clock (rise edge)
                          0.00    0.00   clock source latency
     1    0.08    0.00    0.00    0.00 ^ clk (in)
                                         clk (net)
                  0.00    0.00    0.00 ^ clkbuf_0_clk/A (sky130_fd_sc_hd__clkbuf_16)
     8    0.23    0.24    0.26    0.26 ^ clkbuf_0_clk/X (sky130_fd_sc_hd__clkbuf_16)
                                         clknet_0_clk (net)
                  0.24    0.00    0.26 ^ clkbuf_3_7__f_clk/A (sky130_fd_sc_hd__clkbuf_16)
    11    0.20    0.21    0.31    0.58 ^ clkbuf_3_7__f_clk/X (sky130_fd_sc_hd__clkbuf_16)
                                         clknet_3_7__leaf_clk (net)
                  0.21    0.00    0.58 ^ clkbuf_leaf_48_clk/A (sky130_fd_sc_hd__clkbuf_16)
    10    0.04    0.06    0.20    0.78 ^ clkbuf_leaf_48_clk/X (sky130_fd_sc_hd__clkbuf_16)
                                         clknet_leaf_48_clk (net)
                  0.06    0.00    0.78 ^ pc_unit.pc_out[0]$_SDFFE_PP0P_/CLK (sky130_fd_sc_hd__dfxtp_1)
     4    0.02    0.10    0.36    1.14 v pc_unit.pc_out[0]$_SDFFE_PP0P_/Q (sky130_fd_sc_hd__dfxtp_1)
                                         net162 (net)
                  0.10    0.00    1.14 v _6264_/A (sky130_fd_sc_hd__nand2_1)
     1    0.00    0.05    0.08    1.22 ^ _6264_/Y (sky130_fd_sc_hd__nand2_1)
                                         _3016_ (net)
                  0.05    0.00    1.22 ^ _6271_/A1 (sky130_fd_sc_hd__a21oi_1)
     1    0.00    0.04    0.05    1.27 v _6271_/Y (sky130_fd_sc_hd__a21oi_1)
                                         _0276_ (net)
                  0.04    0.00    1.27 v pc_unit.pc_out[0]$_SDFFE_PP0P_/D (sky130_fd_sc_hd__dfxtp_1)
                                  1.27   data arrival time

                          0.00    0.00   clock core_clock (rise edge)
                          0.00    0.00   clock source latency
     1    0.08    0.00    0.00    0.00 ^ clk (in)
                                         clk (net)
                  0.00    0.00    0.00 ^ clkbuf_0_clk/A (sky130_fd_sc_hd__clkbuf_16)
     8    0.23    0.24    0.26    0.26 ^ clkbuf_0_clk/X (sky130_fd_sc_hd__clkbuf_16)
                                         clknet_0_clk (net)
                  0.24    0.00    0.26 ^ clkbuf_3_7__f_clk/A (sky130_fd_sc_hd__clkbuf_16)
    11    0.20    0.21    0.31    0.58 ^ clkbuf_3_7__f_clk/X (sky130_fd_sc_hd__clkbuf_16)
                                         clknet_3_7__leaf_clk (net)
                  0.21    0.00    0.58 ^ clkbuf_leaf_48_clk/A (sky130_fd_sc_hd__clkbuf_16)
    10    0.04    0.06    0.20    0.78 ^ clkbuf_leaf_48_clk/X (sky130_fd_sc_hd__clkbuf_16)
                                         clknet_leaf_48_clk (net)
                  0.06    0.00    0.78 ^ pc_unit.pc_out[0]$_SDFFE_PP0P_/CLK (sky130_fd_sc_hd__dfxtp_1)
                          0.00    0.78   clock reconvergence pessimism
                         -0.05    0.73   library hold time
                                  0.73   data required time
-----------------------------------------------------------------------------
                                  0.73   data required time
                                 -1.27   data arrival time
-----------------------------------------------------------------------------
                                  0.54   slack (MET)



==========================================================================
cts final report_checks -path_delay max
--------------------------------------------------------------------------
Startpoint: imem_rdata[20] (input port clocked by core_clock)
Endpoint: dmem_addr[29] (output port clocked by core_clock)
Path Group: core_clock
Path Type: max

Fanout     Cap    Slew   Delay    Time   Description
-----------------------------------------------------------------------------
                          0.00    0.00   clock core_clock (rise edge)
                          0.00    0.00   clock network delay (propagated)
                          4.00    4.00 ^ input external delay
     1    0.00    0.00    0.00    4.00 ^ imem_rdata[20] (in)
                                         imem_rdata[20] (net)
                  0.00    0.00    4.00 ^ input77/A (sky130_fd_sc_hd__buf_2)
     9    0.08    0.38    0.32    4.32 ^ input77/X (sky130_fd_sc_hd__buf_2)
                                         net76 (net)
                  0.38    0.01    4.33 ^ place572/A (sky130_fd_sc_hd__buf_4)
    19    0.18    0.48    0.49    4.82 ^ place572/X (sky130_fd_sc_hd__buf_4)
                                         net571 (net)
                  0.48    0.02    4.85 ^ place571/A (sky130_fd_sc_hd__buf_4)
    34    0.28    0.74    0.70    5.55 ^ place571/X (sky130_fd_sc_hd__buf_4)
                                         net570 (net)
                  0.74    0.02    5.57 ^ place569/A (sky130_fd_sc_hd__buf_4)
    45    0.37    0.99    0.89    6.46 ^ place569/X (sky130_fd_sc_hd__buf_4)
                                         net568 (net)
                  0.99    0.04    6.50 ^ _5824_/S0 (sky130_fd_sc_hd__mux4_2)
     1    0.00    0.08    0.60    7.10 v _5824_/X (sky130_fd_sc_hd__mux4_2)
                                         _2687_ (net)
                  0.08    0.00    7.10 v _5825_/A3 (sky130_fd_sc_hd__mux4_2)
     1    0.00    0.08    0.47    7.56 v _5825_/X (sky130_fd_sc_hd__mux4_2)
                                         _2688_ (net)
                  0.08    0.00    7.56 v _5826_/A1 (sky130_fd_sc_hd__mux2i_1)
     1    0.02    0.54    0.46    8.02 ^ _5826_/Y (sky130_fd_sc_hd__mux2i_1)
                                         _2689_ (net)
                  0.54    0.00    8.03 ^ _5827_/B (sky130_fd_sc_hd__nor2_1)
     2    0.03    0.20    0.25    8.28 v _5827_/Y (sky130_fd_sc_hd__nor2_1)
                                         net131 (net)
                  0.20    0.00    8.28 v _5828_/A2 (sky130_fd_sc_hd__a21oi_1)
     3    0.02    0.40    0.41    8.69 ^ _5828_/Y (sky130_fd_sc_hd__a21oi_1)
                                         _0062_ (net)
                  0.40    0.00    8.69 ^ _6619_/A (sky130_fd_sc_hd__ha_1)
     7    0.03    0.15    0.39    9.08 v _6619_/SUM (sky130_fd_sc_hd__ha_1)
                                         _0077_ (net)
                  0.15    0.00    9.08 v _4681_/B (sky130_fd_sc_hd__and4_1)
     1    0.00    0.04    0.22    9.30 v _4681_/X (sky130_fd_sc_hd__and4_1)
                                         _1617_ (net)
                  0.04    0.00    9.30 v _4682_/B1 (sky130_fd_sc_hd__a31oi_1)
     3    0.02    0.41    0.34    9.64 ^ _4682_/Y (sky130_fd_sc_hd__a31oi_1)
                                         _1618_ (net)
                  0.41    0.00    9.64 ^ _4689_/A1 (sky130_fd_sc_hd__a211oi_1)
     2    0.01    0.17    0.22    9.86 v _4689_/Y (sky130_fd_sc_hd__a211oi_1)
                                         _1625_ (net)
                  0.17    0.00    9.86 v _4692_/B1 (sky130_fd_sc_hd__a2111o_1)
     2    0.01    0.11    0.49   10.35 v _4692_/X (sky130_fd_sc_hd__a2111o_1)
                                         _1628_ (net)
                  0.11    0.00   10.35 v _4698_/A3 (sky130_fd_sc_hd__a41oi_1)
     5    0.02    0.46    0.46   10.81 ^ _4698_/Y (sky130_fd_sc_hd__a41oi_1)
                                         _1634_ (net)
                  0.46    0.00   10.82 ^ _4706_/A2 (sky130_fd_sc_hd__o31a_1)
     4    0.02    0.20    0.31   11.13 ^ _4706_/X (sky130_fd_sc_hd__o31a_1)
                                         _1642_ (net)
                  0.20    0.00   11.13 ^ _4713_/A1 (sky130_fd_sc_hd__a31oi_1)
     3    0.01    0.12    0.15   11.28 v _4713_/Y (sky130_fd_sc_hd__a31oi_1)
                                         _1649_ (net)
                  0.12    0.00   11.28 v _5556_/B2 (sky130_fd_sc_hd__o221a_2)
     1    0.00    0.04    0.25   11.53 v _5556_/X (sky130_fd_sc_hd__o221a_2)
                                         _2461_ (net)
                  0.04    0.00   11.53 v _5570_/A1 (sky130_fd_sc_hd__o21ai_0)
     3    0.02    0.67    0.55   12.07 ^ _5570_/Y (sky130_fd_sc_hd__o21ai_0)
                                         net118 (net)
                  0.67    0.00   12.08 ^ output119/A (sky130_fd_sc_hd__clkdlybuf4s50_1)
     1    0.00    0.04    0.59   12.67 ^ output119/X (sky130_fd_sc_hd__clkdlybuf4s50_1)
                                         dmem_addr[29] (net)
                  0.04    0.00   12.67 ^ dmem_addr[29] (out)
                                 12.67   data arrival time

                         20.00   20.00   clock core_clock (rise edge)
                          0.00   20.00   clock network delay (propagated)
                          0.00   20.00   clock reconvergence pessimism
                         -4.00   16.00   output external delay
                                 16.00   data required time
-----------------------------------------------------------------------------
                                 16.00   data required time
                                -12.67   data arrival time
-----------------------------------------------------------------------------
                                  3.33   slack (MET)



==========================================================================
cts final report_checks -unconstrained
--------------------------------------------------------------------------
Startpoint: imem_rdata[20] (input port clocked by core_clock)
Endpoint: dmem_addr[29] (output port clocked by core_clock)
Path Group: core_clock
Path Type: max

Fanout     Cap    Slew   Delay    Time   Description
-----------------------------------------------------------------------------
                          0.00    0.00   clock core_clock (rise edge)
                          0.00    0.00   clock network delay (propagated)
                          4.00    4.00 ^ input external delay
     1    0.00    0.00    0.00    4.00 ^ imem_rdata[20] (in)
                                         imem_rdata[20] (net)
                  0.00    0.00    4.00 ^ input77/A (sky130_fd_sc_hd__buf_2)
     9    0.08    0.38    0.32    4.32 ^ input77/X (sky130_fd_sc_hd__buf_2)
                                         net76 (net)
                  0.38    0.01    4.33 ^ place572/A (sky130_fd_sc_hd__buf_4)
    19    0.18    0.48    0.49    4.82 ^ place572/X (sky130_fd_sc_hd__buf_4)
                                         net571 (net)
                  0.48    0.02    4.85 ^ place571/A (sky130_fd_sc_hd__buf_4)
    34    0.28    0.74    0.70    5.55 ^ place571/X (sky130_fd_sc_hd__buf_4)
                                         net570 (net)
                  0.74    0.02    5.57 ^ place569/A (sky130_fd_sc_hd__buf_4)
    45    0.37    0.99    0.89    6.46 ^ place569/X (sky130_fd_sc_hd__buf_4)
                                         net568 (net)
                  0.99    0.04    6.50 ^ _5824_/S0 (sky130_fd_sc_hd__mux4_2)
     1    0.00    0.08    0.60    7.10 v _5824_/X (sky130_fd_sc_hd__mux4_2)
                                         _2687_ (net)
                  0.08    0.00    7.10 v _5825_/A3 (sky130_fd_sc_hd__mux4_2)
     1    0.00    0.08    0.47    7.56 v _5825_/X (sky130_fd_sc_hd__mux4_2)
                                         _2688_ (net)
                  0.08    0.00    7.56 v _5826_/A1 (sky130_fd_sc_hd__mux2i_1)
     1    0.02    0.54    0.46    8.02 ^ _5826_/Y (sky130_fd_sc_hd__mux2i_1)
                                         _2689_ (net)
                  0.54    0.00    8.03 ^ _5827_/B (sky130_fd_sc_hd__nor2_1)
     2    0.03    0.20    0.25    8.28 v _5827_/Y (sky130_fd_sc_hd__nor2_1)
                                         net131 (net)
                  0.20    0.00    8.28 v _5828_/A2 (sky130_fd_sc_hd__a21oi_1)
     3    0.02    0.40    0.41    8.69 ^ _5828_/Y (sky130_fd_sc_hd__a21oi_1)
                                         _0062_ (net)
                  0.40    0.00    8.69 ^ _6619_/A (sky130_fd_sc_hd__ha_1)
     7    0.03    0.15    0.39    9.08 v _6619_/SUM (sky130_fd_sc_hd__ha_1)
                                         _0077_ (net)
                  0.15    0.00    9.08 v _4681_/B (sky130_fd_sc_hd__and4_1)
     1    0.00    0.04    0.22    9.30 v _4681_/X (sky130_fd_sc_hd__and4_1)
                                         _1617_ (net)
                  0.04    0.00    9.30 v _4682_/B1 (sky130_fd_sc_hd__a31oi_1)
     3    0.02    0.41    0.34    9.64 ^ _4682_/Y (sky130_fd_sc_hd__a31oi_1)
                                         _1618_ (net)
                  0.41    0.00    9.64 ^ _4689_/A1 (sky130_fd_sc_hd__a211oi_1)
     2    0.01    0.17    0.22    9.86 v _4689_/Y (sky130_fd_sc_hd__a211oi_1)
                                         _1625_ (net)
                  0.17    0.00    9.86 v _4692_/B1 (sky130_fd_sc_hd__a2111o_1)
     2    0.01    0.11    0.49   10.35 v _4692_/X (sky130_fd_sc_hd__a2111o_1)
                                         _1628_ (net)
                  0.11    0.00   10.35 v _4698_/A3 (sky130_fd_sc_hd__a41oi_1)
     5    0.02    0.46    0.46   10.81 ^ _4698_/Y (sky130_fd_sc_hd__a41oi_1)
                                         _1634_ (net)
                  0.46    0.00   10.82 ^ _4706_/A2 (sky130_fd_sc_hd__o31a_1)
     4    0.02    0.20    0.31   11.13 ^ _4706_/X (sky130_fd_sc_hd__o31a_1)
                                         _1642_ (net)
                  0.20    0.00   11.13 ^ _4713_/A1 (sky130_fd_sc_hd__a31oi_1)
     3    0.01    0.12    0.15   11.28 v _4713_/Y (sky130_fd_sc_hd__a31oi_1)
                                         _1649_ (net)
                  0.12    0.00   11.28 v _5556_/B2 (sky130_fd_sc_hd__o221a_2)
     1    0.00    0.04    0.25   11.53 v _5556_/X (sky130_fd_sc_hd__o221a_2)
                                         _2461_ (net)
                  0.04    0.00   11.53 v _5570_/A1 (sky130_fd_sc_hd__o21ai_0)
     3    0.02    0.67    0.55   12.07 ^ _5570_/Y (sky130_fd_sc_hd__o21ai_0)
                                         net118 (net)
                  0.67    0.00   12.08 ^ output119/A (sky130_fd_sc_hd__clkdlybuf4s50_1)
     1    0.00    0.04    0.59   12.67 ^ output119/X (sky130_fd_sc_hd__clkdlybuf4s50_1)
                                         dmem_addr[29] (net)
                  0.04    0.00   12.67 ^ dmem_addr[29] (out)
                                 12.67   data arrival time

                         20.00   20.00   clock core_clock (rise edge)
                          0.00   20.00   clock network delay (propagated)
                          0.00   20.00   clock reconvergence pessimism
                         -4.00   16.00   output external delay
                                 16.00   data required time
-----------------------------------------------------------------------------
                                 16.00   data required time
                                -12.67   data arrival time
-----------------------------------------------------------------------------
                                  3.33   slack (MET)



==========================================================================
cts final report_check_types -max_slew -max_cap -max_fanout -violators
--------------------------------------------------------------------------

==========================================================================
cts final max_slew_check_slack
--------------------------------------------------------------------------
0.24146829545497894

==========================================================================
cts final max_slew_check_limit
--------------------------------------------------------------------------
1.5

==========================================================================
cts final max_slew_check_slack_limit
--------------------------------------------------------------------------
0.1610

==========================================================================
cts final max_fanout_check_slack
--------------------------------------------------------------------------
1.0000000150474662e+30

==========================================================================
cts final max_fanout_check_limit
--------------------------------------------------------------------------
1.0000000150474662e+30

==========================================================================
cts final max_capacitance_check_slack
--------------------------------------------------------------------------
0.0036280318163335323

==========================================================================
cts final max_capacitance_check_limit
--------------------------------------------------------------------------
0.021067000925540924

==========================================================================
cts final max_capacitance_check_slack_limit
--------------------------------------------------------------------------
0.1722

==========================================================================
cts final max_slew_violation_count
--------------------------------------------------------------------------
max slew violation count 0

==========================================================================
cts final max_fanout_violation_count
--------------------------------------------------------------------------
max fanout violation count 0

==========================================================================
cts final max_cap_violation_count
--------------------------------------------------------------------------
max cap violation count 0

==========================================================================
cts final setup_violation_count
--------------------------------------------------------------------------
setup violation count 0

==========================================================================
cts final hold_violation_count
--------------------------------------------------------------------------
hold violation count 0

==========================================================================
cts final report_checks -path_delay max reg to reg
--------------------------------------------------------------------------
Startpoint: rf.regs[5][8]$_DFFE_PP_
            (rising edge-triggered flip-flop clocked by core_clock)
Endpoint: pc_unit.pc_out[31]$_SDFF_PP0_
          (rising edge-triggered flip-flop clocked by core_clock)
Path Group: core_clock
Path Type: max

  Delay    Time   Description
---------------------------------------------------------
   0.00    0.00   clock core_clock (rise edge)
   0.00    0.00   clock source latency
   0.00    0.00 ^ clk (in)
   0.26    0.26 ^ clkbuf_0_clk/X (sky130_fd_sc_hd__clkbuf_16)
   0.32    0.58 ^ clkbuf_3_5__f_clk/X (sky130_fd_sc_hd__clkbuf_16)
   0.20    0.78 ^ clkbuf_leaf_31_clk/X (sky130_fd_sc_hd__clkbuf_16)
   0.00    0.78 ^ rf.regs[5][8]$_DFFE_PP_/CLK (sky130_fd_sc_hd__edfxtp_1)
   0.42    1.20 v rf.regs[5][8]$_DFFE_PP_/Q (sky130_fd_sc_hd__edfxtp_1)
   0.48    1.67 v _3805_/X (sky130_fd_sc_hd__mux4_2)
   0.48    2.16 v _3811_/X (sky130_fd_sc_hd__mux4_2)
   0.54    2.69 ^ _3821_/Y (sky130_fd_sc_hd__mux2i_1)
   0.15    2.84 v _3822_/Y (sky130_fd_sc_hd__nor2_1)
   0.10    2.95 ^ _3823_/Y (sky130_fd_sc_hd__nand2_1)
   0.78    3.72 ^ _3824_/Y (sky130_fd_sc_hd__a21boi_0)
   0.49    4.21 v _6640_/SUM (sky130_fd_sc_hd__ha_1)
   0.26    4.48 v _4680_/X (sky130_fd_sc_hd__a21o_1)
   0.18    4.66 v _4858_/X (sky130_fd_sc_hd__a21o_1)
   0.23    4.89 v _4859_/X (sky130_fd_sc_hd__a41o_1)
   0.43    5.32 ^ _4864_/Y (sky130_fd_sc_hd__a211oi_1)
   0.30    5.62 v _4866_/Y (sky130_fd_sc_hd__o21ai_0)
   0.51    6.13 ^ _5472_/Y (sky130_fd_sc_hd__a211oi_1)
   0.23    6.35 ^ _5473_/X (sky130_fd_sc_hd__o21ba_2)
   0.04    6.40 v _5644_/Y (sky130_fd_sc_hd__nor2_1)
   0.62    7.02 ^ _5648_/Y (sky130_fd_sc_hd__o32ai_1)
   0.55    7.56 v _5656_/Y (sky130_fd_sc_hd__nand4_1)
   0.23    7.79 ^ _5657_/Y (sky130_fd_sc_hd__nor2_1)
   0.30    8.09 ^ _5658_/Y (sky130_fd_sc_hd__nor4b_1)
   0.19    8.28 v _5659_/Y (sky130_fd_sc_hd__nand4_1)
   0.53    8.80 ^ _5660_/Y (sky130_fd_sc_hd__nor3_2)
   0.34    9.15 v _6721_/SUM (sky130_fd_sc_hd__ha_1)
   0.15    9.30 ^ _6261_/Y (sky130_fd_sc_hd__nor2_1)
   0.46    9.76 ^ _6265_/X (sky130_fd_sc_hd__a31o_2)
   0.41   10.17 ^ place413/X (sky130_fd_sc_hd__buf_4)
   0.09   10.26 v _6571_/Y (sky130_fd_sc_hd__nor2_1)
   0.15   10.41 ^ _6576_/Y (sky130_fd_sc_hd__nor2_1)
   0.07   10.48 v _6579_/Y (sky130_fd_sc_hd__a311oi_1)
   0.21   10.69 ^ _6580_/Y (sky130_fd_sc_hd__a211oi_1)
   0.00   10.69 ^ pc_unit.pc_out[31]$_SDFF_PP0_/D (sky130_fd_sc_hd__dfxtp_1)
          10.69   data arrival time

  20.00   20.00   clock core_clock (rise edge)
   0.00   20.00   clock source latency
   0.00   20.00 ^ clk (in)
   0.26   20.26 ^ clkbuf_0_clk/X (sky130_fd_sc_hd__clkbuf_16)
   0.32   20.58 ^ clkbuf_3_7__f_clk/X (sky130_fd_sc_hd__clkbuf_16)
   0.20   20.78 ^ clkbuf_leaf_48_clk/X (sky130_fd_sc_hd__clkbuf_16)
   0.00   20.78 ^ pc_unit.pc_out[31]$_SDFF_PP0_/CLK (sky130_fd_sc_hd__dfxtp_1)
   0.00   20.78   clock reconvergence pessimism
  -0.08   20.70   library setup time
          20.70   data required time
---------------------------------------------------------
          20.70   data required time
         -10.69   data arrival time
---------------------------------------------------------
          10.01   slack (MET)



==========================================================================
cts final report_checks -path_delay min reg to reg
--------------------------------------------------------------------------
Startpoint: pc_unit.pc_out[0]$_SDFFE_PP0P_
            (rising edge-triggered flip-flop clocked by core_clock)
Endpoint: pc_unit.pc_out[0]$_SDFFE_PP0P_
          (rising edge-triggered flip-flop clocked by core_clock)
Path Group: core_clock
Path Type: min

  Delay    Time   Description
---------------------------------------------------------
   0.00    0.00   clock core_clock (rise edge)
   0.00    0.00   clock source latency
   0.00    0.00 ^ clk (in)
   0.26    0.26 ^ clkbuf_0_clk/X (sky130_fd_sc_hd__clkbuf_16)
   0.32    0.58 ^ clkbuf_3_7__f_clk/X (sky130_fd_sc_hd__clkbuf_16)
   0.20    0.78 ^ clkbuf_leaf_48_clk/X (sky130_fd_sc_hd__clkbuf_16)
   0.00    0.78 ^ pc_unit.pc_out[0]$_SDFFE_PP0P_/CLK (sky130_fd_sc_hd__dfxtp_1)
   0.36    1.14 v pc_unit.pc_out[0]$_SDFFE_PP0P_/Q (sky130_fd_sc_hd__dfxtp_1)
   0.08    1.22 ^ _6264_/Y (sky130_fd_sc_hd__nand2_1)
   0.05    1.27 v _6271_/Y (sky130_fd_sc_hd__a21oi_1)
   0.00    1.27 v pc_unit.pc_out[0]$_SDFFE_PP0P_/D (sky130_fd_sc_hd__dfxtp_1)
           1.27   data arrival time

   0.00    0.00   clock core_clock (rise edge)
   0.00    0.00   clock source latency
   0.00    0.00 ^ clk (in)
   0.26    0.26 ^ clkbuf_0_clk/X (sky130_fd_sc_hd__clkbuf_16)
   0.32    0.58 ^ clkbuf_3_7__f_clk/X (sky130_fd_sc_hd__clkbuf_16)
   0.20    0.78 ^ clkbuf_leaf_48_clk/X (sky130_fd_sc_hd__clkbuf_16)
   0.00    0.78 ^ pc_unit.pc_out[0]$_SDFFE_PP0P_/CLK (sky130_fd_sc_hd__dfxtp_1)
   0.00    0.78   clock reconvergence pessimism
  -0.05    0.73   library hold time
           0.73   data required time
---------------------------------------------------------
           0.73   data required time
          -1.27   data arrival time
---------------------------------------------------------
           0.54   slack (MET)



==========================================================================
cts final critical path target clock latency max path
--------------------------------------------------------------------------
0.7789

==========================================================================
cts final critical path target clock latency min path
--------------------------------------------------------------------------
0.7789

==========================================================================
cts final critical path source clock latency min path
--------------------------------------------------------------------------
0.0000

==========================================================================
cts final critical path delay
--------------------------------------------------------------------------
12.6693

==========================================================================
cts final critical path slack
--------------------------------------------------------------------------
3.3307

==========================================================================
cts final slack div critical path delay
--------------------------------------------------------------------------
26.289535

==========================================================================
cts final report_power
--------------------------------------------------------------------------
Group                  Internal  Switching    Leakage      Total
                          Power      Power      Power      Power (Watts)
----------------------------------------------------------------
Sequential             2.76e-03   1.03e-05   9.45e-09   2.77e-03  43.2%
Combinational          5.41e-04   1.14e-03   1.23e-08   1.69e-03  26.3%
Clock                  1.07e-03   8.83e-04   1.61e-09   1.96e-03  30.5%
Macro                  0.00e+00   0.00e+00   0.00e+00   0.00e+00   0.0%
Pad                    0.00e+00   0.00e+00   0.00e+00   0.00e+00   0.0%
----------------------------------------------------------------
Total                  4.37e-03   2.04e-03   2.34e-08   6.41e-03 100.0%
                          68.2%      31.8%       0.0%
