
==========================================================================
global route report_tns
--------------------------------------------------------------------------
tns max 0.00

==========================================================================
global route report_wns
--------------------------------------------------------------------------
wns max 0.00

==========================================================================
global route report_worst_slack
--------------------------------------------------------------------------
worst slack max 2.87

==========================================================================
global route report_clock_min_period
--------------------------------------------------------------------------
core_clock period_min = 17.13 fmax = 58.38

==========================================================================
global route report_clock_skew
--------------------------------------------------------------------------
Clock core_clock
   0.72 source latency rf.regs[13][29]$_DFFE_PP_/CLK ^
  -0.76 target latency rf.regs[22][27]$_DFFE_PP_/CLK ^
   0.00 CRPR
--------------
  -0.04 setup skew


==========================================================================
global route report_checks -path_delay min
--------------------------------------------------------------------------
Startpoint: pc_unit.pc_out[0]$_SDFFE_PP0P_
            (rising edge-triggered flip-flop clocked by core_clock)
Endpoint: pc_unit.pc_out[0]$_SDFFE_PP0P_
          (rising edge-triggered flip-flop clocked by core_clock)
Path Group: core_clock
Path Type: min

Fanout     Cap    Slew   Delay    Time   Description
-----------------------------------------------------------------------------
                          0.00    0.00   clock core_clock (rise edge)
                          0.00    0.00   clock source latency
     1    0.07    0.00    0.00    0.00 ^ clk (in)
                                         clk (net)
                  0.00    0.00    0.00 ^ clkbuf_0_clk/A (sky130_fd_sc_hd__clkbuf_16)
     8    0.20    0.21    0.24    0.24 ^ clkbuf_0_clk/X (sky130_fd_sc_hd__clkbuf_16)
                                         clknet_0_clk (net)
                  0.21    0.00    0.24 ^ clkbuf_3_7__f_clk/A (sky130_fd_sc_hd__clkbuf_16)
    11    0.19    0.20    0.30    0.55 ^ clkbuf_3_7__f_clk/X (sky130_fd_sc_hd__clkbuf_16)
                                         clknet_3_7__leaf_clk (net)
                  0.20    0.00    0.55 ^ clkbuf_leaf_48_clk/A (sky130_fd_sc_hd__clkbuf_16)
    10    0.05    0.07    0.20    0.75 ^ clkbuf_leaf_48_clk/X (sky130_fd_sc_hd__clkbuf_16)
                                         clknet_leaf_48_clk (net)
                  0.07    0.00    0.75 ^ pc_unit.pc_out[0]$_SDFFE_PP0P_/CLK (sky130_fd_sc_hd__dfxtp_1)
     4    0.02    0.11    0.37    1.12 v pc_unit.pc_out[0]$_SDFFE_PP0P_/Q (sky130_fd_sc_hd__dfxtp_1)
                                         net162 (net)
                  0.11    0.00    1.12 v _6264_/A (sky130_fd_sc_hd__nand2_1)
     1    0.00    0.06    0.09    1.22 ^ _6264_/Y (sky130_fd_sc_hd__nand2_1)
                                         _3016_ (net)
                  0.06    0.00    1.22 ^ _6271_/A1 (sky130_fd_sc_hd__a21oi_1)
     1    0.00    0.04    0.06    1.28 v _6271_/Y (sky130_fd_sc_hd__a21oi_1)
                                         _0276_ (net)
                  0.04    0.00    1.28 v pc_unit.pc_out[0]$_SDFFE_PP0P_/D (sky130_fd_sc_hd__dfxtp_1)
                                  1.28   data arrival time

                          0.00    0.00   clock core_clock (rise edge)
                          0.00    0.00   clock source latency
     1    0.07    0.00    0.00    0.00 ^ clk (in)
                                         clk (net)
                  0.00    0.00    0.00 ^ clkbuf_0_clk/A (sky130_fd_sc_hd__clkbuf_16)
     8    0.20    0.21    0.24    0.24 ^ clkbuf_0_clk/X (sky130_fd_sc_hd__clkbuf_16)
                                         clknet_0_clk (net)
                  0.21    0.00    0.24 ^ clkbuf_3_7__f_clk/A (sky130_fd_sc_hd__clkbuf_16)
    11    0.19    0.20    0.30    0.55 ^ clkbuf_3_7__f_clk/X (sky130_fd_sc_hd__clkbuf_16)
                                         clknet_3_7__leaf_clk (net)
                  0.20    0.00    0.55 ^ clkbuf_leaf_48_clk/A (sky130_fd_sc_hd__clkbuf_16)
    10    0.05    0.07    0.20    0.75 ^ clkbuf_leaf_48_clk/X (sky130_fd_sc_hd__clkbuf_16)
                                         clknet_leaf_48_clk (net)
                  0.07    0.00    0.75 ^ pc_unit.pc_out[0]$_SDFFE_PP0P_/CLK (sky130_fd_sc_hd__dfxtp_1)
                          0.00    0.75   clock reconvergence pessimism
                         -0.05    0.71   library hold time
                                  0.71   data required time
-----------------------------------------------------------------------------
                                  0.71   data required time
                                 -1.28   data arrival time
-----------------------------------------------------------------------------
                                  0.57   slack (MET)



==========================================================================
global route report_checks -path_delay max
--------------------------------------------------------------------------
Startpoint: imem_rdata[20] (input port clocked by core_clock)
Endpoint: dmem_addr[29] (output port clocked by core_clock)
Path Group: core_clock
Path Type: max

Fanout     Cap    Slew   Delay    Time   Description
-----------------------------------------------------------------------------
                          0.00    0.00   clock core_clock (rise edge)
                          0.00    0.00   clock network delay (propagated)
                          4.00    4.00 ^ input external delay
     1    0.00    0.00    0.00    4.00 ^ imem_rdata[20] (in)
                                         imem_rdata[20] (net)
                  0.00    0.00    4.00 ^ input77/A (sky130_fd_sc_hd__buf_2)
     9    0.08    0.39    0.32    4.32 ^ input77/X (sky130_fd_sc_hd__buf_2)
                                         net76 (net)
                  0.39    0.01    4.34 ^ place572/A (sky130_fd_sc_hd__buf_4)
    19    0.19    0.51    0.50    4.84 ^ place572/X (sky130_fd_sc_hd__buf_4)
                                         net571 (net)
                  0.52    0.05    4.89 ^ place571/A (sky130_fd_sc_hd__buf_4)
    34    0.30    0.81    0.75    5.64 ^ place571/X (sky130_fd_sc_hd__buf_4)
                                         net570 (net)
                  0.81    0.03    5.67 ^ place569/A (sky130_fd_sc_hd__buf_4)
    45    0.40    1.08    0.95    6.62 ^ place569/X (sky130_fd_sc_hd__buf_4)
                                         net568 (net)
                  1.09    0.05    6.67 ^ _5824_/S0 (sky130_fd_sc_hd__mux4_2)
     1    0.00    0.09    0.61    7.28 v _5824_/X (sky130_fd_sc_hd__mux4_2)
                                         _2687_ (net)
                  0.09    0.00    7.28 v _5825_/A3 (sky130_fd_sc_hd__mux4_2)
     1    0.00    0.08    0.47    7.76 v _5825_/X (sky130_fd_sc_hd__mux4_2)
                                         _2688_ (net)
                  0.08    0.00    7.76 v _5826_/A1 (sky130_fd_sc_hd__mux2i_1)
     1    0.02    0.53    0.46    8.21 ^ _5826_/Y (sky130_fd_sc_hd__mux2i_1)
                                         _2689_ (net)
                  0.53    0.00    8.22 ^ _5827_/B (sky130_fd_sc_hd__nor2_1)
     2    0.03    0.23    0.28    8.49 v _5827_/Y (sky130_fd_sc_hd__nor2_1)
                                         net131 (net)
                  0.23    0.00    8.50 v _5828_/A2 (sky130_fd_sc_hd__a21oi_1)
     3    0.02    0.39    0.42    8.91 ^ _5828_/Y (sky130_fd_sc_hd__a21oi_1)
                                         _0062_ (net)
                  0.39    0.00    8.92 ^ _6619_/A (sky130_fd_sc_hd__ha_1)
     7    0.03    0.16    0.40    9.32 v _6619_/SUM (sky130_fd_sc_hd__ha_1)
                                         _0077_ (net)
                  0.16    0.00    9.32 v _4681_/B (sky130_fd_sc_hd__and4_1)
     1    0.00    0.04    0.22    9.54 v _4681_/X (sky130_fd_sc_hd__and4_1)
                                         _1617_ (net)
                  0.04    0.00    9.54 v _4682_/B1 (sky130_fd_sc_hd__a31oi_1)
     3    0.02    0.38    0.31    9.86 ^ _4682_/Y (sky130_fd_sc_hd__a31oi_1)
                                         _1618_ (net)
                  0.38    0.00    9.86 ^ _4689_/A1 (sky130_fd_sc_hd__a211oi_1)
     2    0.01    0.16    0.22   10.07 v _4689_/Y (sky130_fd_sc_hd__a211oi_1)
                                         _1625_ (net)
                  0.16    0.00   10.07 v _4692_/B1 (sky130_fd_sc_hd__a2111o_1)
     2    0.02    0.13    0.50   10.58 v _4692_/X (sky130_fd_sc_hd__a2111o_1)
                                         _1628_ (net)
                  0.13    0.00   10.58 v _4698_/A3 (sky130_fd_sc_hd__a41oi_1)
     5    0.02    0.60    0.57   11.15 ^ _4698_/Y (sky130_fd_sc_hd__a41oi_1)
                                         _1634_ (net)
                  0.60    0.00   11.15 ^ _4706_/A2 (sky130_fd_sc_hd__o31a_1)
     4    0.02    0.22    0.34   11.49 ^ _4706_/X (sky130_fd_sc_hd__o31a_1)
                                         _1642_ (net)
                  0.22    0.00   11.49 ^ _4713_/A1 (sky130_fd_sc_hd__a31oi_1)
     3    0.01    0.14    0.18   11.67 v _4713_/Y (sky130_fd_sc_hd__a31oi_1)
                                         _1649_ (net)
                  0.14    0.00   11.67 v _5556_/B2 (sky130_fd_sc_hd__o221a_2)
     1    0.00    0.05    0.26   11.93 v _5556_/X (sky130_fd_sc_hd__o221a_2)
                                         _2461_ (net)
                  0.05    0.00   11.93 v _5570_/A1 (sky130_fd_sc_hd__o21ai_0)
     3    0.02    0.71    0.58   12.51 ^ _5570_/Y (sky130_fd_sc_hd__o21ai_0)
                                         net118 (net)
                  0.71    0.00   12.51 ^ output119/A (sky130_fd_sc_hd__clkdlybuf4s50_1)
     1    0.00    0.06    0.62   13.13 ^ output119/X (sky130_fd_sc_hd__clkdlybuf4s50_1)
                                         dmem_addr[29] (net)
                  0.06    0.00   13.13 ^ dmem_addr[29] (out)
                                 13.13   data arrival time

                         20.00   20.00   clock core_clock (rise edge)
                          0.00   20.00   clock network delay (propagated)
                          0.00   20.00   clock reconvergence pessimism
                         -4.00   16.00   output external delay
                                 16.00   data required time
-----------------------------------------------------------------------------
                                 16.00   data required time
                                -13.13   data arrival time
-----------------------------------------------------------------------------
                                  2.87   slack (MET)



==========================================================================
global route report_checks -unconstrained
--------------------------------------------------------------------------
Startpoint: imem_rdata[20] (input port clocked by core_clock)
Endpoint: dmem_addr[29] (output port clocked by core_clock)
Path Group: core_clock
Path Type: max

Fanout     Cap    Slew   Delay    Time   Description
-----------------------------------------------------------------------------
                          0.00    0.00   clock core_clock (rise edge)
                          0.00    0.00   clock network delay (propagated)
                          4.00    4.00 ^ input external delay
     1    0.00    0.00    0.00    4.00 ^ imem_rdata[20] (in)
                                         imem_rdata[20] (net)
                  0.00    0.00    4.00 ^ input77/A (sky130_fd_sc_hd__buf_2)
     9    0.08    0.39    0.32    4.32 ^ input77/X (sky130_fd_sc_hd__buf_2)
                                         net76 (net)
                  0.39    0.01    4.34 ^ place572/A (sky130_fd_sc_hd__buf_4)
    19    0.19    0.51    0.50    4.84 ^ place572/X (sky130_fd_sc_hd__buf_4)
                                         net571 (net)
                  0.52    0.05    4.89 ^ place571/A (sky130_fd_sc_hd__buf_4)
    34    0.30    0.81    0.75    5.64 ^ place571/X (sky130_fd_sc_hd__buf_4)
                                         net570 (net)
                  0.81    0.03    5.67 ^ place569/A (sky130_fd_sc_hd__buf_4)
    45    0.40    1.08    0.95    6.62 ^ place569/X (sky130_fd_sc_hd__buf_4)
                                         net568 (net)
                  1.09    0.05    6.67 ^ _5824_/S0 (sky130_fd_sc_hd__mux4_2)
     1    0.00    0.09    0.61    7.28 v _5824_/X (sky130_fd_sc_hd__mux4_2)
                                         _2687_ (net)
                  0.09    0.00    7.28 v _5825_/A3 (sky130_fd_sc_hd__mux4_2)
     1    0.00    0.08    0.47    7.76 v _5825_/X (sky130_fd_sc_hd__mux4_2)
                                         _2688_ (net)
                  0.08    0.00    7.76 v _5826_/A1 (sky130_fd_sc_hd__mux2i_1)
     1    0.02    0.53    0.46    8.21 ^ _5826_/Y (sky130_fd_sc_hd__mux2i_1)
                                         _2689_ (net)
                  0.53    0.00    8.22 ^ _5827_/B (sky130_fd_sc_hd__nor2_1)
     2    0.03    0.23    0.28    8.49 v _5827_/Y (sky130_fd_sc_hd__nor2_1)
                                         net131 (net)
                  0.23    0.00    8.50 v _5828_/A2 (sky130_fd_sc_hd__a21oi_1)
     3    0.02    0.39    0.42    8.91 ^ _5828_/Y (sky130_fd_sc_hd__a21oi_1)
                                         _0062_ (net)
                  0.39    0.00    8.92 ^ _6619_/A (sky130_fd_sc_hd__ha_1)
     7    0.03    0.16    0.40    9.32 v _6619_/SUM (sky130_fd_sc_hd__ha_1)
                                         _0077_ (net)
                  0.16    0.00    9.32 v _4681_/B (sky130_fd_sc_hd__and4_1)
     1    0.00    0.04    0.22    9.54 v _4681_/X (sky130_fd_sc_hd__and4_1)
                                         _1617_ (net)
                  0.04    0.00    9.54 v _4682_/B1 (sky130_fd_sc_hd__a31oi_1)
     3    0.02    0.38    0.31    9.86 ^ _4682_/Y (sky130_fd_sc_hd__a31oi_1)
                                         _1618_ (net)
                  0.38    0.00    9.86 ^ _4689_/A1 (sky130_fd_sc_hd__a211oi_1)
     2    0.01    0.16    0.22   10.07 v _4689_/Y (sky130_fd_sc_hd__a211oi_1)
                                         _1625_ (net)
                  0.16    0.00   10.07 v _4692_/B1 (sky130_fd_sc_hd__a2111o_1)
     2    0.02    0.13    0.50   10.58 v _4692_/X (sky130_fd_sc_hd__a2111o_1)
                                         _1628_ (net)
                  0.13    0.00   10.58 v _4698_/A3 (sky130_fd_sc_hd__a41oi_1)
     5    0.02    0.60    0.57   11.15 ^ _4698_/Y (sky130_fd_sc_hd__a41oi_1)
                                         _1634_ (net)
                  0.60    0.00   11.15 ^ _4706_/A2 (sky130_fd_sc_hd__o31a_1)
     4    0.02    0.22    0.34   11.49 ^ _4706_/X (sky130_fd_sc_hd__o31a_1)
                                         _1642_ (net)
                  0.22    0.00   11.49 ^ _4713_/A1 (sky130_fd_sc_hd__a31oi_1)
     3    0.01    0.14    0.18   11.67 v _4713_/Y (sky130_fd_sc_hd__a31oi_1)
                                         _1649_ (net)
                  0.14    0.00   11.67 v _5556_/B2 (sky130_fd_sc_hd__o221a_2)
     1    0.00    0.05    0.26   11.93 v _5556_/X (sky130_fd_sc_hd__o221a_2)
                                         _2461_ (net)
                  0.05    0.00   11.93 v _5570_/A1 (sky130_fd_sc_hd__o21ai_0)
     3    0.02    0.71    0.58   12.51 ^ _5570_/Y (sky130_fd_sc_hd__o21ai_0)
                                         net118 (net)
                  0.71    0.00   12.51 ^ output119/A (sky130_fd_sc_hd__clkdlybuf4s50_1)
     1    0.00    0.06    0.62   13.13 ^ output119/X (sky130_fd_sc_hd__clkdlybuf4s50_1)
                                         dmem_addr[29] (net)
                  0.06    0.00   13.13 ^ dmem_addr[29] (out)
                                 13.13   data arrival time

                         20.00   20.00   clock core_clock (rise edge)
                          0.00   20.00   clock network delay (propagated)
                          0.00   20.00   clock reconvergence pessimism
                         -4.00   16.00   output external delay
                                 16.00   data required time
-----------------------------------------------------------------------------
                                 16.00   data required time
                                -13.13   data arrival time
-----------------------------------------------------------------------------
                                  2.87   slack (MET)



==========================================================================
global route report_check_types -max_slew -max_cap -max_fanout -violators
--------------------------------------------------------------------------

==========================================================================
global route max_slew_check_slack
--------------------------------------------------------------------------
0.053390514105558395

==========================================================================
global route max_slew_check_limit
--------------------------------------------------------------------------
1.5

==========================================================================
global route max_slew_check_slack_limit
--------------------------------------------------------------------------
0.0356

==========================================================================
global route max_fanout_check_slack
--------------------------------------------------------------------------
1.0000000150474662e+30

==========================================================================
global route max_fanout_check_limit
--------------------------------------------------------------------------
1.0000000150474662e+30

==========================================================================
global route max_capacitance_check_slack
--------------------------------------------------------------------------
0.0038416553288698196

==========================================================================
global route max_capacitance_check_limit
--------------------------------------------------------------------------
0.021067000925540924

==========================================================================
global route max_capacitance_check_slack_limit
--------------------------------------------------------------------------
0.1824

==========================================================================
global route max_slew_violation_count
--------------------------------------------------------------------------
max slew violation count 0

==========================================================================
global route max_fanout_violation_count
--------------------------------------------------------------------------
max fanout violation count 0

==========================================================================
global route max_cap_violation_count
--------------------------------------------------------------------------
max cap violation count 0

==========================================================================
global route setup_violation_count
--------------------------------------------------------------------------
setup violation count 0

==========================================================================
global route hold_violation_count
--------------------------------------------------------------------------
hold violation count 0

==========================================================================
global route report_checks -path_delay max reg to reg
--------------------------------------------------------------------------
Startpoint: rf.regs[5][8]$_DFFE_PP_
            (rising edge-triggered flip-flop clocked by core_clock)
Endpoint: pc_unit.pc_out[31]$_SDFF_PP0_
          (rising edge-triggered flip-flop clocked by core_clock)
Path Group: core_clock
Path Type: max

  Delay    Time   Description
---------------------------------------------------------
   0.00    0.00   clock core_clock (rise edge)
   0.00    0.00   clock source latency
   0.00    0.00 ^ clk (in)
   0.24    0.24 ^ clkbuf_0_clk/X (sky130_fd_sc_hd__clkbuf_16)
   0.31    0.55 ^ clkbuf_3_5__f_clk/X (sky130_fd_sc_hd__clkbuf_16)
   0.20    0.75 ^ clkbuf_leaf_31_clk/X (sky130_fd_sc_hd__clkbuf_16)
   0.00    0.75 ^ rf.regs[5][8]$_DFFE_PP_/CLK (sky130_fd_sc_hd__edfxtp_1)
   0.43    1.18 v rf.regs[5][8]$_DFFE_PP_/Q (sky130_fd_sc_hd__edfxtp_1)
   0.48    1.66 v _3805_/X (sky130_fd_sc_hd__mux4_2)
   0.48    2.14 v _3811_/X (sky130_fd_sc_hd__mux4_2)
   0.65    2.79 ^ _3821_/Y (sky130_fd_sc_hd__mux2i_1)
   0.16    2.95 v _3822_/Y (sky130_fd_sc_hd__nor2_1)
   0.13    3.08 ^ _3823_/Y (sky130_fd_sc_hd__nand2_1)
   0.80    3.88 ^ _3824_/Y (sky130_fd_sc_hd__a21boi_0)
   0.51    4.39 v _6640_/SUM (sky130_fd_sc_hd__ha_1)
   0.28    4.67 v _4680_/X (sky130_fd_sc_hd__a21o_1)
   0.19    4.85 v _4858_/X (sky130_fd_sc_hd__a21o_1)
   0.24    5.09 v _4859_/X (sky130_fd_sc_hd__a41o_1)
   0.47    5.56 ^ _4864_/Y (sky130_fd_sc_hd__a211oi_1)
   0.32    5.88 v _4866_/Y (sky130_fd_sc_hd__o21ai_0)
   0.50    6.38 ^ _5472_/Y (sky130_fd_sc_hd__a211oi_1)
   0.23    6.61 ^ _5473_/X (sky130_fd_sc_hd__o21ba_2)
   0.05    6.66 v _5644_/Y (sky130_fd_sc_hd__nor2_1)
   0.59    7.24 ^ _5648_/Y (sky130_fd_sc_hd__o32ai_1)
   0.54    7.78 v _5656_/Y (sky130_fd_sc_hd__nand4_1)
   0.24    8.02 ^ _5657_/Y (sky130_fd_sc_hd__nor2_1)
   0.33    8.36 ^ _5658_/Y (sky130_fd_sc_hd__nor4b_1)
   0.19    8.55 v _5659_/Y (sky130_fd_sc_hd__nand4_1)
   0.48    9.03 ^ _5660_/Y (sky130_fd_sc_hd__nor3_2)
   0.34    9.37 v _6721_/SUM (sky130_fd_sc_hd__ha_1)
   0.19    9.56 ^ _6261_/Y (sky130_fd_sc_hd__nor2_1)
   0.48   10.04 ^ _6265_/X (sky130_fd_sc_hd__a31o_2)
   0.42   10.47 ^ place413/X (sky130_fd_sc_hd__buf_4)
   0.10   10.57 v _6571_/Y (sky130_fd_sc_hd__nor2_1)
   0.19   10.76 ^ _6576_/Y (sky130_fd_sc_hd__nor2_1)
   0.09   10.84 v _6579_/Y (sky130_fd_sc_hd__a311oi_1)
   0.23   11.07 ^ _6580_/Y (sky130_fd_sc_hd__a211oi_1)
   0.00   11.07 ^ pc_unit.pc_out[31]$_SDFF_PP0_/D (sky130_fd_sc_hd__dfxtp_1)
          11.07   data arrival time

  20.00   20.00   clock core_clock (rise edge)
   0.00   20.00   clock source latency
   0.00   20.00 ^ clk (in)
   0.24   20.24 ^ clkbuf_0_clk/X (sky130_fd_sc_hd__clkbuf_16)
   0.31   20.55 ^ clkbuf_3_7__f_clk/X (sky130_fd_sc_hd__clkbuf_16)
   0.20   20.75 ^ clkbuf_leaf_48_clk/X (sky130_fd_sc_hd__clkbuf_16)
   0.00   20.75 ^ pc_unit.pc_out[31]$_SDFF_PP0_/CLK (sky130_fd_sc_hd__dfxtp_1)
   0.00   20.75   clock reconvergence pessimism
  -0.08   20.67   library setup time
          20.67   data required time
---------------------------------------------------------
          20.67   data required time
         -11.07   data arrival time
---------------------------------------------------------
           9.60   slack (MET)



==========================================================================
global route report_checks -path_delay min reg to reg
--------------------------------------------------------------------------
Startpoint: pc_unit.pc_out[0]$_SDFFE_PP0P_
            (rising edge-triggered flip-flop clocked by core_clock)
Endpoint: pc_unit.pc_out[0]$_SDFFE_PP0P_
          (rising edge-triggered flip-flop clocked by core_clock)
Path Group: core_clock
Path Type: min

  Delay    Time   Description
---------------------------------------------------------
   0.00    0.00   clock core_clock (rise edge)
   0.00    0.00   clock source latency
   0.00    0.00 ^ clk (in)
   0.24    0.24 ^ clkbuf_0_clk/X (sky130_fd_sc_hd__clkbuf_16)
   0.31    0.55 ^ clkbuf_3_7__f_clk/X (sky130_fd_sc_hd__clkbuf_16)
   0.20    0.75 ^ clkbuf_leaf_48_clk/X (sky130_fd_sc_hd__clkbuf_16)
   0.00    0.75 ^ pc_unit.pc_out[0]$_SDFFE_PP0P_/CLK (sky130_fd_sc_hd__dfxtp_1)
   0.37    1.12 v pc_unit.pc_out[0]$_SDFFE_PP0P_/Q (sky130_fd_sc_hd__dfxtp_1)
   0.09    1.22 ^ _6264_/Y (sky130_fd_sc_hd__nand2_1)
   0.06    1.28 v _6271_/Y (sky130_fd_sc_hd__a21oi_1)
   0.00    1.28 v pc_unit.pc_out[0]$_SDFFE_PP0P_/D (sky130_fd_sc_hd__dfxtp_1)
           1.28   data arrival time

   0.00    0.00   clock core_clock (rise edge)
   0.00    0.00   clock source latency
   0.00    0.00 ^ clk (in)
   0.24    0.24 ^ clkbuf_0_clk/X (sky130_fd_sc_hd__clkbuf_16)
   0.31    0.55 ^ clkbuf_3_7__f_clk/X (sky130_fd_sc_hd__clkbuf_16)
   0.20    0.75 ^ clkbuf_leaf_48_clk/X (sky130_fd_sc_hd__clkbuf_16)
   0.00    0.75 ^ pc_unit.pc_out[0]$_SDFFE_PP0P_/CLK (sky130_fd_sc_hd__dfxtp_1)
   0.00    0.75   clock reconvergence pessimism
  -0.05    0.71   library hold time
           0.71   data required time
---------------------------------------------------------
           0.71   data required time
          -1.28   data arrival time
---------------------------------------------------------
           0.57   slack (MET)



==========================================================================
global route critical path target clock latency max path
--------------------------------------------------------------------------
0.7520

==========================================================================
global route critical path target clock latency min path
--------------------------------------------------------------------------
0.7533

==========================================================================
global route critical path source clock latency min path
--------------------------------------------------------------------------
0.0000

==========================================================================
global route critical path delay
--------------------------------------------------------------------------
13.1285

==========================================================================
global route critical path slack
--------------------------------------------------------------------------
2.8715

==========================================================================
global route slack div critical path delay
--------------------------------------------------------------------------
21.872263

==========================================================================
global route report_power
--------------------------------------------------------------------------
Group                  Internal  Switching    Leakage      Total
                          Power      Power      Power      Power (Watts)
----------------------------------------------------------------
Sequential             2.76e-03   1.28e-05   9.45e-09   2.77e-03  41.9%
Combinational          5.44e-04   1.26e-03   1.23e-08   1.81e-03  27.3%
Clock                  1.08e-03   9.62e-04   1.61e-09   2.04e-03  30.8%
Macro                  0.00e+00   0.00e+00   0.00e+00   0.00e+00   0.0%
Pad                    0.00e+00   0.00e+00   0.00e+00   0.00e+00   0.0%
----------------------------------------------------------------
Total                  4.38e-03   2.24e-03   2.34e-08   6.62e-03 100.0%
                          66.2%      33.8%       0.0%
