
==========================================================================
finish report_tns
--------------------------------------------------------------------------
tns max 0.00

==========================================================================
finish report_wns
--------------------------------------------------------------------------
wns max 0.00

==========================================================================
finish report_worst_slack
--------------------------------------------------------------------------
worst slack max 3.10

==========================================================================
finish report_clock_min_period
--------------------------------------------------------------------------
core_clock period_min = 16.90 fmax = 59.17

==========================================================================
finish report_clock_skew
--------------------------------------------------------------------------
Clock core_clock
   0.74 source latency rf.regs[10][9]$_DFFE_PP_/CLK ^
  -0.70 target latency rf.regs[17][29]$_DFFE_PP_/CLK ^
   0.00 CRPR
--------------
   0.04 setup skew


==========================================================================
finish report_checks -path_delay min
--------------------------------------------------------------------------
Startpoint: pc_unit.pc_out[0]$_SDFFE_PP0P_
            (rising edge-triggered flip-flop clocked by core_clock)
Endpoint: pc_unit.pc_out[0]$_SDFFE_PP0P_
          (rising edge-triggered flip-flop clocked by core_clock)
Path Group: core_clock
Path Type: min

Fanout     Cap    Slew   Delay    Time   Description
-----------------------------------------------------------------------------
                          0.00    0.00   clock core_clock (rise edge)
                          0.00    0.00   clock source latency
     1    0.06    0.00    0.00    0.00 ^ clk (in)
                                         clk (net)
                  0.00    0.00    0.00 ^ clkbuf_0_clk/A (sky130_fd_sc_hd__clkbuf_16)
     8    0.20    0.21    0.23    0.24 ^ clkbuf_0_clk/X (sky130_fd_sc_hd__clkbuf_16)
                                         clknet_0_clk (net)
                  0.21    0.00    0.24 ^ clkbuf_3_7__f_clk/A (sky130_fd_sc_hd__clkbuf_16)
    11    0.18    0.19    0.30    0.54 ^ clkbuf_3_7__f_clk/X (sky130_fd_sc_hd__clkbuf_16)
                                         clknet_3_7__leaf_clk (net)
                  0.19    0.00    0.54 ^ clkbuf_leaf_48_clk/A (sky130_fd_sc_hd__clkbuf_16)
    10    0.05    0.07    0.20    0.74 ^ clkbuf_leaf_48_clk/X (sky130_fd_sc_hd__clkbuf_16)
                                         clknet_leaf_48_clk (net)
                  0.07    0.00    0.74 ^ pc_unit.pc_out[0]$_SDFFE_PP0P_/CLK (sky130_fd_sc_hd__dfxtp_1)
     4    0.02    0.10    0.36    1.10 v pc_unit.pc_out[0]$_SDFFE_PP0P_/Q (sky130_fd_sc_hd__dfxtp_1)
                                         net162 (net)
                  0.10    0.00    1.10 v _6264_/A (sky130_fd_sc_hd__nand2_1)
     1    0.00    0.05    0.08    1.18 ^ _6264_/Y (sky130_fd_sc_hd__nand2_1)
                                         _3016_ (net)
                  0.05    0.00    1.18 ^ _6271_/A1 (sky130_fd_sc_hd__a21oi_1)
     1    0.00    0.04    0.05    1.23 v _6271_/Y (sky130_fd_sc_hd__a21oi_1)
                                         _0276_ (net)
                  0.04    0.00    1.23 v pc_unit.pc_out[0]$_SDFFE_PP0P_/D (sky130_fd_sc_hd__dfxtp_1)
                                  1.23   data arrival time

                          0.00    0.00   clock core_clock (rise edge)
                          0.00    0.00   clock source latency
     1    0.06    0.00    0.00    0.00 ^ clk (in)
                                         clk (net)
                  0.00    0.00    0.00 ^ clkbuf_0_clk/A (sky130_fd_sc_hd__clkbuf_16)
     8    0.20    0.21    0.23    0.24 ^ clkbuf_0_clk/X (sky130_fd_sc_hd__clkbuf_16)
                                         clknet_0_clk (net)
                  0.21    0.00    0.24 ^ clkbuf_3_7__f_clk/A (sky130_fd_sc_hd__clkbuf_16)
    11    0.18    0.19    0.30    0.54 ^ clkbuf_3_7__f_clk/X (sky130_fd_sc_hd__clkbuf_16)
                                         clknet_3_7__leaf_clk (net)
                  0.19    0.00    0.54 ^ clkbuf_leaf_48_clk/A (sky130_fd_sc_hd__clkbuf_16)
    10    0.05    0.07    0.20    0.74 ^ clkbuf_leaf_48_clk/X (sky130_fd_sc_hd__clkbuf_16)
                                         clknet_leaf_48_clk (net)
                  0.07    0.00    0.74 ^ pc_unit.pc_out[0]$_SDFFE_PP0P_/CLK (sky130_fd_sc_hd__dfxtp_1)
                          0.00    0.74   clock reconvergence pessimism
                         -0.05    0.69   library hold time
                                  0.69   data required time
-----------------------------------------------------------------------------
                                  0.69   data required time
                                 -1.23   data arrival time
-----------------------------------------------------------------------------
                                  0.54   slack (MET)



==========================================================================
finish report_checks -path_delay max
--------------------------------------------------------------------------
Startpoint: imem_rdata[20] (input port clocked by core_clock)
Endpoint: dmem_addr[22] (output port clocked by core_clock)
Path Group: core_clock
Path Type: max

Fanout     Cap    Slew   Delay    Time   Description
-----------------------------------------------------------------------------
                          0.00    0.00   clock core_clock (rise edge)
                          0.00    0.00   clock network delay (propagated)
                          4.00    4.00 ^ input external delay
     1    0.00    0.00    0.00    4.00 ^ imem_rdata[20] (in)
                                         imem_rdata[20] (net)
                  0.00    0.00    4.00 ^ input77/A (sky130_fd_sc_hd__buf_2)
     9    0.08    0.39    0.32    4.32 ^ input77/X (sky130_fd_sc_hd__buf_2)
                                         net76 (net)
                  0.39    0.02    4.34 ^ place574/A (sky130_fd_sc_hd__buf_4)
    50    0.38    1.02    0.84    5.18 ^ place574/X (sky130_fd_sc_hd__buf_4)
                                         net573 (net)
                  1.03    0.07    5.26 ^ place573/A (sky130_fd_sc_hd__buf_4)
    25    0.20    0.54    0.60    5.86 ^ place573/X (sky130_fd_sc_hd__buf_4)
                                         net572 (net)
                  0.54    0.01    5.87 ^ _6006_/S0 (sky130_fd_sc_hd__mux4_2)
     1    0.00    0.08    0.56    6.43 v _6006_/X (sky130_fd_sc_hd__mux4_2)
                                         _2813_ (net)
                  0.08    0.00    6.43 v _6007_/A3 (sky130_fd_sc_hd__mux4_2)
     1    0.01    0.09    0.49    6.92 v _6007_/X (sky130_fd_sc_hd__mux4_2)
                                         _2814_ (net)
                  0.09    0.00    6.92 v _6013_/A0 (sky130_fd_sc_hd__mux2i_1)
     1    0.02    0.47    0.39    7.31 ^ _6013_/Y (sky130_fd_sc_hd__mux2i_1)
                                         _2820_ (net)
                  0.47    0.00    7.31 ^ _6014_/B (sky130_fd_sc_hd__nor2_1)
     2    0.02    0.18    0.20    7.51 v _6014_/Y (sky130_fd_sc_hd__nor2_1)
                                         net160 (net)
                  0.18    0.00    7.51 v _6015_/B (sky130_fd_sc_hd__nand2_1)
     1    0.00    0.07    0.11    7.62 ^ _6015_/Y (sky130_fd_sc_hd__nand2_1)
                                         _2821_ (net)
                  0.07    0.00    7.62 ^ _6016_/B1_N (sky130_fd_sc_hd__a21boi_0)
     3    0.03    1.04    0.82    8.45 ^ _6016_/Y (sky130_fd_sc_hd__a21boi_0)
                                         _0107_ (net)
                  1.04    0.00    8.45 ^ _6637_/A (sky130_fd_sc_hd__ha_1)
    12    0.04    0.20    0.51    8.96 v _6637_/SUM (sky130_fd_sc_hd__ha_1)
                                         _0110_ (net)
                  0.20    0.00    8.96 v _4858_/A1 (sky130_fd_sc_hd__a21o_1)
     1    0.00    0.03    0.21    9.17 v _4858_/X (sky130_fd_sc_hd__a21o_1)
                                         _1785_ (net)
                  0.03    0.00    9.17 v _4859_/B1 (sky130_fd_sc_hd__a41o_1)
     2    0.01    0.07    0.23    9.40 v _4859_/X (sky130_fd_sc_hd__a41o_1)
                                         _1786_ (net)
                  0.07    0.00    9.40 v _4864_/A1 (sky130_fd_sc_hd__a211oi_1)
     3    0.01    0.48    0.43    9.84 ^ _4864_/Y (sky130_fd_sc_hd__a211oi_1)
                                         _1791_ (net)
                  0.48    0.00    9.84 ^ _4866_/A2 (sky130_fd_sc_hd__o21ai_0)
     2    0.01    0.22    0.29   10.12 v _4866_/Y (sky130_fd_sc_hd__o21ai_0)
                                         _1793_ (net)
                  0.22    0.00   10.13 v _5472_/A1 (sky130_fd_sc_hd__a211oi_1)
     1    0.02    0.52    0.51   10.64 ^ _5472_/Y (sky130_fd_sc_hd__a211oi_1)
                                         _2381_ (net)
                  0.52    0.00   10.64 ^ _5473_/A2 (sky130_fd_sc_hd__o21ba_2)
     3    0.01    0.08    0.23   10.87 ^ _5473_/X (sky130_fd_sc_hd__o21ba_2)
                                         _2382_ (net)
                  0.08    0.00   10.87 ^ _5474_/B (sky130_fd_sc_hd__nor2_1)
     4    0.02    0.09    0.09   10.96 v _5474_/Y (sky130_fd_sc_hd__nor2_1)
                                         _2383_ (net)
                  0.09    0.00   10.96 v _5482_/D (sky130_fd_sc_hd__nor4_1)
     1    0.00    0.25    0.20   11.16 ^ _5482_/Y (sky130_fd_sc_hd__nor4_1)
                                         _2391_ (net)
                  0.25    0.00   11.16 ^ _5483_/D (sky130_fd_sc_hd__nor4_1)
     1    0.01    0.07    0.10   11.26 v _5483_/Y (sky130_fd_sc_hd__nor4_1)
                                         _2392_ (net)
                  0.07    0.00   11.26 v _5499_/A2 (sky130_fd_sc_hd__o21ai_0)
     3    0.04    1.27    0.98   12.25 ^ _5499_/Y (sky130_fd_sc_hd__o21ai_0)
                                         net111 (net)
                  1.27    0.00   12.25 ^ output112/A (sky130_fd_sc_hd__clkdlybuf4s50_1)
     1    0.00    0.04    0.65   12.90 ^ output112/X (sky130_fd_sc_hd__clkdlybuf4s50_1)
                                         dmem_addr[22] (net)
                  0.04    0.00   12.90 ^ dmem_addr[22] (out)
                                 12.90   data arrival time

                         20.00   20.00   clock core_clock (rise edge)
                          0.00   20.00   clock network delay (propagated)
                          0.00   20.00   clock reconvergence pessimism
                         -4.00   16.00   output external delay
                                 16.00   data required time
-----------------------------------------------------------------------------
                                 16.00   data required time
                                -12.90   data arrival time
-----------------------------------------------------------------------------
                                  3.10   slack (MET)



==========================================================================
finish report_checks -unconstrained
--------------------------------------------------------------------------
Startpoint: imem_rdata[20] (input port clocked by core_clock)
Endpoint: dmem_addr[22] (output port clocked by core_clock)
Path Group: core_clock
Path Type: max

Fanout     Cap    Slew   Delay    Time   Description
-----------------------------------------------------------------------------
                          0.00    0.00   clock core_clock (rise edge)
                          0.00    0.00   clock network delay (propagated)
                          4.00    4.00 ^ input external delay
     1    0.00    0.00    0.00    4.00 ^ imem_rdata[20] (in)
                                         imem_rdata[20] (net)
                  0.00    0.00    4.00 ^ input77/A (sky130_fd_sc_hd__buf_2)
     9    0.08    0.39    0.32    4.32 ^ input77/X (sky130_fd_sc_hd__buf_2)
                                         net76 (net)
                  0.39    0.02    4.34 ^ place574/A (sky130_fd_sc_hd__buf_4)
    50    0.38    1.02    0.84    5.18 ^ place574/X (sky130_fd_sc_hd__buf_4)
                                         net573 (net)
                  1.03    0.07    5.26 ^ place573/A (sky130_fd_sc_hd__buf_4)
    25    0.20    0.54    0.60    5.86 ^ place573/X (sky130_fd_sc_hd__buf_4)
                                         net572 (net)
                  0.54    0.01    5.87 ^ _6006_/S0 (sky130_fd_sc_hd__mux4_2)
     1    0.00    0.08    0.56    6.43 v _6006_/X (sky130_fd_sc_hd__mux4_2)
                                         _2813_ (net)
                  0.08    0.00    6.43 v _6007_/A3 (sky130_fd_sc_hd__mux4_2)
     1    0.01    0.09    0.49    6.92 v _6007_/X (sky130_fd_sc_hd__mux4_2)
                                         _2814_ (net)
                  0.09    0.00    6.92 v _6013_/A0 (sky130_fd_sc_hd__mux2i_1)
     1    0.02    0.47    0.39    7.31 ^ _6013_/Y (sky130_fd_sc_hd__mux2i_1)
                                         _2820_ (net)
                  0.47    0.00    7.31 ^ _6014_/B (sky130_fd_sc_hd__nor2_1)
     2    0.02    0.18    0.20    7.51 v _6014_/Y (sky130_fd_sc_hd__nor2_1)
                                         net160 (net)
                  0.18    0.00    7.51 v _6015_/B (sky130_fd_sc_hd__nand2_1)
     1    0.00    0.07    0.11    7.62 ^ _6015_/Y (sky130_fd_sc_hd__nand2_1)
                                         _2821_ (net)
                  0.07    0.00    7.62 ^ _6016_/B1_N (sky130_fd_sc_hd__a21boi_0)
     3    0.03    1.04    0.82    8.45 ^ _6016_/Y (sky130_fd_sc_hd__a21boi_0)
                                         _0107_ (net)
                  1.04    0.00    8.45 ^ _6637_/A (sky130_fd_sc_hd__ha_1)
    12    0.04    0.20    0.51    8.96 v _6637_/SUM (sky130_fd_sc_hd__ha_1)
                                         _0110_ (net)
                  0.20    0.00    8.96 v _4858_/A1 (sky130_fd_sc_hd__a21o_1)
     1    0.00    0.03    0.21    9.17 v _4858_/X (sky130_fd_sc_hd__a21o_1)
                                         _1785_ (net)
                  0.03    0.00    9.17 v _4859_/B1 (sky130_fd_sc_hd__a41o_1)
     2    0.01    0.07    0.23    9.40 v _4859_/X (sky130_fd_sc_hd__a41o_1)
                                         _1786_ (net)
                  0.07    0.00    9.40 v _4864_/A1 (sky130_fd_sc_hd__a211oi_1)
     3    0.01    0.48    0.43    9.84 ^ _4864_/Y (sky130_fd_sc_hd__a211oi_1)
                                         _1791_ (net)
                  0.48    0.00    9.84 ^ _4866_/A2 (sky130_fd_sc_hd__o21ai_0)
     2    0.01    0.22    0.29   10.12 v _4866_/Y (sky130_fd_sc_hd__o21ai_0)
                                         _1793_ (net)
                  0.22    0.00   10.13 v _5472_/A1 (sky130_fd_sc_hd__a211oi_1)
     1    0.02    0.52    0.51   10.64 ^ _5472_/Y (sky130_fd_sc_hd__a211oi_1)
                                         _2381_ (net)
                  0.52    0.00   10.64 ^ _5473_/A2 (sky130_fd_sc_hd__o21ba_2)
     3    0.01    0.08    0.23   10.87 ^ _5473_/X (sky130_fd_sc_hd__o21ba_2)
                                         _2382_ (net)
                  0.08    0.00   10.87 ^ _5474_/B (sky130_fd_sc_hd__nor2_1)
     4    0.02    0.09    0.09   10.96 v _5474_/Y (sky130_fd_sc_hd__nor2_1)
                                         _2383_ (net)
                  0.09    0.00   10.96 v _5482_/D (sky130_fd_sc_hd__nor4_1)
     1    0.00    0.25    0.20   11.16 ^ _5482_/Y (sky130_fd_sc_hd__nor4_1)
                                         _2391_ (net)
                  0.25    0.00   11.16 ^ _5483_/D (sky130_fd_sc_hd__nor4_1)
     1    0.01    0.07    0.10   11.26 v _5483_/Y (sky130_fd_sc_hd__nor4_1)
                                         _2392_ (net)
                  0.07    0.00   11.26 v _5499_/A2 (sky130_fd_sc_hd__o21ai_0)
     3    0.04    1.27    0.98   12.25 ^ _5499_/Y (sky130_fd_sc_hd__o21ai_0)
                                         net111 (net)
                  1.27    0.00   12.25 ^ output112/A (sky130_fd_sc_hd__clkdlybuf4s50_1)
     1    0.00    0.04    0.65   12.90 ^ output112/X (sky130_fd_sc_hd__clkdlybuf4s50_1)
                                         dmem_addr[22] (net)
                  0.04    0.00   12.90 ^ dmem_addr[22] (out)
                                 12.90   data arrival time

                         20.00   20.00   clock core_clock (rise edge)
                          0.00   20.00   clock network delay (propagated)
                          0.00   20.00   clock reconvergence pessimism
                         -4.00   16.00   output external delay
                                 16.00   data required time
-----------------------------------------------------------------------------
                                 16.00   data required time
                                -12.90   data arrival time
-----------------------------------------------------------------------------
                                  3.10   slack (MET)



==========================================================================
finish report_check_types -max_slew -max_cap -max_fanout -violators
--------------------------------------------------------------------------

==========================================================================
finish max_slew_check_slack
--------------------------------------------------------------------------
0.086781807243824

==========================================================================
finish max_slew_check_limit
--------------------------------------------------------------------------
1.4862940311431885

==========================================================================
finish max_slew_check_slack_limit
--------------------------------------------------------------------------
0.0584

==========================================================================
finish max_fanout_check_slack
--------------------------------------------------------------------------
1.0000000150474662e+30

==========================================================================
finish max_fanout_check_limit
--------------------------------------------------------------------------
1.0000000150474662e+30

==========================================================================
finish max_capacitance_check_slack
--------------------------------------------------------------------------
0.0013388677034527063

==========================================================================
finish max_capacitance_check_limit
--------------------------------------------------------------------------
0.03663099929690361

==========================================================================
finish max_capacitance_check_slack_limit
--------------------------------------------------------------------------
0.0366

==========================================================================
finish max_slew_violation_count
--------------------------------------------------------------------------
max slew violation count 0

==========================================================================
finish max_fanout_violation_count
--------------------------------------------------------------------------
max fanout violation count 0

==========================================================================
finish max_cap_violation_count
--------------------------------------------------------------------------
max cap violation count 0

==========================================================================
finish setup_violation_count
--------------------------------------------------------------------------
setup violation count 0

==========================================================================
finish hold_violation_count
--------------------------------------------------------------------------
hold violation count 0

==========================================================================
finish report_checks -path_delay max reg to reg
--------------------------------------------------------------------------
Startpoint: rf.regs[4][8]$_DFFE_PP_
            (rising edge-triggered flip-flop clocked by core_clock)
Endpoint: pc_unit.pc_out[31]$_SDFF_PP0_
          (rising edge-triggered flip-flop clocked by core_clock)
Path Group: core_clock
Path Type: max

  Delay    Time   Description
---------------------------------------------------------
   0.00    0.00   clock core_clock (rise edge)
   0.00    0.00   clock source latency
   0.00    0.00 ^ clk (in)
   0.24    0.24 ^ clkbuf_0_clk/X (sky130_fd_sc_hd__clkbuf_16)
   0.30    0.54 ^ clkbuf_3_5__f_clk/X (sky130_fd_sc_hd__clkbuf_16)
   0.20    0.74 ^ clkbuf_leaf_31_clk/X (sky130_fd_sc_hd__clkbuf_16)
   0.00    0.74 ^ rf.regs[4][8]$_DFFE_PP_/CLK (sky130_fd_sc_hd__edfxtp_1)
   0.42    1.16 v rf.regs[4][8]$_DFFE_PP_/Q (sky130_fd_sc_hd__edfxtp_1)
   0.48    1.64 v _3805_/X (sky130_fd_sc_hd__mux4_2)
   0.48    2.12 v _3811_/X (sky130_fd_sc_hd__mux4_2)
   0.53    2.65 ^ _3821_/Y (sky130_fd_sc_hd__mux2i_1)
   0.15    2.80 v _3822_/Y (sky130_fd_sc_hd__nor2_1)
   0.10    2.90 ^ _3823_/Y (sky130_fd_sc_hd__nand2_1)
   0.90    3.80 ^ _3824_/Y (sky130_fd_sc_hd__a21boi_0)
   0.51    4.31 v _6640_/SUM (sky130_fd_sc_hd__ha_1)
   0.27    4.58 v _4680_/X (sky130_fd_sc_hd__a21o_1)
   0.18    4.76 v _4858_/X (sky130_fd_sc_hd__a21o_1)
   0.23    5.00 v _4859_/X (sky130_fd_sc_hd__a41o_1)
   0.43    5.43 ^ _4864_/Y (sky130_fd_sc_hd__a211oi_1)
   0.29    5.72 v _4866_/Y (sky130_fd_sc_hd__o21ai_0)
   0.52    6.23 ^ _5472_/Y (sky130_fd_sc_hd__a211oi_1)
   0.23    6.46 ^ _5473_/X (sky130_fd_sc_hd__o21ba_2)
   0.04    6.51 v _5644_/Y (sky130_fd_sc_hd__nor2_1)
   0.64    7.14 ^ _5648_/Y (sky130_fd_sc_hd__o32ai_1)
   0.59    7.73 v _5656_/Y (sky130_fd_sc_hd__nand4_1)
   0.23    7.97 ^ _5657_/Y (sky130_fd_sc_hd__nor2_1)
   0.32    8.29 ^ _5658_/Y (sky130_fd_sc_hd__nor4b_1)
   0.20    8.48 v _5659_/Y (sky130_fd_sc_hd__nand4_1)
   0.55    9.04 ^ _5660_/Y (sky130_fd_sc_hd__nor3_2)
   0.35    9.38 v _6721_/SUM (sky130_fd_sc_hd__ha_1)
   0.16    9.54 ^ _6261_/Y (sky130_fd_sc_hd__nor2_1)
   0.47   10.01 ^ _6265_/X (sky130_fd_sc_hd__a31o_2)
   0.41   10.42 ^ place413/X (sky130_fd_sc_hd__buf_4)
   0.10   10.52 v _6571_/Y (sky130_fd_sc_hd__nor2_1)
   0.15   10.67 ^ _6576_/Y (sky130_fd_sc_hd__nor2_1)
   0.07   10.74 v _6579_/Y (sky130_fd_sc_hd__a311oi_1)
   0.21   10.95 ^ _6580_/Y (sky130_fd_sc_hd__a211oi_1)
   0.00   10.95 ^ pc_unit.pc_out[31]$_SDFF_PP0_/D (sky130_fd_sc_hd__dfxtp_1)
          10.95   data arrival time

  20.00   20.00   clock core_clock (rise edge)
   0.00   20.00   clock source latency
   0.00   20.00 ^ clk (in)
   0.24   20.24 ^ clkbuf_0_clk/X (sky130_fd_sc_hd__clkbuf_16)
   0.30   20.54 ^ clkbuf_3_7__f_clk/X (sky130_fd_sc_hd__clkbuf_16)
   0.20   20.74 ^ clkbuf_leaf_48_clk/X (sky130_fd_sc_hd__clkbuf_16)
   0.00   20.74 ^ pc_unit.pc_out[31]$_SDFF_PP0_/CLK (sky130_fd_sc_hd__dfxtp_1)
   0.00   20.74   clock reconvergence pessimism
  -0.08   20.66   library setup time
          20.66   data required time
---------------------------------------------------------
          20.66   data required time
         -10.95   data arrival time
---------------------------------------------------------
           9.71   slack (MET)



==========================================================================
finish report_checks -path_delay min reg to reg
--------------------------------------------------------------------------
Startpoint: pc_unit.pc_out[0]$_SDFFE_PP0P_
            (rising edge-triggered flip-flop clocked by core_clock)
Endpoint: pc_unit.pc_out[0]$_SDFFE_PP0P_
          (rising edge-triggered flip-flop clocked by core_clock)
Path Group: core_clock
Path Type: min

  Delay    Time   Description
---------------------------------------------------------
   0.00    0.00   clock core_clock (rise edge)
   0.00    0.00   clock source latency
   0.00    0.00 ^ clk (in)
   0.24    0.24 ^ clkbuf_0_clk/X (sky130_fd_sc_hd__clkbuf_16)
   0.30    0.54 ^ clkbuf_3_7__f_clk/X (sky130_fd_sc_hd__clkbuf_16)
   0.20    0.74 ^ clkbuf_leaf_48_clk/X (sky130_fd_sc_hd__clkbuf_16)
   0.00    0.74 ^ pc_unit.pc_out[0]$_SDFFE_PP0P_/CLK (sky130_fd_sc_hd__dfxtp_1)
   0.36    1.10 v pc_unit.pc_out[0]$_SDFFE_PP0P_/Q (sky130_fd_sc_hd__dfxtp_1)
   0.08    1.18 ^ _6264_/Y (sky130_fd_sc_hd__nand2_1)
   0.05    1.23 v _6271_/Y (sky130_fd_sc_hd__a21oi_1)
   0.00    1.23 v pc_unit.pc_out[0]$_SDFFE_PP0P_/D (sky130_fd_sc_hd__dfxtp_1)
           1.23   data arrival time

   0.00    0.00   clock core_clock (rise edge)
   0.00    0.00   clock source latency
   0.00    0.00 ^ clk (in)
   0.24    0.24 ^ clkbuf_0_clk/X (sky130_fd_sc_hd__clkbuf_16)
   0.30    0.54 ^ clkbuf_3_7__f_clk/X (sky130_fd_sc_hd__clkbuf_16)
   0.20    0.74 ^ clkbuf_leaf_48_clk/X (sky130_fd_sc_hd__clkbuf_16)
   0.00    0.74 ^ pc_unit.pc_out[0]$_SDFFE_PP0P_/CLK (sky130_fd_sc_hd__dfxtp_1)
   0.00    0.74   clock reconvergence pessimism
  -0.05    0.69   library hold time
           0.69   data required time
---------------------------------------------------------
           0.69   data required time
          -1.23   data arrival time
---------------------------------------------------------
           0.54   slack (MET)



==========================================================================
finish critical path target clock latency max path
--------------------------------------------------------------------------
0.7369

==========================================================================
finish critical path target clock latency min path
--------------------------------------------------------------------------
0.7339

==========================================================================
finish critical path source clock latency min path
--------------------------------------------------------------------------
0.0000

==========================================================================
finish critical path delay
--------------------------------------------------------------------------
12.8997

==========================================================================
finish critical path slack
--------------------------------------------------------------------------
3.1003

==========================================================================
finish slack div critical path delay
--------------------------------------------------------------------------
24.033892

==========================================================================
finish report_power
--------------------------------------------------------------------------
Group                  Internal  Switching    Leakage      Total
                          Power      Power      Power      Power (Watts)
----------------------------------------------------------------
Sequential             2.76e-03   1.08e-05   9.45e-09   2.77e-03  43.0%
Combinational          5.41e-04   1.19e-03   1.23e-08   1.73e-03  26.9%
Clock                  1.07e-03   8.63e-04   1.61e-09   1.94e-03  30.1%
Macro                  0.00e+00   0.00e+00   0.00e+00   0.00e+00   0.0%
Pad                    0.00e+00   0.00e+00   0.00e+00   0.00e+00   0.0%
----------------------------------------------------------------
Total                  4.37e-03   2.07e-03   2.34e-08   6.44e-03 100.0%
                          67.9%      32.1%       0.0%
