
==========================================================================
finish report_tns
--------------------------------------------------------------------------
tns max -0.06

==========================================================================
finish report_wns
--------------------------------------------------------------------------
wns max -0.06

==========================================================================
finish report_worst_slack
--------------------------------------------------------------------------
worst slack max -0.06

==========================================================================
finish report_clock_min_period
--------------------------------------------------------------------------
core_clock period_min = 8.84 fmax = 113.17

==========================================================================
finish report_clock_skew
--------------------------------------------------------------------------
Clock core_clock
   0.71 source latency rf.regs[25][18]$_DFFE_PP_/CLK ^
  -0.77 target latency rf.regs[5][12]$_DFFE_PP_/CLK ^
   0.00 CRPR
--------------
  -0.05 setup skew


==========================================================================
finish report_checks -path_delay min
--------------------------------------------------------------------------
Startpoint: fetch_pc[31]$_SDFF_PP0_
            (rising edge-triggered flip-flop clocked by core_clock)
Endpoint: exec_pc[31]$_SDFFE_PP0N_
          (rising edge-triggered flip-flop clocked by core_clock)
Path Group: core_clock
Path Type: min

Fanout     Cap    Slew   Delay    Time   Description
-----------------------------------------------------------------------------
                          0.00    0.00   clock core_clock (rise edge)
                          0.00    0.00   clock source latency
     2    0.06    0.00    0.00    0.00 ^ clk (in)
                                         clk (net)
                  0.00    0.00    0.00 ^ clkbuf_0_clk/A (sky130_fd_sc_hd__clkbuf_16)
     8    0.20    0.21    0.23    0.24 ^ clkbuf_0_clk/X (sky130_fd_sc_hd__clkbuf_16)
                                         clknet_0_clk (net)
                  0.21    0.01    0.24 ^ clkbuf_3_7__f_clk/A (sky130_fd_sc_hd__clkbuf_16)
    12    0.20    0.21    0.31    0.55 ^ clkbuf_3_7__f_clk/X (sky130_fd_sc_hd__clkbuf_16)
                                         clknet_3_7__leaf_clk (net)
                  0.21    0.00    0.55 ^ clkbuf_leaf_66_clk/A (sky130_fd_sc_hd__clkbuf_16)
    12    0.04    0.07    0.20    0.75 ^ clkbuf_leaf_66_clk/X (sky130_fd_sc_hd__clkbuf_16)
                                         clknet_leaf_66_clk (net)
                  0.07    0.00    0.75 ^ fetch_pc[31]$_SDFF_PP0_/CLK (sky130_fd_sc_hd__dfxtp_1)
     3    0.02    0.09    0.35    1.11 v fetch_pc[31]$_SDFF_PP0_/Q (sky130_fd_sc_hd__dfxtp_1)
                                         net186 (net)
                  0.09    0.00    1.11 v _6942_/A (sky130_fd_sc_hd__nand2_1)
     1    0.00    0.04    0.07    1.18 ^ _6942_/Y (sky130_fd_sc_hd__nand2_1)
                                         _3462_ (net)
                  0.04    0.00    1.18 ^ _6943_/A2 (sky130_fd_sc_hd__a21oi_1)
     1    0.00    0.04    0.06    1.23 v _6943_/Y (sky130_fd_sc_hd__a21oi_1)
                                         _0387_ (net)
                  0.04    0.00    1.23 v exec_pc[31]$_SDFFE_PP0N_/D (sky130_fd_sc_hd__dfxtp_1)
                                  1.23   data arrival time

                          0.00    0.00   clock core_clock (rise edge)
                          0.00    0.00   clock source latency
     2    0.06    0.00    0.00    0.00 ^ clk (in)
                                         clk (net)
                  0.00    0.00    0.00 ^ clkbuf_0_clk/A (sky130_fd_sc_hd__clkbuf_16)
     8    0.20    0.21    0.23    0.24 ^ clkbuf_0_clk/X (sky130_fd_sc_hd__clkbuf_16)
                                         clknet_0_clk (net)
                  0.21    0.01    0.24 ^ clkbuf_3_7__f_clk/A (sky130_fd_sc_hd__clkbuf_16)
    12    0.20    0.21    0.31    0.55 ^ clkbuf_3_7__f_clk/X (sky130_fd_sc_hd__clkbuf_16)
                                         clknet_3_7__leaf_clk (net)
                  0.21    0.00    0.55 ^ clkbuf_leaf_66_clk/A (sky130_fd_sc_hd__clkbuf_16)
    12    0.04    0.07    0.20    0.75 ^ clkbuf_leaf_66_clk/X (sky130_fd_sc_hd__clkbuf_16)
                                         clknet_leaf_66_clk (net)
                  0.07    0.00    0.75 ^ exec_pc[31]$_SDFFE_PP0N_/CLK (sky130_fd_sc_hd__dfxtp_1)
                          0.00    0.75   clock reconvergence pessimism
                         -0.05    0.71   library hold time
                                  0.71   data required time
-----------------------------------------------------------------------------
                                  0.71   data required time
                                 -1.23   data arrival time
-----------------------------------------------------------------------------
                                  0.53   slack (MET)



==========================================================================
finish report_checks -path_delay max
--------------------------------------------------------------------------
Startpoint: _7087_ (rising edge-triggered flip-flop clocked by core_clock)
Endpoint: dmem_addr[30] (output port clocked by core_clock)
Path Group: core_clock
Path Type: max

Fanout     Cap    Slew   Delay    Time   Description
-----------------------------------------------------------------------------
                          0.00    0.00   clock core_clock (rise edge)
                          0.00    0.00   clock source latency
     2    0.06    0.00    0.00    0.00 ^ clk (in)
                                         clk (net)
                  0.00    0.00    0.00 ^ clkbuf_0_clk/A (sky130_fd_sc_hd__clkbuf_16)
     8    0.20    0.21    0.23    0.24 ^ clkbuf_0_clk/X (sky130_fd_sc_hd__clkbuf_16)
                                         clknet_0_clk (net)
                  0.21    0.01    0.24 ^ clkbuf_3_7__f_clk/A (sky130_fd_sc_hd__clkbuf_16)
    12    0.20    0.21    0.31    0.55 ^ clkbuf_3_7__f_clk/X (sky130_fd_sc_hd__clkbuf_16)
                                         clknet_3_7__leaf_clk (net)
                  0.21    0.00    0.55 ^ clkbuf_leaf_57_clk/A (sky130_fd_sc_hd__clkbuf_16)
    12    0.05    0.07    0.20    0.75 ^ clkbuf_leaf_57_clk/X (sky130_fd_sc_hd__clkbuf_16)
                                         clknet_leaf_57_clk (net)
                  0.07    0.00    0.75 ^ _7087_/CLK (sky130_fd_sc_hd__dfxtp_4)
    10    0.07    0.21    0.47    1.22 ^ _7087_/Q (sky130_fd_sc_hd__dfxtp_4)
                                         _0007_ (net)
                  0.21    0.01    1.24 ^ place1686/A (sky130_fd_sc_hd__buf_4)
     4    0.03    0.08    0.19    1.43 ^ place1686/X (sky130_fd_sc_hd__buf_4)
                                         net1685 (net)
                  0.08    0.00    1.43 ^ _3538_/B (sky130_fd_sc_hd__nor3b_2)
     2    0.01    0.07    0.07    1.50 v _3538_/Y (sky130_fd_sc_hd__nor3b_2)
                                         _0440_ (net)
                  0.07    0.00    1.50 v place1608/A (sky130_fd_sc_hd__buf_4)
     5    0.04    0.06    0.18    1.68 v place1608/X (sky130_fd_sc_hd__buf_4)
                                         net1607 (net)
                  0.06    0.00    1.68 v place1607/A (sky130_fd_sc_hd__buf_4)
    15    0.15    0.19    0.26    1.94 v place1607/X (sky130_fd_sc_hd__buf_4)
                                         net1606 (net)
                  0.19    0.00    1.94 v _3632_/B2 (sky130_fd_sc_hd__a22oi_2)
     1    0.01    0.16    0.21    2.16 ^ _3632_/Y (sky130_fd_sc_hd__a22oi_2)
                                         _0530_ (net)
                  0.16    0.00    2.16 ^ _3667_/B (sky130_fd_sc_hd__nand4_1)
     1    0.05    0.59    0.50    2.66 v _3667_/Y (sky130_fd_sc_hd__nand4_1)
                                         _0565_ (net)
                  0.59    0.01    2.67 v place1538/A (sky130_fd_sc_hd__buf_6)
     2    0.01    0.04    0.31    2.98 v place1538/X (sky130_fd_sc_hd__buf_6)
                                         net1537 (net)
                  0.04    0.00    2.98 v _3668_/B (sky130_fd_sc_hd__nand2_1)
     2    0.01    0.14    0.09    3.07 ^ _3668_/Y (sky130_fd_sc_hd__nand2_1)
                                         _0181_ (net)
                  0.14    0.00    3.07 ^ _3669_/A (sky130_fd_sc_hd__inv_2)
     2    0.02    0.06    0.09    3.16 v _3669_/Y (sky130_fd_sc_hd__inv_2)
                                         alu_a[6] (net)
                  0.06    0.00    3.16 v _7027_/A (sky130_fd_sc_hd__ha_4)
     4    0.02    0.04    0.18    3.34 v _7027_/COUT (sky130_fd_sc_hd__ha_4)
                                         _0175_ (net)
                  0.04    0.00    3.34 v _5380_/B (sky130_fd_sc_hd__or3_1)
     1    0.01    0.10    0.39    3.72 v _5380_/X (sky130_fd_sc_hd__or3_1)
                                         _2165_ (net)
                  0.10    0.00    3.72 v _5381_/C (sky130_fd_sc_hd__nor3_4)
     2    0.02    0.27    0.24    3.97 ^ _5381_/Y (sky130_fd_sc_hd__nor3_4)
                                         _2166_ (net)
                  0.27    0.00    3.97 ^ _5383_/A1 (sky130_fd_sc_hd__o21ai_4)
     3    0.02    0.09    0.13    4.09 v _5383_/Y (sky130_fd_sc_hd__o21ai_4)
                                         _2168_ (net)
                  0.09    0.00    4.10 v _5619_/A2 (sky130_fd_sc_hd__a2111oi_4)
     1    0.02    0.39    0.47    4.57 ^ _5619_/Y (sky130_fd_sc_hd__a2111oi_4)
                                         _2396_ (net)
                  0.39    0.00    4.57 ^ place1312/A (sky130_fd_sc_hd__buf_4)
     2    0.01    0.05    0.19    4.76 ^ place1312/X (sky130_fd_sc_hd__buf_4)
                                         net1311 (net)
                  0.05    0.00    4.76 ^ _5682_/A (sky130_fd_sc_hd__nor3b_2)
     2    0.02    0.11    0.06    4.83 v _5682_/Y (sky130_fd_sc_hd__nor3b_2)
                                         _2457_ (net)
                  0.11    0.00    4.83 v _5689_/A3 (sky130_fd_sc_hd__o41ai_2)
     1    0.00    0.23    0.29    5.12 ^ _5689_/Y (sky130_fd_sc_hd__o41ai_2)
                                         _2464_ (net)
                  0.23    0.00    5.12 ^ rebuffer1735/A (sky130_fd_sc_hd__buf_4)
     2    0.01    0.05    0.17    5.29 ^ rebuffer1735/X (sky130_fd_sc_hd__buf_4)
                                         net1734 (net)
                  0.05    0.00    5.29 ^ _5911_/A1 (sky130_fd_sc_hd__a21oi_2)
     2    0.01    0.06    0.06    5.35 v _5911_/Y (sky130_fd_sc_hd__a21oi_2)
                                         _2677_ (net)
                  0.06    0.00    5.35 v place1297/A (sky130_fd_sc_hd__buf_4)
     2    0.01    0.03    0.15    5.50 v place1297/X (sky130_fd_sc_hd__buf_4)
                                         net1296 (net)
                  0.03    0.00    5.50 v _5913_/A3 (sky130_fd_sc_hd__o31ai_4)
     2    0.01    0.19    0.18    5.68 ^ _5913_/Y (sky130_fd_sc_hd__o31ai_4)
                                         _2679_ (net)
                  0.19    0.00    5.68 ^ _6061_/A1 (sky130_fd_sc_hd__a21oi_1)
     1    0.01    0.08    0.11    5.78 v _6061_/Y (sky130_fd_sc_hd__a21oi_1)
                                         _2826_ (net)
                  0.08    0.00    5.78 v _6062_/B (sky130_fd_sc_hd__xor2_1)
     1    0.01    0.07    0.16    5.95 v _6062_/X (sky130_fd_sc_hd__xor2_1)
                                         _2827_ (net)
                  0.07    0.00    5.95 v _6074_/B1 (sky130_fd_sc_hd__a221oi_2)
     1    0.01    0.24    0.27    6.22 ^ _6074_/Y (sky130_fd_sc_hd__a221oi_2)
                                         _2839_ (net)
                  0.24    0.00    6.22 ^ place1255/A (sky130_fd_sc_hd__buf_4)
     2    0.01    0.06    0.18    6.40 ^ place1255/X (sky130_fd_sc_hd__buf_4)
                                         net1254 (net)
                  0.06    0.00    6.40 ^ _6184_/A (sky130_fd_sc_hd__inv_1)
     1    0.00    0.02    0.04    6.44 v _6184_/Y (sky130_fd_sc_hd__inv_1)
                                         net120 (net)
                  0.02    0.00    6.44 v output121/A (sky130_fd_sc_hd__clkdlybuf4s50_1)
     1    0.00    0.04    0.40    6.84 v output121/X (sky130_fd_sc_hd__clkdlybuf4s50_1)
                                         dmem_addr[30] (net)
                  0.04    0.00    6.84 v dmem_addr[30] (out)
                                  6.84   data arrival time

                          8.77    8.77   clock core_clock (rise edge)
                          0.00    8.77   clock network delay (propagated)
                          0.00    8.77   clock reconvergence pessimism
                         -2.00    6.77   output external delay
                                  6.77   data required time
-----------------------------------------------------------------------------
                                  6.77   data required time
                                 -6.84   data arrival time
-----------------------------------------------------------------------------
                                 -0.06   slack (VIOLATED)



==========================================================================
finish report_checks -unconstrained
--------------------------------------------------------------------------
Startpoint: _7087_ (rising edge-triggered flip-flop clocked by core_clock)
Endpoint: dmem_addr[30] (output port clocked by core_clock)
Path Group: core_clock
Path Type: max

Fanout     Cap    Slew   Delay    Time   Description
-----------------------------------------------------------------------------
                          0.00    0.00   clock core_clock (rise edge)
                          0.00    0.00   clock source latency
     2    0.06    0.00    0.00    0.00 ^ clk (in)
                                         clk (net)
                  0.00    0.00    0.00 ^ clkbuf_0_clk/A (sky130_fd_sc_hd__clkbuf_16)
     8    0.20    0.21    0.23    0.24 ^ clkbuf_0_clk/X (sky130_fd_sc_hd__clkbuf_16)
                                         clknet_0_clk (net)
                  0.21    0.01    0.24 ^ clkbuf_3_7__f_clk/A (sky130_fd_sc_hd__clkbuf_16)
    12    0.20    0.21    0.31    0.55 ^ clkbuf_3_7__f_clk/X (sky130_fd_sc_hd__clkbuf_16)
                                         clknet_3_7__leaf_clk (net)
                  0.21    0.00    0.55 ^ clkbuf_leaf_57_clk/A (sky130_fd_sc_hd__clkbuf_16)
    12    0.05    0.07    0.20    0.75 ^ clkbuf_leaf_57_clk/X (sky130_fd_sc_hd__clkbuf_16)
                                         clknet_leaf_57_clk (net)
                  0.07    0.00    0.75 ^ _7087_/CLK (sky130_fd_sc_hd__dfxtp_4)
    10    0.07    0.21    0.47    1.22 ^ _7087_/Q (sky130_fd_sc_hd__dfxtp_4)
                                         _0007_ (net)
                  0.21    0.01    1.24 ^ place1686/A (sky130_fd_sc_hd__buf_4)
     4    0.03    0.08    0.19    1.43 ^ place1686/X (sky130_fd_sc_hd__buf_4)
                                         net1685 (net)
                  0.08    0.00    1.43 ^ _3538_/B (sky130_fd_sc_hd__nor3b_2)
     2    0.01    0.07    0.07    1.50 v _3538_/Y (sky130_fd_sc_hd__nor3b_2)
                                         _0440_ (net)
                  0.07    0.00    1.50 v place1608/A (sky130_fd_sc_hd__buf_4)
     5    0.04    0.06    0.18    1.68 v place1608/X (sky130_fd_sc_hd__buf_4)
                                         net1607 (net)
                  0.06    0.00    1.68 v place1607/A (sky130_fd_sc_hd__buf_4)
    15    0.15    0.19    0.26    1.94 v place1607/X (sky130_fd_sc_hd__buf_4)
                                         net1606 (net)
                  0.19    0.00    1.94 v _3632_/B2 (sky130_fd_sc_hd__a22oi_2)
     1    0.01    0.16    0.21    2.16 ^ _3632_/Y (sky130_fd_sc_hd__a22oi_2)
                                         _0530_ (net)
                  0.16    0.00    2.16 ^ _3667_/B (sky130_fd_sc_hd__nand4_1)
     1    0.05    0.59    0.50    2.66 v _3667_/Y (sky130_fd_sc_hd__nand4_1)
                                         _0565_ (net)
                  0.59    0.01    2.67 v place1538/A (sky130_fd_sc_hd__buf_6)
     2    0.01    0.04    0.31    2.98 v place1538/X (sky130_fd_sc_hd__buf_6)
                                         net1537 (net)
                  0.04    0.00    2.98 v _3668_/B (sky130_fd_sc_hd__nand2_1)
     2    0.01    0.14    0.09    3.07 ^ _3668_/Y (sky130_fd_sc_hd__nand2_1)
                                         _0181_ (net)
                  0.14    0.00    3.07 ^ _3669_/A (sky130_fd_sc_hd__inv_2)
     2    0.02    0.06    0.09    3.16 v _3669_/Y (sky130_fd_sc_hd__inv_2)
                                         alu_a[6] (net)
                  0.06    0.00    3.16 v _7027_/A (sky130_fd_sc_hd__ha_4)
     4    0.02    0.04    0.18    3.34 v _7027_/COUT (sky130_fd_sc_hd__ha_4)
                                         _0175_ (net)
                  0.04    0.00    3.34 v _5380_/B (sky130_fd_sc_hd__or3_1)
     1    0.01    0.10    0.39    3.72 v _5380_/X (sky130_fd_sc_hd__or3_1)
                                         _2165_ (net)
                  0.10    0.00    3.72 v _5381_/C (sky130_fd_sc_hd__nor3_4)
     2    0.02    0.27    0.24    3.97 ^ _5381_/Y (sky130_fd_sc_hd__nor3_4)
                                         _2166_ (net)
                  0.27    0.00    3.97 ^ _5383_/A1 (sky130_fd_sc_hd__o21ai_4)
     3    0.02    0.09    0.13    4.09 v _5383_/Y (sky130_fd_sc_hd__o21ai_4)
                                         _2168_ (net)
                  0.09    0.00    4.10 v _5619_/A2 (sky130_fd_sc_hd__a2111oi_4)
     1    0.02    0.39    0.47    4.57 ^ _5619_/Y (sky130_fd_sc_hd__a2111oi_4)
                                         _2396_ (net)
                  0.39    0.00    4.57 ^ place1312/A (sky130_fd_sc_hd__buf_4)
     2    0.01    0.05    0.19    4.76 ^ place1312/X (sky130_fd_sc_hd__buf_4)
                                         net1311 (net)
                  0.05    0.00    4.76 ^ _5682_/A (sky130_fd_sc_hd__nor3b_2)
     2    0.02    0.11    0.06    4.83 v _5682_/Y (sky130_fd_sc_hd__nor3b_2)
                                         _2457_ (net)
                  0.11    0.00    4.83 v _5689_/A3 (sky130_fd_sc_hd__o41ai_2)
     1    0.00    0.23    0.29    5.12 ^ _5689_/Y (sky130_fd_sc_hd__o41ai_2)
                                         _2464_ (net)
                  0.23    0.00    5.12 ^ rebuffer1735/A (sky130_fd_sc_hd__buf_4)
     2    0.01    0.05    0.17    5.29 ^ rebuffer1735/X (sky130_fd_sc_hd__buf_4)
                                         net1734 (net)
                  0.05    0.00    5.29 ^ _5911_/A1 (sky130_fd_sc_hd__a21oi_2)
     2    0.01    0.06    0.06    5.35 v _5911_/Y (sky130_fd_sc_hd__a21oi_2)
                                         _2677_ (net)
                  0.06    0.00    5.35 v place1297/A (sky130_fd_sc_hd__buf_4)
     2    0.01    0.03    0.15    5.50 v place1297/X (sky130_fd_sc_hd__buf_4)
                                         net1296 (net)
                  0.03    0.00    5.50 v _5913_/A3 (sky130_fd_sc_hd__o31ai_4)
     2    0.01    0.19    0.18    5.68 ^ _5913_/Y (sky130_fd_sc_hd__o31ai_4)
                                         _2679_ (net)
                  0.19    0.00    5.68 ^ _6061_/A1 (sky130_fd_sc_hd__a21oi_1)
     1    0.01    0.08    0.11    5.78 v _6061_/Y (sky130_fd_sc_hd__a21oi_1)
                                         _2826_ (net)
                  0.08    0.00    5.78 v _6062_/B (sky130_fd_sc_hd__xor2_1)
     1    0.01    0.07    0.16    5.95 v _6062_/X (sky130_fd_sc_hd__xor2_1)
                                         _2827_ (net)
                  0.07    0.00    5.95 v _6074_/B1 (sky130_fd_sc_hd__a221oi_2)
     1    0.01    0.24    0.27    6.22 ^ _6074_/Y (sky130_fd_sc_hd__a221oi_2)
                                         _2839_ (net)
                  0.24    0.00    6.22 ^ place1255/A (sky130_fd_sc_hd__buf_4)
     2    0.01    0.06    0.18    6.40 ^ place1255/X (sky130_fd_sc_hd__buf_4)
                                         net1254 (net)
                  0.06    0.00    6.40 ^ _6184_/A (sky130_fd_sc_hd__inv_1)
     1    0.00    0.02    0.04    6.44 v _6184_/Y (sky130_fd_sc_hd__inv_1)
                                         net120 (net)
                  0.02    0.00    6.44 v output121/A (sky130_fd_sc_hd__clkdlybuf4s50_1)
     1    0.00    0.04    0.40    6.84 v output121/X (sky130_fd_sc_hd__clkdlybuf4s50_1)
                                         dmem_addr[30] (net)
                  0.04    0.00    6.84 v dmem_addr[30] (out)
                                  6.84   data arrival time

                          8.77    8.77   clock core_clock (rise edge)
                          0.00    8.77   clock network delay (propagated)
                          0.00    8.77   clock reconvergence pessimism
                         -2.00    6.77   output external delay
                                  6.77   data required time
-----------------------------------------------------------------------------
                                  6.77   data required time
                                 -6.84   data arrival time
-----------------------------------------------------------------------------
                                 -0.06   slack (VIOLATED)



==========================================================================
finish report_check_types -max_slew -max_cap -max_fanout -violators
--------------------------------------------------------------------------

==========================================================================
finish max_slew_check_slack
--------------------------------------------------------------------------
0.09899992495775223

==========================================================================
finish max_slew_check_limit
--------------------------------------------------------------------------
1.4582829475402832

==========================================================================
finish max_slew_check_slack_limit
--------------------------------------------------------------------------
0.0679

==========================================================================
finish max_fanout_check_slack
--------------------------------------------------------------------------
1.0000000150474662e+30

==========================================================================
finish max_fanout_check_limit
--------------------------------------------------------------------------
1.0000000150474662e+30

==========================================================================
finish max_capacitance_check_slack
--------------------------------------------------------------------------
0.003775049699470401

==========================================================================
finish max_capacitance_check_limit
--------------------------------------------------------------------------
0.06867499649524689

==========================================================================
finish max_capacitance_check_slack_limit
--------------------------------------------------------------------------
0.0550

==========================================================================
finish max_slew_violation_count
--------------------------------------------------------------------------
max slew violation count 0

==========================================================================
finish max_fanout_violation_count
--------------------------------------------------------------------------
max fanout violation count 0

==========================================================================
finish max_cap_violation_count
--------------------------------------------------------------------------
max cap violation count 0

==========================================================================
finish setup_violation_count
--------------------------------------------------------------------------
setup violation count 1

==========================================================================
finish hold_violation_count
--------------------------------------------------------------------------
hold violation count 0

==========================================================================
finish report_checks -path_delay max reg to reg
--------------------------------------------------------------------------
Startpoint: _7090_ (rising edge-triggered flip-flop clocked by core_clock)
Endpoint: exec_pc[7]$_SDFFE_PP0N_
          (rising edge-triggered flip-flop clocked by core_clock)
Path Group: core_clock
Path Type: max

  Delay    Time   Description
---------------------------------------------------------
   0.00    0.00   clock core_clock (rise edge)
   0.00    0.00   clock source latency
   0.00    0.00 ^ clk (in)
   0.24    0.24 ^ clkbuf_0_clk/X (sky130_fd_sc_hd__clkbuf_16)
   0.31    0.55 ^ clkbuf_3_7__f_clk/X (sky130_fd_sc_hd__clkbuf_16)
   0.21    0.75 ^ clkbuf_leaf_57_clk/X (sky130_fd_sc_hd__clkbuf_16)
   0.00    0.75 ^ _7090_/CLK (sky130_fd_sc_hd__dfxtp_4)
   0.38    1.13 ^ _7090_/Q (sky130_fd_sc_hd__dfxtp_4)
   0.18    1.31 ^ place1683/X (sky130_fd_sc_hd__buf_12)
   0.15    1.46 ^ rebuffer1741/X (sky130_fd_sc_hd__buf_12)
   0.11    1.57 ^ clone1737/X (sky130_fd_sc_hd__buf_16)
   0.49    2.06 v _4048_/X (sky130_fd_sc_hd__mux4_2)
   0.48    2.54 v _4049_/X (sky130_fd_sc_hd__mux4_2)
   0.34    2.88 v _4050_/X (sky130_fd_sc_hd__mux2_4)
   0.10    2.98 ^ _4051_/Y (sky130_fd_sc_hd__nand2_4)
   0.06    3.04 v _4052_/Y (sky130_fd_sc_hd__nor2_1)
   0.18    3.22 ^ _4053_/Y (sky130_fd_sc_hd__a21oi_2)
   0.17    3.39 ^ place1464/X (sky130_fd_sc_hd__buf_4)
   0.04    3.43 v _4054_/Y (sky130_fd_sc_hd__inv_2)
   0.18    3.61 v _7031_/COUT (sky130_fd_sc_hd__ha_4)
   0.24    3.85 ^ _4642_/Y (sky130_fd_sc_hd__nor4_2)
   0.14    3.99 v _4643_/Y (sky130_fd_sc_hd__o21ai_1)
   0.16    4.15 v place1329/X (sky130_fd_sc_hd__buf_4)
   0.22    4.37 v _5429_/X (sky130_fd_sc_hd__a31o_2)
   0.24    4.61 ^ _5430_/Y (sky130_fd_sc_hd__a21oi_1)
   0.17    4.78 v _5433_/Y (sky130_fd_sc_hd__o22ai_1)
   0.38    5.15 ^ _5436_/Y (sky130_fd_sc_hd__a311oi_1)
   0.23    5.38 v _5442_/Y (sky130_fd_sc_hd__o2111ai_1)
   0.48    5.86 ^ _5443_/Y (sky130_fd_sc_hd__a2111oi_4)
   0.11    5.97 v _5444_/Y (sky130_fd_sc_hd__nand2b_1)
   0.28    6.25 ^ _5525_/Y (sky130_fd_sc_hd__nor4_1)
   0.16    6.41 v _5676_/Y (sky130_fd_sc_hd__nand4b_1)
   0.54    6.95 v _5819_/X (sky130_fd_sc_hd__or4_1)
   0.47    7.43 ^ _6134_/Y (sky130_fd_sc_hd__nor3_2)
   0.20    7.63 ^ place1232/X (sky130_fd_sc_hd__buf_4)
   0.22    7.84 v _7078_/SUM (sky130_fd_sc_hd__ha_1)
   0.31    8.15 ^ _6520_/Y (sky130_fd_sc_hd__o41ai_1)
   0.17    8.32 ^ place1231/X (sky130_fd_sc_hd__buf_4)
   0.14    8.46 ^ _6521_/X (sky130_fd_sc_hd__and2_1)
   0.09    8.55 v _6523_/Y (sky130_fd_sc_hd__nor2_1)
   0.30    8.85 v place1227/X (sky130_fd_sc_hd__buf_4)
   0.29    9.14 v _6557_/X (sky130_fd_sc_hd__a22o_1)
   0.00    9.14 v exec_pc[7]$_SDFFE_PP0N_/D (sky130_fd_sc_hd__dfxtp_1)
           9.14   data arrival time

   8.77    8.77   clock core_clock (rise edge)
   0.00    8.77   clock source latency
   0.00    8.77 ^ clk (in)
   0.24    9.01 ^ clkbuf_0_clk/X (sky130_fd_sc_hd__clkbuf_16)
   0.31    9.32 ^ clkbuf_3_7__f_clk/X (sky130_fd_sc_hd__clkbuf_16)
   0.20    9.52 ^ clkbuf_leaf_67_clk/X (sky130_fd_sc_hd__clkbuf_16)
   0.00    9.52 ^ exec_pc[7]$_SDFFE_PP0N_/CLK (sky130_fd_sc_hd__dfxtp_1)
   0.00    9.52   clock reconvergence pessimism
  -0.11    9.41   library setup time
           9.41   data required time
---------------------------------------------------------
           9.41   data required time
          -9.14   data arrival time
---------------------------------------------------------
           0.28   slack (MET)



==========================================================================
finish report_checks -path_delay min reg to reg
--------------------------------------------------------------------------
Startpoint: fetch_pc[31]$_SDFF_PP0_
            (rising edge-triggered flip-flop clocked by core_clock)
Endpoint: exec_pc[31]$_SDFFE_PP0N_
          (rising edge-triggered flip-flop clocked by core_clock)
Path Group: core_clock
Path Type: min

  Delay    Time   Description
---------------------------------------------------------
   0.00    0.00   clock core_clock (rise edge)
   0.00    0.00   clock source latency
   0.00    0.00 ^ clk (in)
   0.24    0.24 ^ clkbuf_0_clk/X (sky130_fd_sc_hd__clkbuf_16)
   0.31    0.55 ^ clkbuf_3_7__f_clk/X (sky130_fd_sc_hd__clkbuf_16)
   0.20    0.75 ^ clkbuf_leaf_66_clk/X (sky130_fd_sc_hd__clkbuf_16)
   0.00    0.75 ^ fetch_pc[31]$_SDFF_PP0_/CLK (sky130_fd_sc_hd__dfxtp_1)
   0.35    1.11 v fetch_pc[31]$_SDFF_PP0_/Q (sky130_fd_sc_hd__dfxtp_1)
   0.07    1.18 ^ _6942_/Y (sky130_fd_sc_hd__nand2_1)
   0.06    1.23 v _6943_/Y (sky130_fd_sc_hd__a21oi_1)
   0.00    1.23 v exec_pc[31]$_SDFFE_PP0N_/D (sky130_fd_sc_hd__dfxtp_1)
           1.23   data arrival time

   0.00    0.00   clock core_clock (rise edge)
   0.00    0.00   clock source latency
   0.00    0.00 ^ clk (in)
   0.24    0.24 ^ clkbuf_0_clk/X (sky130_fd_sc_hd__clkbuf_16)
   0.31    0.55 ^ clkbuf_3_7__f_clk/X (sky130_fd_sc_hd__clkbuf_16)
   0.20    0.75 ^ clkbuf_leaf_66_clk/X (sky130_fd_sc_hd__clkbuf_16)
   0.00    0.75 ^ exec_pc[31]$_SDFFE_PP0N_/CLK (sky130_fd_sc_hd__dfxtp_1)
   0.00    0.75   clock reconvergence pessimism
  -0.05    0.71   library hold time
           0.71   data required time
---------------------------------------------------------
           0.71   data required time
          -1.23   data arrival time
---------------------------------------------------------
           0.53   slack (MET)



==========================================================================
finish critical path target clock latency max path
--------------------------------------------------------------------------
0.7172

==========================================================================
finish critical path target clock latency min path
--------------------------------------------------------------------------
0.7492

==========================================================================
finish critical path source clock latency min path
--------------------------------------------------------------------------
0.0000

==========================================================================
finish critical path delay
--------------------------------------------------------------------------
6.8360

==========================================================================
finish critical path slack
--------------------------------------------------------------------------
-0.0641

==========================================================================
finish slack div critical path delay
--------------------------------------------------------------------------
-0.937683

==========================================================================
finish report_power
--------------------------------------------------------------------------
Group                  Internal  Switching    Leakage      Total
                          Power      Power      Power      Power (Watts)
----------------------------------------------------------------
Sequential             6.85e-03   5.50e-05   1.01e-08   6.90e-03  39.3%
Combinational          2.09e-03   3.66e-03   1.43e-08   5.75e-03  32.7%
Clock                  2.79e-03   2.14e-03   1.82e-09   4.93e-03  28.0%
Macro                  0.00e+00   0.00e+00   0.00e+00   0.00e+00   0.0%
Pad                    0.00e+00   0.00e+00   0.00e+00   0.00e+00   0.0%
----------------------------------------------------------------
Total                  1.17e-02   5.85e-03   2.62e-08   1.76e-02 100.0%
                          66.7%      33.3%       0.0%
