
==========================================================================
detailed place report_tns
--------------------------------------------------------------------------
tns max -48.05

==========================================================================
detailed place report_wns
--------------------------------------------------------------------------
wns max -1.68

==========================================================================
detailed place report_worst_slack
--------------------------------------------------------------------------
worst slack max -1.68

==========================================================================
detailed place report_clock_min_period
--------------------------------------------------------------------------
core_clock period_min = 11.88 fmax = 84.17

==========================================================================
detailed place report_checks -path_delay min
--------------------------------------------------------------------------
Startpoint: pc_unit.pc_out[1]$_SDFFE_PP0P_
            (rising edge-triggered flip-flop clocked by core_clock)
Endpoint: pc_unit.pc_out[1]$_SDFFE_PP0P_
          (rising edge-triggered flip-flop clocked by core_clock)
Path Group: core_clock
Path Type: min

Fanout     Cap    Slew   Delay    Time   Description
-----------------------------------------------------------------------------
                  0.00    0.00    0.00   clock core_clock (rise edge)
                          0.00    0.00   clock network delay (ideal)
                  0.00    0.00    0.00 ^ pc_unit.pc_out[1]$_SDFFE_PP0P_/CLK (sky130_fd_sc_hd__dfxtp_1)
     5    0.03    0.16    0.39    0.39 v pc_unit.pc_out[1]$_SDFFE_PP0P_/Q (sky130_fd_sc_hd__dfxtp_1)
                                         net173 (net)
                  0.16    0.00    0.39 v _6389_/A (sky130_fd_sc_hd__nand2_1)
     1    0.00    0.05    0.10    0.49 ^ _6389_/Y (sky130_fd_sc_hd__nand2_1)
                                         _3175_ (net)
                  0.05    0.00    0.49 ^ _6391_/A1 (sky130_fd_sc_hd__a21oi_1)
     1    0.00    0.04    0.05    0.54 v _6391_/Y (sky130_fd_sc_hd__a21oi_1)
                                         _0307_ (net)
                  0.04    0.00    0.54 v pc_unit.pc_out[1]$_SDFFE_PP0P_/D (sky130_fd_sc_hd__dfxtp_1)
                                  0.54   data arrival time

                  0.00    0.00    0.00   clock core_clock (rise edge)
                          0.00    0.00   clock network delay (ideal)
                          0.00    0.00   clock reconvergence pessimism
                                  0.00 ^ pc_unit.pc_out[1]$_SDFFE_PP0P_/CLK (sky130_fd_sc_hd__dfxtp_1)
                         -0.06   -0.06   library hold time
                                 -0.06   data required time
-----------------------------------------------------------------------------
                                 -0.06   data required time
                                 -0.54   data arrival time
-----------------------------------------------------------------------------
                                  0.60   slack (MET)



==========================================================================
detailed place report_checks -path_delay max
--------------------------------------------------------------------------
Startpoint: imem_rdata[20] (input port clocked by core_clock)
Endpoint: dmem_addr[30] (output port clocked by core_clock)
Path Group: core_clock
Path Type: max

Fanout     Cap    Slew   Delay    Time   Description
-----------------------------------------------------------------------------
                  0.00    0.00    0.00   clock core_clock (rise edge)
                          0.00    0.00   clock network delay (ideal)
                          2.04    2.04 ^ input external delay
     1    0.01    0.00    0.00    2.04 ^ imem_rdata[20] (in)
                                         imem_rdata[20] (net)
                  0.00    0.00    2.04 ^ input77/A (sky130_fd_sc_hd__clkdlybuf4s50_1)
     1    0.01    0.12    0.51    2.55 ^ input77/X (sky130_fd_sc_hd__clkdlybuf4s50_1)
                                         net76 (net)
                  0.12    0.00    2.55 ^ place1937/A (sky130_fd_sc_hd__buf_12)
    16    0.16    0.19    0.22    2.77 ^ place1937/X (sky130_fd_sc_hd__buf_12)
                                         net1936 (net)
                  0.19    0.01    2.79 ^ place1933/A (sky130_fd_sc_hd__buf_12)
    17    0.13    0.15    0.22    3.01 ^ place1933/X (sky130_fd_sc_hd__buf_12)
                                         net1932 (net)
                  0.15    0.00    3.01 ^ _5516_/S0 (sky130_fd_sc_hd__mux4_2)
     1    0.00    0.08    0.51    3.52 v _5516_/X (sky130_fd_sc_hd__mux4_2)
                                         _2515_ (net)
                  0.08    0.00    3.52 v _5517_/A3 (sky130_fd_sc_hd__mux4_2)
     1    0.00    0.09    0.48    4.01 v _5517_/X (sky130_fd_sc_hd__mux4_2)
                                         _2516_ (net)
                  0.09    0.00    4.01 v _5518_/A1 (sky130_fd_sc_hd__mux2i_1)
     1    0.01    0.34    0.31    4.32 ^ _5518_/Y (sky130_fd_sc_hd__mux2i_1)
                                         _2517_ (net)
                  0.34    0.00    4.32 ^ place1703/A (sky130_fd_sc_hd__buf_4)
     1    0.02    0.06    0.20    4.52 ^ place1703/X (sky130_fd_sc_hd__buf_4)
                                         net1702 (net)
                  0.06    0.00    4.52 ^ _5519_/B (sky130_fd_sc_hd__nor2_1)
     2    0.01    0.04    0.05    4.57 v _5519_/Y (sky130_fd_sc_hd__nor2_1)
                                         net156 (net)
                  0.04    0.00    4.57 v _5520_/B (sky130_fd_sc_hd__nand2_1)
     1    0.02    0.17    0.15    4.72 ^ _5520_/Y (sky130_fd_sc_hd__nand2_1)
                                         _2518_ (net)
                  0.17    0.00    4.72 ^ _5521_/B1_N (sky130_fd_sc_hd__a21boi_0)
     1    0.01    0.20    0.24    4.96 ^ _5521_/Y (sky130_fd_sc_hd__a21boi_0)
                                         _0052_ (net)
                  0.20    0.00    4.96 ^ place1532/A (sky130_fd_sc_hd__buf_4)
     2    0.01    0.04    0.16    5.12 ^ place1532/X (sky130_fd_sc_hd__buf_4)
                                         net1531 (net)
                  0.04    0.00    5.12 ^ _6431_/B (sky130_fd_sc_hd__ha_1)
     4    0.01    0.10    0.26    5.38 v _6431_/SUM (sky130_fd_sc_hd__ha_1)
                                         _0089_ (net)
                  0.10    0.00    5.38 v _4430_/A (sky130_fd_sc_hd__nand3_1)
     1    0.00    0.07    0.09    5.47 ^ _4430_/Y (sky130_fd_sc_hd__nand3_1)
                                         _1481_ (net)
                  0.07    0.00    5.47 ^ _4431_/C1 (sky130_fd_sc_hd__o211ai_1)
     2    0.01    0.13    0.13    5.60 v _4431_/Y (sky130_fd_sc_hd__o211ai_1)
                                         _1482_ (net)
                  0.13    0.00    5.60 v _4436_/A4 (sky130_fd_sc_hd__o41ai_1)
     1    0.00    0.28    0.27    5.87 ^ _4436_/Y (sky130_fd_sc_hd__o41ai_1)
                                         _1487_ (net)
                  0.28    0.00    5.87 ^ place1250/A (sky130_fd_sc_hd__buf_4)
     2    0.01    0.05    0.18    6.05 ^ place1250/X (sky130_fd_sc_hd__buf_4)
                                         net1249 (net)
                  0.05    0.00    6.05 ^ _4445_/A1 (sky130_fd_sc_hd__o21ai_0)
     1    0.02    0.22    0.20    6.25 v _4445_/Y (sky130_fd_sc_hd__o21ai_0)
                                         _1496_ (net)
                  0.22    0.00    6.25 v place1244/A (sky130_fd_sc_hd__buf_4)
     3    0.02    0.04    0.23    6.48 v place1244/X (sky130_fd_sc_hd__buf_4)
                                         net1243 (net)
                  0.04    0.00    6.48 v _5178_/A1 (sky130_fd_sc_hd__a211oi_1)
     1    0.01    0.35    0.33    6.81 ^ _5178_/Y (sky130_fd_sc_hd__a211oi_1)
                                         _2203_ (net)
                  0.35    0.00    6.81 ^ place1235/A (sky130_fd_sc_hd__buf_4)
     2    0.01    0.04    0.18    6.99 ^ place1235/X (sky130_fd_sc_hd__buf_4)
                                         net1234 (net)
                  0.04    0.00    6.99 ^ _5182_/A (sky130_fd_sc_hd__nor3_1)
     2    0.01    0.08    0.05    7.04 v _5182_/Y (sky130_fd_sc_hd__nor3_1)
                                         _2207_ (net)
                  0.08    0.00    7.04 v _5244_/B1 (sky130_fd_sc_hd__a2111oi_0)
     1    0.01    0.50    0.49    7.53 ^ _5244_/Y (sky130_fd_sc_hd__a2111oi_0)
                                         _2266_ (net)
                  0.50    0.00    7.53 ^ place1225/A (sky130_fd_sc_hd__buf_4)
     3    0.01    0.05    0.21    7.74 ^ place1225/X (sky130_fd_sc_hd__buf_4)
                                         net1224 (net)
                  0.05    0.00    7.74 ^ _5343_/A1 (sky130_fd_sc_hd__o311ai_0)
     2    0.01    0.22    0.22    7.97 v _5343_/Y (sky130_fd_sc_hd__o311ai_0)
                                         _2359_ (net)
                  0.22    0.00    7.97 v _5344_/A2 (sky130_fd_sc_hd__a21oi_1)
     1    0.00    0.12    0.21    8.18 ^ _5344_/Y (sky130_fd_sc_hd__a21oi_1)
                                         _2360_ (net)
                  0.12    0.00    8.18 ^ _5345_/B (sky130_fd_sc_hd__nor2_1)
     1    0.00    0.04    0.06    8.24 v _5345_/Y (sky130_fd_sc_hd__nor2_1)
                                         _2361_ (net)
                  0.04    0.00    8.24 v _5346_/B (sky130_fd_sc_hd__nor2_1)
     1    0.01    0.15    0.14    8.37 ^ _5346_/Y (sky130_fd_sc_hd__nor2_1)
                                         _2362_ (net)
                  0.15    0.00    8.37 ^ _5347_/B (sky130_fd_sc_hd__xnor2_1)
     1    0.01    0.06    0.10    8.47 v _5347_/Y (sky130_fd_sc_hd__xnor2_1)
                                         _2363_ (net)
                  0.06    0.00    8.47 v _5371_/A2 (sky130_fd_sc_hd__a21oi_1)
     1    0.04    0.80    0.65    9.12 ^ _5371_/Y (sky130_fd_sc_hd__a21oi_1)
                                         _2385_ (net)
                  0.80    0.01    9.13 ^ place1162/A (sky130_fd_sc_hd__buf_4)
     2    0.01    0.06    0.25    9.38 ^ place1162/X (sky130_fd_sc_hd__buf_4)
                                         net1161 (net)
                  0.06    0.00    9.38 ^ _5716_/A (sky130_fd_sc_hd__inv_1)
     1    0.01    0.03    0.05    9.43 v _5716_/Y (sky130_fd_sc_hd__inv_1)
                                         net120 (net)
                  0.03    0.00    9.43 v output121/A (sky130_fd_sc_hd__clkdlybuf4s50_1)
     1    0.00    0.05    0.41    9.84 v output121/X (sky130_fd_sc_hd__clkdlybuf4s50_1)
                                         dmem_addr[30] (net)
                  0.05    0.00    9.84 v dmem_addr[30] (out)
                                  9.84   data arrival time

                  0.00   10.20   10.20   clock core_clock (rise edge)
                          0.00   10.20   clock network delay (ideal)
                          0.00   10.20   clock reconvergence pessimism
                         -2.04    8.16   output external delay
                                  8.16   data required time
-----------------------------------------------------------------------------
                                  8.16   data required time
                                 -9.84   data arrival time
-----------------------------------------------------------------------------
                                 -1.68   slack (VIOLATED)



==========================================================================
detailed place report_checks -unconstrained
--------------------------------------------------------------------------
Startpoint: imem_rdata[20] (input port clocked by core_clock)
Endpoint: dmem_addr[30] (output port clocked by core_clock)
Path Group: core_clock
Path Type: max

Fanout     Cap    Slew   Delay    Time   Description
-----------------------------------------------------------------------------
                  0.00    0.00    0.00   clock core_clock (rise edge)
                          0.00    0.00   clock network delay (ideal)
                          2.04    2.04 ^ input external delay
     1    0.01    0.00    0.00    2.04 ^ imem_rdata[20] (in)
                                         imem_rdata[20] (net)
                  0.00    0.00    2.04 ^ input77/A (sky130_fd_sc_hd__clkdlybuf4s50_1)
     1    0.01    0.12    0.51    2.55 ^ input77/X (sky130_fd_sc_hd__clkdlybuf4s50_1)
                                         net76 (net)
                  0.12    0.00    2.55 ^ place1937/A (sky130_fd_sc_hd__buf_12)
    16    0.16    0.19    0.22    2.77 ^ place1937/X (sky130_fd_sc_hd__buf_12)
                                         net1936 (net)
                  0.19    0.01    2.79 ^ place1933/A (sky130_fd_sc_hd__buf_12)
    17    0.13    0.15    0.22    3.01 ^ place1933/X (sky130_fd_sc_hd__buf_12)
                                         net1932 (net)
                  0.15    0.00    3.01 ^ _5516_/S0 (sky130_fd_sc_hd__mux4_2)
     1    0.00    0.08    0.51    3.52 v _5516_/X (sky130_fd_sc_hd__mux4_2)
                                         _2515_ (net)
                  0.08    0.00    3.52 v _5517_/A3 (sky130_fd_sc_hd__mux4_2)
     1    0.00    0.09    0.48    4.01 v _5517_/X (sky130_fd_sc_hd__mux4_2)
                                         _2516_ (net)
                  0.09    0.00    4.01 v _5518_/A1 (sky130_fd_sc_hd__mux2i_1)
     1    0.01    0.34    0.31    4.32 ^ _5518_/Y (sky130_fd_sc_hd__mux2i_1)
                                         _2517_ (net)
                  0.34    0.00    4.32 ^ place1703/A (sky130_fd_sc_hd__buf_4)
     1    0.02    0.06    0.20    4.52 ^ place1703/X (sky130_fd_sc_hd__buf_4)
                                         net1702 (net)
                  0.06    0.00    4.52 ^ _5519_/B (sky130_fd_sc_hd__nor2_1)
     2    0.01    0.04    0.05    4.57 v _5519_/Y (sky130_fd_sc_hd__nor2_1)
                                         net156 (net)
                  0.04    0.00    4.57 v _5520_/B (sky130_fd_sc_hd__nand2_1)
     1    0.02    0.17    0.15    4.72 ^ _5520_/Y (sky130_fd_sc_hd__nand2_1)
                                         _2518_ (net)
                  0.17    0.00    4.72 ^ _5521_/B1_N (sky130_fd_sc_hd__a21boi_0)
     1    0.01    0.20    0.24    4.96 ^ _5521_/Y (sky130_fd_sc_hd__a21boi_0)
                                         _0052_ (net)
                  0.20    0.00    4.96 ^ place1532/A (sky130_fd_sc_hd__buf_4)
     2    0.01    0.04    0.16    5.12 ^ place1532/X (sky130_fd_sc_hd__buf_4)
                                         net1531 (net)
                  0.04    0.00    5.12 ^ _6431_/B (sky130_fd_sc_hd__ha_1)
     4    0.01    0.10    0.26    5.38 v _6431_/SUM (sky130_fd_sc_hd__ha_1)
                                         _0089_ (net)
                  0.10    0.00    5.38 v _4430_/A (sky130_fd_sc_hd__nand3_1)
     1    0.00    0.07    0.09    5.47 ^ _4430_/Y (sky130_fd_sc_hd__nand3_1)
                                         _1481_ (net)
                  0.07    0.00    5.47 ^ _4431_/C1 (sky130_fd_sc_hd__o211ai_1)
     2    0.01    0.13    0.13    5.60 v _4431_/Y (sky130_fd_sc_hd__o211ai_1)
                                         _1482_ (net)
                  0.13    0.00    5.60 v _4436_/A4 (sky130_fd_sc_hd__o41ai_1)
     1    0.00    0.28    0.27    5.87 ^ _4436_/Y (sky130_fd_sc_hd__o41ai_1)
                                         _1487_ (net)
                  0.28    0.00    5.87 ^ place1250/A (sky130_fd_sc_hd__buf_4)
     2    0.01    0.05    0.18    6.05 ^ place1250/X (sky130_fd_sc_hd__buf_4)
                                         net1249 (net)
                  0.05    0.00    6.05 ^ _4445_/A1 (sky130_fd_sc_hd__o21ai_0)
     1    0.02    0.22    0.20    6.25 v _4445_/Y (sky130_fd_sc_hd__o21ai_0)
                                         _1496_ (net)
                  0.22    0.00    6.25 v place1244/A (sky130_fd_sc_hd__buf_4)
     3    0.02    0.04    0.23    6.48 v place1244/X (sky130_fd_sc_hd__buf_4)
                                         net1243 (net)
                  0.04    0.00    6.48 v _5178_/A1 (sky130_fd_sc_hd__a211oi_1)
     1    0.01    0.35    0.33    6.81 ^ _5178_/Y (sky130_fd_sc_hd__a211oi_1)
                                         _2203_ (net)
                  0.35    0.00    6.81 ^ place1235/A (sky130_fd_sc_hd__buf_4)
     2    0.01    0.04    0.18    6.99 ^ place1235/X (sky130_fd_sc_hd__buf_4)
                                         net1234 (net)
                  0.04    0.00    6.99 ^ _5182_/A (sky130_fd_sc_hd__nor3_1)
     2    0.01    0.08    0.05    7.04 v _5182_/Y (sky130_fd_sc_hd__nor3_1)
                                         _2207_ (net)
                  0.08    0.00    7.04 v _5244_/B1 (sky130_fd_sc_hd__a2111oi_0)
     1    0.01    0.50    0.49    7.53 ^ _5244_/Y (sky130_fd_sc_hd__a2111oi_0)
                                         _2266_ (net)
                  0.50    0.00    7.53 ^ place1225/A (sky130_fd_sc_hd__buf_4)
     3    0.01    0.05    0.21    7.74 ^ place1225/X (sky130_fd_sc_hd__buf_4)
                                         net1224 (net)
                  0.05    0.00    7.74 ^ _5343_/A1 (sky130_fd_sc_hd__o311ai_0)
     2    0.01    0.22    0.22    7.97 v _5343_/Y (sky130_fd_sc_hd__o311ai_0)
                                         _2359_ (net)
                  0.22    0.00    7.97 v _5344_/A2 (sky130_fd_sc_hd__a21oi_1)
     1    0.00    0.12    0.21    8.18 ^ _5344_/Y (sky130_fd_sc_hd__a21oi_1)
                                         _2360_ (net)
                  0.12    0.00    8.18 ^ _5345_/B (sky130_fd_sc_hd__nor2_1)
     1    0.00    0.04    0.06    8.24 v _5345_/Y (sky130_fd_sc_hd__nor2_1)
                                         _2361_ (net)
                  0.04    0.00    8.24 v _5346_/B (sky130_fd_sc_hd__nor2_1)
     1    0.01    0.15    0.14    8.37 ^ _5346_/Y (sky130_fd_sc_hd__nor2_1)
                                         _2362_ (net)
                  0.15    0.00    8.37 ^ _5347_/B (sky130_fd_sc_hd__xnor2_1)
     1    0.01    0.06    0.10    8.47 v _5347_/Y (sky130_fd_sc_hd__xnor2_1)
                                         _2363_ (net)
                  0.06    0.00    8.47 v _5371_/A2 (sky130_fd_sc_hd__a21oi_1)
     1    0.04    0.80    0.65    9.12 ^ _5371_/Y (sky130_fd_sc_hd__a21oi_1)
                                         _2385_ (net)
                  0.80    0.01    9.13 ^ place1162/A (sky130_fd_sc_hd__buf_4)
     2    0.01    0.06    0.25    9.38 ^ place1162/X (sky130_fd_sc_hd__buf_4)
                                         net1161 (net)
                  0.06    0.00    9.38 ^ _5716_/A (sky130_fd_sc_hd__inv_1)
     1    0.01    0.03    0.05    9.43 v _5716_/Y (sky130_fd_sc_hd__inv_1)
                                         net120 (net)
                  0.03    0.00    9.43 v output121/A (sky130_fd_sc_hd__clkdlybuf4s50_1)
     1    0.00    0.05    0.41    9.84 v output121/X (sky130_fd_sc_hd__clkdlybuf4s50_1)
                                         dmem_addr[30] (net)
                  0.05    0.00    9.84 v dmem_addr[30] (out)
                                  9.84   data arrival time

                  0.00   10.20   10.20   clock core_clock (rise edge)
                          0.00   10.20   clock network delay (ideal)
                          0.00   10.20   clock reconvergence pessimism
                         -2.04    8.16   output external delay
                                  8.16   data required time
-----------------------------------------------------------------------------
                                  8.16   data required time
                                 -9.84   data arrival time
-----------------------------------------------------------------------------
                                 -1.68   slack (VIOLATED)



==========================================================================
detailed place report_check_types -max_slew -max_cap -max_fanout -violators
--------------------------------------------------------------------------

==========================================================================
detailed place max_slew_check_slack
--------------------------------------------------------------------------
0.18399937450885773

==========================================================================
detailed place max_slew_check_limit
--------------------------------------------------------------------------
1.5

==========================================================================
detailed place max_slew_check_slack_limit
--------------------------------------------------------------------------
0.1227

==========================================================================
detailed place max_fanout_check_slack
--------------------------------------------------------------------------
1.0000000150474662e+30

==========================================================================
detailed place max_fanout_check_limit
--------------------------------------------------------------------------
1.0000000150474662e+30

==========================================================================
detailed place max_capacitance_check_slack
--------------------------------------------------------------------------
0.009357999078929424

==========================================================================
detailed place max_capacitance_check_limit
--------------------------------------------------------------------------
0.021067000925540924

==========================================================================
detailed place max_capacitance_check_slack_limit
--------------------------------------------------------------------------
0.4442

==========================================================================
detailed place max_slew_violation_count
--------------------------------------------------------------------------
max slew violation count 0

==========================================================================
detailed place max_fanout_violation_count
--------------------------------------------------------------------------
max fanout violation count 0

==========================================================================
detailed place max_cap_violation_count
--------------------------------------------------------------------------
max cap violation count 0

==========================================================================
detailed place setup_violation_count
--------------------------------------------------------------------------
setup violation count 87

==========================================================================
detailed place hold_violation_count
--------------------------------------------------------------------------
hold violation count 0

==========================================================================
detailed place report_checks -path_delay max reg to reg
--------------------------------------------------------------------------
Startpoint: rf.regs[13][0]$_DFFE_PP_
            (rising edge-triggered flip-flop clocked by core_clock)
Endpoint: pc_unit.pc_out[31]$_SDFF_PP0_
          (rising edge-triggered flip-flop clocked by core_clock)
Path Group: core_clock
Path Type: max

  Delay    Time   Description
---------------------------------------------------------
   0.00    0.00   clock core_clock (rise edge)
   0.00    0.00   clock network delay (ideal)
   0.00    0.00 ^ rf.regs[13][0]$_DFFE_PP_/CLK (sky130_fd_sc_hd__edfxtp_1)
   0.37    0.37 v rf.regs[13][0]$_DFFE_PP_/Q (sky130_fd_sc_hd__edfxtp_1)
   0.45    0.83 v _4391_/X (sky130_fd_sc_hd__mux4_2)
   0.24    1.06 v _4393_/X (sky130_fd_sc_hd__a22o_1)
   0.32    1.38 ^ _4394_/Y (sky130_fd_sc_hd__a221oi_1)
   0.22    1.60 v _4408_/Y (sky130_fd_sc_hd__nand3_1)
   0.15    1.75 ^ _4409_/Y (sky130_fd_sc_hd__nand2_2)
   0.05    1.79 v _5715_/Y (sky130_fd_sc_hd__inv_1)
   0.23    2.03 v _6442_/COUT (sky130_fd_sc_hd__ha_1)
   0.44    2.46 v _6397_/COUT (sky130_fd_sc_hd__fa_1)
   0.25    2.71 ^ _4427_/Y (sky130_fd_sc_hd__a21oi_1)
   0.15    2.86 ^ place1292/X (sky130_fd_sc_hd__buf_4)
   0.14    3.00 v _4431_/Y (sky130_fd_sc_hd__o211ai_1)
   0.27    3.27 ^ _4436_/Y (sky130_fd_sc_hd__o41ai_1)
   0.18    3.45 ^ place1250/X (sky130_fd_sc_hd__buf_4)
   0.20    3.65 v _4445_/Y (sky130_fd_sc_hd__o21ai_0)
   0.23    3.88 v place1244/X (sky130_fd_sc_hd__buf_4)
   0.33    4.21 ^ _5178_/Y (sky130_fd_sc_hd__a211oi_1)
   0.18    4.39 ^ place1235/X (sky130_fd_sc_hd__buf_4)
   0.05    4.44 v _5182_/Y (sky130_fd_sc_hd__nor3_1)
   0.49    4.93 ^ _5244_/Y (sky130_fd_sc_hd__a2111oi_0)
   0.21    5.15 ^ place1225/X (sky130_fd_sc_hd__buf_4)
   0.22    5.37 v _5343_/Y (sky130_fd_sc_hd__o311ai_0)
   0.21    5.58 ^ _5344_/Y (sky130_fd_sc_hd__a21oi_1)
   0.06    5.64 v _5345_/Y (sky130_fd_sc_hd__nor2_1)
   0.14    5.77 ^ _5346_/Y (sky130_fd_sc_hd__nor2_1)
   0.10    5.87 v _5347_/Y (sky130_fd_sc_hd__xnor2_1)
   0.65    6.53 ^ _5371_/Y (sky130_fd_sc_hd__a21oi_1)
   0.26    6.78 ^ place1162/X (sky130_fd_sc_hd__buf_4)
   0.13    6.92 ^ place1161/X (sky130_fd_sc_hd__buf_4)
   0.14    7.05 v _5454_/Y (sky130_fd_sc_hd__nand4_1)
   0.27    7.33 ^ _5455_/Y (sky130_fd_sc_hd__nor3_2)
   0.21    7.54 ^ _6527_/SUM (sky130_fd_sc_hd__ha_1)
   0.05    7.59 v _6076_/Y (sky130_fd_sc_hd__inv_1)
   0.41    8.00 ^ _6077_/Y (sky130_fd_sc_hd__a31oi_2)
   0.32    8.31 ^ place1134/X (sky130_fd_sc_hd__buf_4)
   0.07    8.38 v _6385_/Y (sky130_fd_sc_hd__nor2_1)
   0.11    8.49 ^ _6386_/Y (sky130_fd_sc_hd__a21oi_1)
   0.05    8.54 v _6387_/Y (sky130_fd_sc_hd__nor2_1)
   0.00    8.54 v pc_unit.pc_out[31]$_SDFF_PP0_/D (sky130_fd_sc_hd__dfxtp_1)
           8.54   data arrival time

  10.20   10.20   clock core_clock (rise edge)
   0.00   10.20   clock network delay (ideal)
   0.00   10.20   clock reconvergence pessimism
          10.20 ^ pc_unit.pc_out[31]$_SDFF_PP0_/CLK (sky130_fd_sc_hd__dfxtp_1)
  -0.14   10.07   library setup time
          10.07   data required time
---------------------------------------------------------
          10.07   data required time
          -8.54   data arrival time
---------------------------------------------------------
           1.53   slack (MET)



==========================================================================
detailed place report_checks -path_delay min reg to reg
--------------------------------------------------------------------------
Startpoint: pc_unit.pc_out[1]$_SDFFE_PP0P_
            (rising edge-triggered flip-flop clocked by core_clock)
Endpoint: pc_unit.pc_out[1]$_SDFFE_PP0P_
          (rising edge-triggered flip-flop clocked by core_clock)
Path Group: core_clock
Path Type: min

  Delay    Time   Description
---------------------------------------------------------
   0.00    0.00   clock core_clock (rise edge)
   0.00    0.00   clock network delay (ideal)
   0.00    0.00 ^ pc_unit.pc_out[1]$_SDFFE_PP0P_/CLK (sky130_fd_sc_hd__dfxtp_1)
   0.39    0.39 v pc_unit.pc_out[1]$_SDFFE_PP0P_/Q (sky130_fd_sc_hd__dfxtp_1)
   0.10    0.49 ^ _6389_/Y (sky130_fd_sc_hd__nand2_1)
   0.05    0.54 v _6391_/Y (sky130_fd_sc_hd__a21oi_1)
   0.00    0.54 v pc_unit.pc_out[1]$_SDFFE_PP0P_/D (sky130_fd_sc_hd__dfxtp_1)
           0.54   data arrival time

   0.00    0.00   clock core_clock (rise edge)
   0.00    0.00   clock network delay (ideal)
   0.00    0.00   clock reconvergence pessimism
           0.00 ^ pc_unit.pc_out[1]$_SDFFE_PP0P_/CLK (sky130_fd_sc_hd__dfxtp_1)
  -0.06   -0.06   library hold time
          -0.06   data required time
---------------------------------------------------------
          -0.06   data required time
          -0.54   data arrival time
---------------------------------------------------------
           0.60   slack (MET)



==========================================================================
detailed place critical path target clock latency max path
--------------------------------------------------------------------------
0.0000

==========================================================================
detailed place critical path target clock latency min path
--------------------------------------------------------------------------
0.0000

==========================================================================
detailed place critical path source clock latency min path
--------------------------------------------------------------------------
0.0000

==========================================================================
detailed place critical path delay
--------------------------------------------------------------------------
9.8399

==========================================================================
detailed place critical path slack
--------------------------------------------------------------------------
-1.6767

==========================================================================
detailed place slack div critical path delay
--------------------------------------------------------------------------
-17.039807

==========================================================================
detailed place report_power
--------------------------------------------------------------------------
Group                  Internal  Switching    Leakage      Total
                          Power      Power      Power      Power (Watts)
----------------------------------------------------------------
Sequential             5.53e-03   2.03e-05   9.47e-09   5.55e-03  57.3%
Combinational          1.66e-03   2.48e-03   1.58e-08   4.14e-03  42.7%
Clock                  0.00e+00   0.00e+00   0.00e+00   0.00e+00   0.0%
Macro                  0.00e+00   0.00e+00   0.00e+00   0.00e+00   0.0%
Pad                    0.00e+00   0.00e+00   0.00e+00   0.00e+00   0.0%
----------------------------------------------------------------
Total                  7.19e-03   2.50e-03   2.53e-08   9.69e-03 100.0%
                          74.2%      25.8%       0.0%
