
==========================================================================
global place report_tns
--------------------------------------------------------------------------
tns max -52.66

==========================================================================
global place report_wns
--------------------------------------------------------------------------
wns max -1.71

==========================================================================
global place report_worst_slack
--------------------------------------------------------------------------
worst slack max -1.71

==========================================================================
global place report_clock_min_period
--------------------------------------------------------------------------
core_clock period_min = 11.92 fmax = 83.91

==========================================================================
global place report_checks -path_delay min
--------------------------------------------------------------------------
Startpoint: pc_unit.pc_out[1]$_SDFFE_PP0P_
            (rising edge-triggered flip-flop clocked by core_clock)
Endpoint: pc_unit.pc_out[1]$_SDFFE_PP0P_
          (rising edge-triggered flip-flop clocked by core_clock)
Path Group: core_clock
Path Type: min

Fanout     Cap    Slew   Delay    Time   Description
-----------------------------------------------------------------------------
                  0.00    0.00    0.00   clock core_clock (rise edge)
                          0.00    0.00   clock network delay (ideal)
                  0.00    0.00    0.00 ^ pc_unit.pc_out[1]$_SDFFE_PP0P_/CLK (sky130_fd_sc_hd__dfxtp_1)
     5    0.03    0.16    0.38    0.38 v pc_unit.pc_out[1]$_SDFFE_PP0P_/Q (sky130_fd_sc_hd__dfxtp_1)
                                         net173 (net)
                  0.16    0.00    0.38 v _6389_/A (sky130_fd_sc_hd__nand2_1)
     1    0.00    0.04    0.09    0.47 ^ _6389_/Y (sky130_fd_sc_hd__nand2_1)
                                         _3175_ (net)
                  0.04    0.00    0.47 ^ _6391_/A1 (sky130_fd_sc_hd__a21oi_1)
     1    0.00    0.03    0.05    0.52 v _6391_/Y (sky130_fd_sc_hd__a21oi_1)
                                         _0307_ (net)
                  0.03    0.00    0.52 v pc_unit.pc_out[1]$_SDFFE_PP0P_/D (sky130_fd_sc_hd__dfxtp_1)
                                  0.52   data arrival time

                  0.00    0.00    0.00   clock core_clock (rise edge)
                          0.00    0.00   clock network delay (ideal)
                          0.00    0.00   clock reconvergence pessimism
                                  0.00 ^ pc_unit.pc_out[1]$_SDFFE_PP0P_/CLK (sky130_fd_sc_hd__dfxtp_1)
                         -0.06   -0.06   library hold time
                                 -0.06   data required time
-----------------------------------------------------------------------------
                                 -0.06   data required time
                                 -0.52   data arrival time
-----------------------------------------------------------------------------
                                  0.58   slack (MET)



==========================================================================
global place report_checks -path_delay max
--------------------------------------------------------------------------
Startpoint: imem_rdata[20] (input port clocked by core_clock)
Endpoint: dmem_addr[30] (output port clocked by core_clock)
Path Group: core_clock
Path Type: max

Fanout     Cap    Slew   Delay    Time   Description
-----------------------------------------------------------------------------
                  0.00    0.00    0.00   clock core_clock (rise edge)
                          0.00    0.00   clock network delay (ideal)
                          2.04    2.04 ^ input external delay
     1    0.01    0.00    0.00    2.04 ^ imem_rdata[20] (in)
                                         imem_rdata[20] (net)
                  0.00    0.00    2.04 ^ input77/A (sky130_fd_sc_hd__clkdlybuf4s50_1)
     1    0.01    0.11    0.51    2.55 ^ input77/X (sky130_fd_sc_hd__clkdlybuf4s50_1)
                                         net76 (net)
                  0.11    0.00    2.55 ^ place1937/A (sky130_fd_sc_hd__buf_12)
    16    0.15    0.18    0.21    2.76 ^ place1937/X (sky130_fd_sc_hd__buf_12)
                                         net1936 (net)
                  0.18    0.01    2.77 ^ place1933/A (sky130_fd_sc_hd__buf_12)
    17    0.13    0.15    0.22    2.99 ^ place1933/X (sky130_fd_sc_hd__buf_12)
                                         net1932 (net)
                  0.15    0.00    3.00 ^ _5516_/S0 (sky130_fd_sc_hd__mux4_2)
     1    0.00    0.08    0.50    3.50 v _5516_/X (sky130_fd_sc_hd__mux4_2)
                                         _2515_ (net)
                  0.08    0.00    3.50 v _5517_/A3 (sky130_fd_sc_hd__mux4_2)
     1    0.00    0.08    0.48    3.98 v _5517_/X (sky130_fd_sc_hd__mux4_2)
                                         _2516_ (net)
                  0.08    0.00    3.98 v _5518_/A1 (sky130_fd_sc_hd__mux2i_1)
     1    0.02    0.39    0.35    4.33 ^ _5518_/Y (sky130_fd_sc_hd__mux2i_1)
                                         _2517_ (net)
                  0.39    0.00    4.33 ^ place1703/A (sky130_fd_sc_hd__buf_4)
     1    0.01    0.06    0.20    4.53 ^ place1703/X (sky130_fd_sc_hd__buf_4)
                                         net1702 (net)
                  0.06    0.00    4.53 ^ _5519_/B (sky130_fd_sc_hd__nor2_1)
     2    0.01    0.04    0.05    4.59 v _5519_/Y (sky130_fd_sc_hd__nor2_1)
                                         net156 (net)
                  0.04    0.00    4.59 v _5520_/B (sky130_fd_sc_hd__nand2_1)
     1    0.01    0.15    0.13    4.72 ^ _5520_/Y (sky130_fd_sc_hd__nand2_1)
                                         _2518_ (net)
                  0.15    0.00    4.72 ^ _5521_/B1_N (sky130_fd_sc_hd__a21boi_0)
     1    0.01    0.33    0.33    5.05 ^ _5521_/Y (sky130_fd_sc_hd__a21boi_0)
                                         _0052_ (net)
                  0.33    0.00    5.05 ^ place1532/A (sky130_fd_sc_hd__buf_4)
     2    0.01    0.04    0.18    5.23 ^ place1532/X (sky130_fd_sc_hd__buf_4)
                                         net1531 (net)
                  0.04    0.00    5.23 ^ _6431_/B (sky130_fd_sc_hd__ha_1)
     4    0.01    0.10    0.26    5.49 v _6431_/SUM (sky130_fd_sc_hd__ha_1)
                                         _0089_ (net)
                  0.10    0.00    5.49 v _4430_/A (sky130_fd_sc_hd__nand3_1)
     1    0.00    0.06    0.09    5.58 ^ _4430_/Y (sky130_fd_sc_hd__nand3_1)
                                         _1481_ (net)
                  0.06    0.00    5.58 ^ _4431_/C1 (sky130_fd_sc_hd__o211ai_1)
     2    0.01    0.12    0.13    5.70 v _4431_/Y (sky130_fd_sc_hd__o211ai_1)
                                         _1482_ (net)
                  0.12    0.00    5.70 v _4436_/A4 (sky130_fd_sc_hd__o41ai_1)
     1    0.00    0.31    0.30    6.00 ^ _4436_/Y (sky130_fd_sc_hd__o41ai_1)
                                         _1487_ (net)
                  0.31    0.00    6.00 ^ place1250/A (sky130_fd_sc_hd__buf_4)
     2    0.01    0.05    0.19    6.19 ^ place1250/X (sky130_fd_sc_hd__buf_4)
                                         net1249 (net)
                  0.05    0.00    6.19 ^ _4445_/A1 (sky130_fd_sc_hd__o21ai_0)
     1    0.02    0.22    0.20    6.40 v _4445_/Y (sky130_fd_sc_hd__o21ai_0)
                                         _1496_ (net)
                  0.22    0.00    6.40 v place1244/A (sky130_fd_sc_hd__buf_4)
     3    0.02    0.04    0.23    6.63 v place1244/X (sky130_fd_sc_hd__buf_4)
                                         net1243 (net)
                  0.04    0.00    6.63 v _5178_/A1 (sky130_fd_sc_hd__a211oi_1)
     1    0.01    0.36    0.33    6.96 ^ _5178_/Y (sky130_fd_sc_hd__a211oi_1)
                                         _2203_ (net)
                  0.36    0.00    6.96 ^ place1235/A (sky130_fd_sc_hd__buf_4)
     2    0.01    0.04    0.18    7.14 ^ place1235/X (sky130_fd_sc_hd__buf_4)
                                         net1234 (net)
                  0.04    0.00    7.14 ^ _5182_/A (sky130_fd_sc_hd__nor3_1)
     2    0.01    0.08    0.06    7.20 v _5182_/Y (sky130_fd_sc_hd__nor3_1)
                                         _2207_ (net)
                  0.08    0.00    7.20 v _5244_/B1 (sky130_fd_sc_hd__a2111oi_0)
     1    0.00    0.37    0.39    7.58 ^ _5244_/Y (sky130_fd_sc_hd__a2111oi_0)
                                         _2266_ (net)
                  0.37    0.00    7.59 ^ place1225/A (sky130_fd_sc_hd__buf_4)
     3    0.01    0.06    0.20    7.79 ^ place1225/X (sky130_fd_sc_hd__buf_4)
                                         net1224 (net)
                  0.06    0.00    7.79 ^ _5343_/A1 (sky130_fd_sc_hd__o311ai_0)
     2    0.01    0.20    0.21    7.99 v _5343_/Y (sky130_fd_sc_hd__o311ai_0)
                                         _2359_ (net)
                  0.20    0.00    7.99 v _5344_/A2 (sky130_fd_sc_hd__a21oi_1)
     1    0.00    0.14    0.22    8.21 ^ _5344_/Y (sky130_fd_sc_hd__a21oi_1)
                                         _2360_ (net)
                  0.14    0.00    8.21 ^ _5345_/B (sky130_fd_sc_hd__nor2_1)
     1    0.00    0.04    0.06    8.27 v _5345_/Y (sky130_fd_sc_hd__nor2_1)
                                         _2361_ (net)
                  0.04    0.00    8.27 v _5346_/B (sky130_fd_sc_hd__nor2_1)
     1    0.01    0.16    0.14    8.41 ^ _5346_/Y (sky130_fd_sc_hd__nor2_1)
                                         _2362_ (net)
                  0.16    0.00    8.41 ^ _5347_/B (sky130_fd_sc_hd__xnor2_1)
     1    0.01    0.06    0.10    8.51 v _5347_/Y (sky130_fd_sc_hd__xnor2_1)
                                         _2363_ (net)
                  0.06    0.00    8.51 v _5371_/A2 (sky130_fd_sc_hd__a21oi_1)
     1    0.04    0.80    0.65    9.16 ^ _5371_/Y (sky130_fd_sc_hd__a21oi_1)
                                         _2385_ (net)
                  0.80    0.01    9.16 ^ place1162/A (sky130_fd_sc_hd__buf_4)
     2    0.01    0.06    0.25    9.41 ^ place1162/X (sky130_fd_sc_hd__buf_4)
                                         net1161 (net)
                  0.06    0.00    9.41 ^ _5716_/A (sky130_fd_sc_hd__inv_1)
     1    0.01    0.04    0.06    9.47 v _5716_/Y (sky130_fd_sc_hd__inv_1)
                                         net120 (net)
                  0.04    0.00    9.47 v output121/A (sky130_fd_sc_hd__clkdlybuf4s50_1)
     1    0.00    0.04    0.41    9.88 v output121/X (sky130_fd_sc_hd__clkdlybuf4s50_1)
                                         dmem_addr[30] (net)
                  0.04    0.00    9.88 v dmem_addr[30] (out)
                                  9.88   data arrival time

                  0.00   10.20   10.20   clock core_clock (rise edge)
                          0.00   10.20   clock network delay (ideal)
                          0.00   10.20   clock reconvergence pessimism
                         -2.04    8.16   output external delay
                                  8.16   data required time
-----------------------------------------------------------------------------
                                  8.16   data required time
                                 -9.88   data arrival time
-----------------------------------------------------------------------------
                                 -1.71   slack (VIOLATED)



==========================================================================
global place report_checks -unconstrained
--------------------------------------------------------------------------
Startpoint: imem_rdata[20] (input port clocked by core_clock)
Endpoint: dmem_addr[30] (output port clocked by core_clock)
Path Group: core_clock
Path Type: max

Fanout     Cap    Slew   Delay    Time   Description
-----------------------------------------------------------------------------
                  0.00    0.00    0.00   clock core_clock (rise edge)
                          0.00    0.00   clock network delay (ideal)
                          2.04    2.04 ^ input external delay
     1    0.01    0.00    0.00    2.04 ^ imem_rdata[20] (in)
                                         imem_rdata[20] (net)
                  0.00    0.00    2.04 ^ input77/A (sky130_fd_sc_hd__clkdlybuf4s50_1)
     1    0.01    0.11    0.51    2.55 ^ input77/X (sky130_fd_sc_hd__clkdlybuf4s50_1)
                                         net76 (net)
                  0.11    0.00    2.55 ^ place1937/A (sky130_fd_sc_hd__buf_12)
    16    0.15    0.18    0.21    2.76 ^ place1937/X (sky130_fd_sc_hd__buf_12)
                                         net1936 (net)
                  0.18    0.01    2.77 ^ place1933/A (sky130_fd_sc_hd__buf_12)
    17    0.13    0.15    0.22    2.99 ^ place1933/X (sky130_fd_sc_hd__buf_12)
                                         net1932 (net)
                  0.15    0.00    3.00 ^ _5516_/S0 (sky130_fd_sc_hd__mux4_2)
     1    0.00    0.08    0.50    3.50 v _5516_/X (sky130_fd_sc_hd__mux4_2)
                                         _2515_ (net)
                  0.08    0.00    3.50 v _5517_/A3 (sky130_fd_sc_hd__mux4_2)
     1    0.00    0.08    0.48    3.98 v _5517_/X (sky130_fd_sc_hd__mux4_2)
                                         _2516_ (net)
                  0.08    0.00    3.98 v _5518_/A1 (sky130_fd_sc_hd__mux2i_1)
     1    0.02    0.39    0.35    4.33 ^ _5518_/Y (sky130_fd_sc_hd__mux2i_1)
                                         _2517_ (net)
                  0.39    0.00    4.33 ^ place1703/A (sky130_fd_sc_hd__buf_4)
     1    0.01    0.06    0.20    4.53 ^ place1703/X (sky130_fd_sc_hd__buf_4)
                                         net1702 (net)
                  0.06    0.00    4.53 ^ _5519_/B (sky130_fd_sc_hd__nor2_1)
     2    0.01    0.04    0.05    4.59 v _5519_/Y (sky130_fd_sc_hd__nor2_1)
                                         net156 (net)
                  0.04    0.00    4.59 v _5520_/B (sky130_fd_sc_hd__nand2_1)
     1    0.01    0.15    0.13    4.72 ^ _5520_/Y (sky130_fd_sc_hd__nand2_1)
                                         _2518_ (net)
                  0.15    0.00    4.72 ^ _5521_/B1_N (sky130_fd_sc_hd__a21boi_0)
     1    0.01    0.33    0.33    5.05 ^ _5521_/Y (sky130_fd_sc_hd__a21boi_0)
                                         _0052_ (net)
                  0.33    0.00    5.05 ^ place1532/A (sky130_fd_sc_hd__buf_4)
     2    0.01    0.04    0.18    5.23 ^ place1532/X (sky130_fd_sc_hd__buf_4)
                                         net1531 (net)
                  0.04    0.00    5.23 ^ _6431_/B (sky130_fd_sc_hd__ha_1)
     4    0.01    0.10    0.26    5.49 v _6431_/SUM (sky130_fd_sc_hd__ha_1)
                                         _0089_ (net)
                  0.10    0.00    5.49 v _4430_/A (sky130_fd_sc_hd__nand3_1)
     1    0.00    0.06    0.09    5.58 ^ _4430_/Y (sky130_fd_sc_hd__nand3_1)
                                         _1481_ (net)
                  0.06    0.00    5.58 ^ _4431_/C1 (sky130_fd_sc_hd__o211ai_1)
     2    0.01    0.12    0.13    5.70 v _4431_/Y (sky130_fd_sc_hd__o211ai_1)
                                         _1482_ (net)
                  0.12    0.00    5.70 v _4436_/A4 (sky130_fd_sc_hd__o41ai_1)
     1    0.00    0.31    0.30    6.00 ^ _4436_/Y (sky130_fd_sc_hd__o41ai_1)
                                         _1487_ (net)
                  0.31    0.00    6.00 ^ place1250/A (sky130_fd_sc_hd__buf_4)
     2    0.01    0.05    0.19    6.19 ^ place1250/X (sky130_fd_sc_hd__buf_4)
                                         net1249 (net)
                  0.05    0.00    6.19 ^ _4445_/A1 (sky130_fd_sc_hd__o21ai_0)
     1    0.02    0.22    0.20    6.40 v _4445_/Y (sky130_fd_sc_hd__o21ai_0)
                                         _1496_ (net)
                  0.22    0.00    6.40 v place1244/A (sky130_fd_sc_hd__buf_4)
     3    0.02    0.04    0.23    6.63 v place1244/X (sky130_fd_sc_hd__buf_4)
                                         net1243 (net)
                  0.04    0.00    6.63 v _5178_/A1 (sky130_fd_sc_hd__a211oi_1)
     1    0.01    0.36    0.33    6.96 ^ _5178_/Y (sky130_fd_sc_hd__a211oi_1)
                                         _2203_ (net)
                  0.36    0.00    6.96 ^ place1235/A (sky130_fd_sc_hd__buf_4)
     2    0.01    0.04    0.18    7.14 ^ place1235/X (sky130_fd_sc_hd__buf_4)
                                         net1234 (net)
                  0.04    0.00    7.14 ^ _5182_/A (sky130_fd_sc_hd__nor3_1)
     2    0.01    0.08    0.06    7.20 v _5182_/Y (sky130_fd_sc_hd__nor3_1)
                                         _2207_ (net)
                  0.08    0.00    7.20 v _5244_/B1 (sky130_fd_sc_hd__a2111oi_0)
     1    0.00    0.37    0.39    7.58 ^ _5244_/Y (sky130_fd_sc_hd__a2111oi_0)
                                         _2266_ (net)
                  0.37    0.00    7.59 ^ place1225/A (sky130_fd_sc_hd__buf_4)
     3    0.01    0.06    0.20    7.79 ^ place1225/X (sky130_fd_sc_hd__buf_4)
                                         net1224 (net)
                  0.06    0.00    7.79 ^ _5343_/A1 (sky130_fd_sc_hd__o311ai_0)
     2    0.01    0.20    0.21    7.99 v _5343_/Y (sky130_fd_sc_hd__o311ai_0)
                                         _2359_ (net)
                  0.20    0.00    7.99 v _5344_/A2 (sky130_fd_sc_hd__a21oi_1)
     1    0.00    0.14    0.22    8.21 ^ _5344_/Y (sky130_fd_sc_hd__a21oi_1)
                                         _2360_ (net)
                  0.14    0.00    8.21 ^ _5345_/B (sky130_fd_sc_hd__nor2_1)
     1    0.00    0.04    0.06    8.27 v _5345_/Y (sky130_fd_sc_hd__nor2_1)
                                         _2361_ (net)
                  0.04    0.00    8.27 v _5346_/B (sky130_fd_sc_hd__nor2_1)
     1    0.01    0.16    0.14    8.41 ^ _5346_/Y (sky130_fd_sc_hd__nor2_1)
                                         _2362_ (net)
                  0.16    0.00    8.41 ^ _5347_/B (sky130_fd_sc_hd__xnor2_1)
     1    0.01    0.06    0.10    8.51 v _5347_/Y (sky130_fd_sc_hd__xnor2_1)
                                         _2363_ (net)
                  0.06    0.00    8.51 v _5371_/A2 (sky130_fd_sc_hd__a21oi_1)
     1    0.04    0.80    0.65    9.16 ^ _5371_/Y (sky130_fd_sc_hd__a21oi_1)
                                         _2385_ (net)
                  0.80    0.01    9.16 ^ place1162/A (sky130_fd_sc_hd__buf_4)
     2    0.01    0.06    0.25    9.41 ^ place1162/X (sky130_fd_sc_hd__buf_4)
                                         net1161 (net)
                  0.06    0.00    9.41 ^ _5716_/A (sky130_fd_sc_hd__inv_1)
     1    0.01    0.04    0.06    9.47 v _5716_/Y (sky130_fd_sc_hd__inv_1)
                                         net120 (net)
                  0.04    0.00    9.47 v output121/A (sky130_fd_sc_hd__clkdlybuf4s50_1)
     1    0.00    0.04    0.41    9.88 v output121/X (sky130_fd_sc_hd__clkdlybuf4s50_1)
                                         dmem_addr[30] (net)
                  0.04    0.00    9.88 v dmem_addr[30] (out)
                                  9.88   data arrival time

                  0.00   10.20   10.20   clock core_clock (rise edge)
                          0.00   10.20   clock network delay (ideal)
                          0.00   10.20   clock reconvergence pessimism
                         -2.04    8.16   output external delay
                                  8.16   data required time
-----------------------------------------------------------------------------
                                  8.16   data required time
                                 -9.88   data arrival time
-----------------------------------------------------------------------------
                                 -1.71   slack (VIOLATED)



==========================================================================
global place report_power
--------------------------------------------------------------------------
Group                  Internal  Switching    Leakage      Total
                          Power      Power      Power      Power (Watts)
----------------------------------------------------------------
Sequential             5.53e-03   2.05e-05   9.47e-09   5.55e-03  57.3%
Combinational          1.66e-03   2.49e-03   1.58e-08   4.15e-03  42.7%
Clock                  0.00e+00   0.00e+00   0.00e+00   0.00e+00   0.0%
Macro                  0.00e+00   0.00e+00   0.00e+00   0.00e+00   0.0%
Pad                    0.00e+00   0.00e+00   0.00e+00   0.00e+00   0.0%
----------------------------------------------------------------
Total                  7.19e-03   2.51e-03   2.53e-08   9.70e-03 100.0%
                          74.2%      25.8%       0.0%
