
==========================================================================
global route report_tns
--------------------------------------------------------------------------
tns max -0.08

==========================================================================
global route report_wns
--------------------------------------------------------------------------
wns max -0.07

==========================================================================
global route report_worst_slack
--------------------------------------------------------------------------
worst slack max -0.07

==========================================================================
global route report_clock_min_period
--------------------------------------------------------------------------
core_clock period_min = 10.27 fmax = 97.36

==========================================================================
global route report_clock_skew
--------------------------------------------------------------------------
Clock core_clock
   0.77 source latency rf.regs[20][15]$_DFFE_PP_/CLK ^
  -0.71 target latency rf.regs[4][8]$_DFFE_PP_/CLK ^
   0.00 CRPR
--------------
   0.06 setup skew


==========================================================================
global route report_checks -path_delay min
--------------------------------------------------------------------------
Startpoint: pc_unit.pc_out[0]$_SDFFE_PP0P_
            (rising edge-triggered flip-flop clocked by core_clock)
Endpoint: pc_unit.pc_out[0]$_SDFFE_PP0P_
          (rising edge-triggered flip-flop clocked by core_clock)
Path Group: core_clock
Path Type: min

Fanout     Cap    Slew   Delay    Time   Description
-----------------------------------------------------------------------------
                          0.00    0.00   clock core_clock (rise edge)
                          0.00    0.00   clock source latency
     1    0.08    0.00    0.00    0.00 ^ clk (in)
                                         clk (net)
                  0.00    0.00    0.00 ^ clkbuf_0_clk/A (sky130_fd_sc_hd__clkbuf_16)
     8    0.20    0.21    0.23    0.24 ^ clkbuf_0_clk/X (sky130_fd_sc_hd__clkbuf_16)
                                         clknet_0_clk (net)
                  0.21    0.01    0.24 ^ clkbuf_3_7__f_clk/A (sky130_fd_sc_hd__clkbuf_16)
    11    0.20    0.21    0.31    0.55 ^ clkbuf_3_7__f_clk/X (sky130_fd_sc_hd__clkbuf_16)
                                         clknet_3_7__leaf_clk (net)
                  0.21    0.01    0.56 ^ clkbuf_leaf_57_clk/A (sky130_fd_sc_hd__clkbuf_16)
     8    0.05    0.07    0.20    0.76 ^ clkbuf_leaf_57_clk/X (sky130_fd_sc_hd__clkbuf_16)
                                         clknet_leaf_57_clk (net)
                  0.07    0.00    0.76 ^ pc_unit.pc_out[0]$_SDFFE_PP0P_/CLK (sky130_fd_sc_hd__dfxtp_1)
     4    0.04    0.18    0.42    1.18 v pc_unit.pc_out[0]$_SDFFE_PP0P_/Q (sky130_fd_sc_hd__dfxtp_1)
                                         net162 (net)
                  0.18    0.00    1.18 v _6079_/A (sky130_fd_sc_hd__nand2_1)
     1    0.00    0.05    0.11    1.29 ^ _6079_/Y (sky130_fd_sc_hd__nand2_1)
                                         _2928_ (net)
                  0.05    0.00    1.29 ^ _6085_/A1 (sky130_fd_sc_hd__a21oi_1)
     1    0.00    0.04    0.06    1.35 v _6085_/Y (sky130_fd_sc_hd__a21oi_1)
                                         _0276_ (net)
                  0.04    0.00    1.35 v pc_unit.pc_out[0]$_SDFFE_PP0P_/D (sky130_fd_sc_hd__dfxtp_1)
                                  1.35   data arrival time

                          0.00    0.00   clock core_clock (rise edge)
                          0.00    0.00   clock source latency
     1    0.08    0.00    0.00    0.00 ^ clk (in)
                                         clk (net)
                  0.00    0.00    0.00 ^ clkbuf_0_clk/A (sky130_fd_sc_hd__clkbuf_16)
     8    0.20    0.21    0.23    0.24 ^ clkbuf_0_clk/X (sky130_fd_sc_hd__clkbuf_16)
                                         clknet_0_clk (net)
                  0.21    0.01    0.24 ^ clkbuf_3_7__f_clk/A (sky130_fd_sc_hd__clkbuf_16)
    11    0.20    0.21    0.31    0.55 ^ clkbuf_3_7__f_clk/X (sky130_fd_sc_hd__clkbuf_16)
                                         clknet_3_7__leaf_clk (net)
                  0.21    0.01    0.56 ^ clkbuf_leaf_57_clk/A (sky130_fd_sc_hd__clkbuf_16)
     8    0.05    0.07    0.20    0.76 ^ clkbuf_leaf_57_clk/X (sky130_fd_sc_hd__clkbuf_16)
                                         clknet_leaf_57_clk (net)
                  0.07    0.00    0.76 ^ pc_unit.pc_out[0]$_SDFFE_PP0P_/CLK (sky130_fd_sc_hd__dfxtp_1)
                          0.00    0.76   clock reconvergence pessimism
                         -0.05    0.71   library hold time
                                  0.71   data required time
-----------------------------------------------------------------------------
                                  0.71   data required time
                                 -1.35   data arrival time
-----------------------------------------------------------------------------
                                  0.64   slack (MET)



==========================================================================
global route report_checks -path_delay max
--------------------------------------------------------------------------
Startpoint: imem_rdata[20] (input port clocked by core_clock)
Endpoint: dmem_addr[29] (output port clocked by core_clock)
Path Group: core_clock
Path Type: max

Fanout     Cap    Slew   Delay    Time   Description
-----------------------------------------------------------------------------
                          0.00    0.00   clock core_clock (rise edge)
                          0.00    0.00   clock network delay (propagated)
                          2.04    2.04 ^ input external delay
     1    0.01    0.00    0.00    2.04 ^ imem_rdata[20] (in)
                                         imem_rdata[20] (net)
                  0.00    0.00    2.04 ^ input77/A (sky130_fd_sc_hd__buf_4)
     2    0.03    0.08    0.12    2.17 ^ input77/X (sky130_fd_sc_hd__buf_4)
                                         net76 (net)
                  0.08    0.00    2.17 ^ place1937/A (sky130_fd_sc_hd__buf_12)
     6    0.10    0.12    0.17    2.34 ^ place1937/X (sky130_fd_sc_hd__buf_12)
                                         net1936 (net)
                  0.12    0.01    2.34 ^ place1921/A (sky130_fd_sc_hd__buf_12)
    28    0.25    0.28    0.28    2.62 ^ place1921/X (sky130_fd_sc_hd__buf_12)
                                         net1920 (net)
                  0.28    0.03    2.64 ^ _3683_/S0 (sky130_fd_sc_hd__mux4_2)
     1    0.01    0.09    0.56    3.20 v _3683_/X (sky130_fd_sc_hd__mux4_2)
                                         _0763_ (net)
                  0.09    0.00    3.20 v _3686_/A3 (sky130_fd_sc_hd__mux4_2)
     1    0.01    0.10    0.51    3.71 v _3686_/X (sky130_fd_sc_hd__mux4_2)
                                         _0766_ (net)
                  0.10    0.00    3.71 v _3694_/A0 (sky130_fd_sc_hd__mux2i_1)
     1    0.01    0.21    0.21    3.92 ^ _3694_/Y (sky130_fd_sc_hd__mux2i_1)
                                         _0774_ (net)
                  0.21    0.00    3.92 ^ _3695_/B (sky130_fd_sc_hd__nor2_1)
     2    0.03    0.14    0.17    4.09 v _3695_/Y (sky130_fd_sc_hd__nor2_1)
                                         net159 (net)
                  0.14    0.00    4.09 v _3696_/B (sky130_fd_sc_hd__nand2_1)
     1    0.00    0.08    0.11    4.20 ^ _3696_/Y (sky130_fd_sc_hd__nand2_1)
                                         _0775_ (net)
                  0.08    0.00    4.20 ^ _3697_/B1_N (sky130_fd_sc_hd__a21boi_0)
     2    0.01    0.28    0.28    4.48 ^ _3697_/Y (sky130_fd_sc_hd__a21boi_0)
                                         _0114_ (net)
                  0.28    0.00    4.48 ^ place1559/A (sky130_fd_sc_hd__buf_4)
     2    0.01    0.04    0.17    4.66 ^ place1559/X (sky130_fd_sc_hd__buf_4)
                                         net1558 (net)
                  0.04    0.00    4.66 ^ _6446_/B (sky130_fd_sc_hd__ha_1)
     5    0.02    0.14    0.29    4.95 v _6446_/SUM (sky130_fd_sc_hd__ha_1)
                                         _0116_ (net)
                  0.14    0.00    4.95 v _4592_/B (sky130_fd_sc_hd__and3_1)
     1    0.00    0.04    0.20    5.15 v _4592_/X (sky130_fd_sc_hd__and3_1)
                                         _1636_ (net)
                  0.04    0.00    5.15 v _4593_/C (sky130_fd_sc_hd__and3_1)
     2    0.01    0.07    0.21    5.36 v _4593_/X (sky130_fd_sc_hd__and3_1)
                                         _1637_ (net)
                  0.07    0.00    5.36 v _4597_/A2 (sky130_fd_sc_hd__o31ai_2)
     1    0.00    0.19    0.23    5.59 ^ _4597_/Y (sky130_fd_sc_hd__o31ai_2)
                                         _1641_ (net)
                  0.19    0.00    5.59 ^ place1241/A (sky130_fd_sc_hd__buf_4)
     2    0.03    0.09    0.19    5.78 ^ place1241/X (sky130_fd_sc_hd__buf_4)
                                         net1240 (net)
                  0.09    0.00    5.78 ^ _4634_/A1 (sky130_fd_sc_hd__a2111oi_0)
     1    0.00    0.11    0.11    5.89 v _4634_/Y (sky130_fd_sc_hd__a2111oi_0)
                                         _1676_ (net)
                  0.11    0.00    5.89 v place1237/A (sky130_fd_sc_hd__buf_4)
     2    0.01    0.04    0.17    6.07 v place1237/X (sky130_fd_sc_hd__buf_4)
                                         net1236 (net)
                  0.04    0.00    6.07 v _5155_/A1 (sky130_fd_sc_hd__o31ai_4)
     2    0.01    0.22    0.27    6.34 ^ _5155_/Y (sky130_fd_sc_hd__o31ai_4)
                                         _2181_ (net)
                  0.22    0.00    6.34 ^ _5158_/A1 (sky130_fd_sc_hd__o21ai_1)
     2    0.01    0.08    0.13    6.47 v _5158_/Y (sky130_fd_sc_hd__o21ai_1)
                                         _2184_ (net)
                  0.08    0.00    6.47 v _5272_/A3 (sky130_fd_sc_hd__a31o_2)
     3    0.02    0.07    0.29    6.76 v _5272_/X (sky130_fd_sc_hd__a31o_2)
                                         _2293_ (net)
                  0.07    0.00    6.76 v _5435_/A2 (sky130_fd_sc_hd__a211oi_2)
     1    0.01    0.18    0.24    7.00 ^ _5435_/Y (sky130_fd_sc_hd__a211oi_2)
                                         _2448_ (net)
                  0.18    0.00    7.00 ^ _5436_/A2 (sky130_fd_sc_hd__o21bai_1)
     1    0.01    0.09    0.12    7.12 v _5436_/Y (sky130_fd_sc_hd__o21bai_1)
                                         _2449_ (net)
                  0.09    0.00    7.12 v _5437_/B (sky130_fd_sc_hd__xnor2_1)
     1    0.00    0.15    0.17    7.29 ^ _5437_/Y (sky130_fd_sc_hd__xnor2_1)
                                         _2450_ (net)
                  0.15    0.00    7.29 ^ _5438_/B (sky130_fd_sc_hd__nand2_1)
     1    0.00    0.06    0.08    7.37 v _5438_/Y (sky130_fd_sc_hd__nand2_1)
                                         _2451_ (net)
                  0.06    0.00    7.37 v _5439_/C_N (sky130_fd_sc_hd__nor3b_4)
     1    0.01    0.10    0.16    7.54 v _5439_/Y (sky130_fd_sc_hd__nor3b_4)
                                         _2452_ (net)
                  0.10    0.00    7.54 v rebuffer2024/A (sky130_fd_sc_hd__buf_12)
     3    0.06    0.05    0.17    7.71 v rebuffer2024/X (sky130_fd_sc_hd__buf_12)
                                         net2023 (net)
                  0.05    0.00    7.71 v _5717_/A (sky130_fd_sc_hd__inv_1)
     1    0.00    0.04    0.06    7.77 ^ _5717_/Y (sky130_fd_sc_hd__inv_1)
                                         net118 (net)
                  0.04    0.00    7.77 ^ output119/A (sky130_fd_sc_hd__clkdlybuf4s50_1)
     1    0.00    0.04    0.46    8.23 ^ output119/X (sky130_fd_sc_hd__clkdlybuf4s50_1)
                                         dmem_addr[29] (net)
                  0.04    0.00    8.23 ^ dmem_addr[29] (out)
                                  8.23   data arrival time

                         10.20   10.20   clock core_clock (rise edge)
                          0.00   10.20   clock network delay (propagated)
                          0.00   10.20   clock reconvergence pessimism
                         -2.04    8.16   output external delay
                                  8.16   data required time
-----------------------------------------------------------------------------
                                  8.16   data required time
                                 -8.23   data arrival time
-----------------------------------------------------------------------------
                                 -0.07   slack (VIOLATED)



==========================================================================
global route report_checks -unconstrained
--------------------------------------------------------------------------
Startpoint: imem_rdata[20] (input port clocked by core_clock)
Endpoint: dmem_addr[29] (output port clocked by core_clock)
Path Group: core_clock
Path Type: max

Fanout     Cap    Slew   Delay    Time   Description
-----------------------------------------------------------------------------
                          0.00    0.00   clock core_clock (rise edge)
                          0.00    0.00   clock network delay (propagated)
                          2.04    2.04 ^ input external delay
     1    0.01    0.00    0.00    2.04 ^ imem_rdata[20] (in)
                                         imem_rdata[20] (net)
                  0.00    0.00    2.04 ^ input77/A (sky130_fd_sc_hd__buf_4)
     2    0.03    0.08    0.12    2.17 ^ input77/X (sky130_fd_sc_hd__buf_4)
                                         net76 (net)
                  0.08    0.00    2.17 ^ place1937/A (sky130_fd_sc_hd__buf_12)
     6    0.10    0.12    0.17    2.34 ^ place1937/X (sky130_fd_sc_hd__buf_12)
                                         net1936 (net)
                  0.12    0.01    2.34 ^ place1921/A (sky130_fd_sc_hd__buf_12)
    28    0.25    0.28    0.28    2.62 ^ place1921/X (sky130_fd_sc_hd__buf_12)
                                         net1920 (net)
                  0.28    0.03    2.64 ^ _3683_/S0 (sky130_fd_sc_hd__mux4_2)
     1    0.01    0.09    0.56    3.20 v _3683_/X (sky130_fd_sc_hd__mux4_2)
                                         _0763_ (net)
                  0.09    0.00    3.20 v _3686_/A3 (sky130_fd_sc_hd__mux4_2)
     1    0.01    0.10    0.51    3.71 v _3686_/X (sky130_fd_sc_hd__mux4_2)
                                         _0766_ (net)
                  0.10    0.00    3.71 v _3694_/A0 (sky130_fd_sc_hd__mux2i_1)
     1    0.01    0.21    0.21    3.92 ^ _3694_/Y (sky130_fd_sc_hd__mux2i_1)
                                         _0774_ (net)
                  0.21    0.00    3.92 ^ _3695_/B (sky130_fd_sc_hd__nor2_1)
     2    0.03    0.14    0.17    4.09 v _3695_/Y (sky130_fd_sc_hd__nor2_1)
                                         net159 (net)
                  0.14    0.00    4.09 v _3696_/B (sky130_fd_sc_hd__nand2_1)
     1    0.00    0.08    0.11    4.20 ^ _3696_/Y (sky130_fd_sc_hd__nand2_1)
                                         _0775_ (net)
                  0.08    0.00    4.20 ^ _3697_/B1_N (sky130_fd_sc_hd__a21boi_0)
     2    0.01    0.28    0.28    4.48 ^ _3697_/Y (sky130_fd_sc_hd__a21boi_0)
                                         _0114_ (net)
                  0.28    0.00    4.48 ^ place1559/A (sky130_fd_sc_hd__buf_4)
     2    0.01    0.04    0.17    4.66 ^ place1559/X (sky130_fd_sc_hd__buf_4)
                                         net1558 (net)
                  0.04    0.00    4.66 ^ _6446_/B (sky130_fd_sc_hd__ha_1)
     5    0.02    0.14    0.29    4.95 v _6446_/SUM (sky130_fd_sc_hd__ha_1)
                                         _0116_ (net)
                  0.14    0.00    4.95 v _4592_/B (sky130_fd_sc_hd__and3_1)
     1    0.00    0.04    0.20    5.15 v _4592_/X (sky130_fd_sc_hd__and3_1)
                                         _1636_ (net)
                  0.04    0.00    5.15 v _4593_/C (sky130_fd_sc_hd__and3_1)
     2    0.01    0.07    0.21    5.36 v _4593_/X (sky130_fd_sc_hd__and3_1)
                                         _1637_ (net)
                  0.07    0.00    5.36 v _4597_/A2 (sky130_fd_sc_hd__o31ai_2)
     1    0.00    0.19    0.23    5.59 ^ _4597_/Y (sky130_fd_sc_hd__o31ai_2)
                                         _1641_ (net)
                  0.19    0.00    5.59 ^ place1241/A (sky130_fd_sc_hd__buf_4)
     2    0.03    0.09    0.19    5.78 ^ place1241/X (sky130_fd_sc_hd__buf_4)
                                         net1240 (net)
                  0.09    0.00    5.78 ^ _4634_/A1 (sky130_fd_sc_hd__a2111oi_0)
     1    0.00    0.11    0.11    5.89 v _4634_/Y (sky130_fd_sc_hd__a2111oi_0)
                                         _1676_ (net)
                  0.11    0.00    5.89 v place1237/A (sky130_fd_sc_hd__buf_4)
     2    0.01    0.04    0.17    6.07 v place1237/X (sky130_fd_sc_hd__buf_4)
                                         net1236 (net)
                  0.04    0.00    6.07 v _5155_/A1 (sky130_fd_sc_hd__o31ai_4)
     2    0.01    0.22    0.27    6.34 ^ _5155_/Y (sky130_fd_sc_hd__o31ai_4)
                                         _2181_ (net)
                  0.22    0.00    6.34 ^ _5158_/A1 (sky130_fd_sc_hd__o21ai_1)
     2    0.01    0.08    0.13    6.47 v _5158_/Y (sky130_fd_sc_hd__o21ai_1)
                                         _2184_ (net)
                  0.08    0.00    6.47 v _5272_/A3 (sky130_fd_sc_hd__a31o_2)
     3    0.02    0.07    0.29    6.76 v _5272_/X (sky130_fd_sc_hd__a31o_2)
                                         _2293_ (net)
                  0.07    0.00    6.76 v _5435_/A2 (sky130_fd_sc_hd__a211oi_2)
     1    0.01    0.18    0.24    7.00 ^ _5435_/Y (sky130_fd_sc_hd__a211oi_2)
                                         _2448_ (net)
                  0.18    0.00    7.00 ^ _5436_/A2 (sky130_fd_sc_hd__o21bai_1)
     1    0.01    0.09    0.12    7.12 v _5436_/Y (sky130_fd_sc_hd__o21bai_1)
                                         _2449_ (net)
                  0.09    0.00    7.12 v _5437_/B (sky130_fd_sc_hd__xnor2_1)
     1    0.00    0.15    0.17    7.29 ^ _5437_/Y (sky130_fd_sc_hd__xnor2_1)
                                         _2450_ (net)
                  0.15    0.00    7.29 ^ _5438_/B (sky130_fd_sc_hd__nand2_1)
     1    0.00    0.06    0.08    7.37 v _5438_/Y (sky130_fd_sc_hd__nand2_1)
                                         _2451_ (net)
                  0.06    0.00    7.37 v _5439_/C_N (sky130_fd_sc_hd__nor3b_4)
     1    0.01    0.10    0.16    7.54 v _5439_/Y (sky130_fd_sc_hd__nor3b_4)
                                         _2452_ (net)
                  0.10    0.00    7.54 v rebuffer2024/A (sky130_fd_sc_hd__buf_12)
     3    0.06    0.05    0.17    7.71 v rebuffer2024/X (sky130_fd_sc_hd__buf_12)
                                         net2023 (net)
                  0.05    0.00    7.71 v _5717_/A (sky130_fd_sc_hd__inv_1)
     1    0.00    0.04    0.06    7.77 ^ _5717_/Y (sky130_fd_sc_hd__inv_1)
                                         net118 (net)
                  0.04    0.00    7.77 ^ output119/A (sky130_fd_sc_hd__clkdlybuf4s50_1)
     1    0.00    0.04    0.46    8.23 ^ output119/X (sky130_fd_sc_hd__clkdlybuf4s50_1)
                                         dmem_addr[29] (net)
                  0.04    0.00    8.23 ^ dmem_addr[29] (out)
                                  8.23   data arrival time

                         10.20   10.20   clock core_clock (rise edge)
                          0.00   10.20   clock network delay (propagated)
                          0.00   10.20   clock reconvergence pessimism
                         -2.04    8.16   output external delay
                                  8.16   data required time
-----------------------------------------------------------------------------
                                  8.16   data required time
                                 -8.23   data arrival time
-----------------------------------------------------------------------------
                                 -0.07   slack (VIOLATED)



==========================================================================
global route report_check_types -max_slew -max_cap -max_fanout -violators
--------------------------------------------------------------------------

==========================================================================
global route max_slew_check_slack
--------------------------------------------------------------------------
0.038534510880708694

==========================================================================
global route max_slew_check_limit
--------------------------------------------------------------------------
1.5

==========================================================================
global route max_slew_check_slack_limit
--------------------------------------------------------------------------
0.0257

==========================================================================
global route max_fanout_check_slack
--------------------------------------------------------------------------
1.0000000150474662e+30

==========================================================================
global route max_fanout_check_limit
--------------------------------------------------------------------------
1.0000000150474662e+30

==========================================================================
global route max_capacitance_check_slack
--------------------------------------------------------------------------
0.003112134523689747

==========================================================================
global route max_capacitance_check_limit
--------------------------------------------------------------------------
0.1281840056180954

==========================================================================
global route max_capacitance_check_slack_limit
--------------------------------------------------------------------------
0.0243

==========================================================================
global route max_slew_violation_count
--------------------------------------------------------------------------
max slew violation count 0

==========================================================================
global route max_fanout_violation_count
--------------------------------------------------------------------------
max fanout violation count 0

==========================================================================
global route max_cap_violation_count
--------------------------------------------------------------------------
max cap violation count 0

==========================================================================
global route setup_violation_count
--------------------------------------------------------------------------
setup violation count 2

==========================================================================
global route hold_violation_count
--------------------------------------------------------------------------
hold violation count 0

==========================================================================
global route report_checks -path_delay max reg to reg
--------------------------------------------------------------------------
Startpoint: rf.regs[27][5]$_DFFE_PP_
            (rising edge-triggered flip-flop clocked by core_clock)
Endpoint: pc_unit.pc_out[2]$_SDFF_PP0_
          (rising edge-triggered flip-flop clocked by core_clock)
Path Group: core_clock
Path Type: max

  Delay    Time   Description
---------------------------------------------------------
   0.00    0.00   clock core_clock (rise edge)
   0.00    0.00   clock source latency
   0.00    0.00 ^ clk (in)
   0.24    0.24 ^ clkbuf_0_clk/X (sky130_fd_sc_hd__clkbuf_16)
   0.31    0.54 ^ clkbuf_3_4__f_clk/X (sky130_fd_sc_hd__clkbuf_16)
   0.21    0.75 ^ clkbuf_leaf_29_clk/X (sky130_fd_sc_hd__clkbuf_16)
   0.00    0.75 ^ rf.regs[27][5]$_DFFE_PP_/CLK (sky130_fd_sc_hd__edfxtp_1)
   0.43    1.18 v rf.regs[27][5]$_DFFE_PP_/Q (sky130_fd_sc_hd__edfxtp_1)
   0.48    1.66 v _5514_/X (sky130_fd_sc_hd__mux4_2)
   0.50    2.16 v _5517_/X (sky130_fd_sc_hd__mux4_2)
   0.22    2.38 ^ _5518_/Y (sky130_fd_sc_hd__mux2i_4)
   0.15    2.53 ^ place1703/X (sky130_fd_sc_hd__buf_6)
   0.06    2.59 v _5519_/Y (sky130_fd_sc_hd__nor2_1)
   0.11    2.70 ^ _5520_/Y (sky130_fd_sc_hd__nand2_2)
   0.18    2.88 ^ _5521_/Y (sky130_fd_sc_hd__a21boi_2)
   0.15    3.03 ^ place1532/X (sky130_fd_sc_hd__buf_4)
   0.12    3.15 ^ place1531/X (sky130_fd_sc_hd__buf_4)
   0.23    3.38 v _6416_/SUM (sky130_fd_sc_hd__ha_1)
   0.15    3.53 v _4455_/X (sky130_fd_sc_hd__and2_4)
   0.38    3.91 v _4459_/X (sky130_fd_sc_hd__a221o_1)
   0.24    4.14 ^ _4463_/Y (sky130_fd_sc_hd__a32oi_1)
   0.18    4.33 ^ place1243/X (sky130_fd_sc_hd__buf_4)
   0.11    4.43 v _4703_/Y (sky130_fd_sc_hd__o21ai_0)
   0.20    4.64 ^ _4704_/Y (sky130_fd_sc_hd__a21oi_1)
   0.27    4.91 ^ _4705_/X (sky130_fd_sc_hd__xor2_1)
   0.17    5.07 v _4709_/Y (sky130_fd_sc_hd__o221ai_1)
   0.41    5.49 v _4723_/X (sky130_fd_sc_hd__a2111o_1)
   0.30    5.78 v _4736_/X (sky130_fd_sc_hd__a211o_1)
   0.49    6.27 v _4797_/X (sky130_fd_sc_hd__or4_1)
   0.53    6.80 v _4891_/X (sky130_fd_sc_hd__or4_1)
   0.36    7.16 v _5077_/X (sky130_fd_sc_hd__or3_1)
   0.50    7.66 v _5241_/X (sky130_fd_sc_hd__or4_1)
   0.31    7.97 ^ _5455_/Y (sky130_fd_sc_hd__nor3_2)
   0.23    8.20 ^ _6527_/SUM (sky130_fd_sc_hd__ha_1)
   0.07    8.27 v _6076_/Y (sky130_fd_sc_hd__inv_1)
   0.43    8.70 ^ _6077_/Y (sky130_fd_sc_hd__a31oi_2)
   0.33    9.03 ^ place1134/X (sky130_fd_sc_hd__buf_4)
   0.09    9.12 v _6321_/Y (sky130_fd_sc_hd__nor2_1)
   0.21    9.34 ^ _6322_/Y (sky130_fd_sc_hd__a211oi_1)
   0.00    9.34 ^ pc_unit.pc_out[2]$_SDFF_PP0_/D (sky130_fd_sc_hd__dfxtp_1)
           9.34   data arrival time

  10.20   10.20   clock core_clock (rise edge)
   0.00   10.20   clock source latency
   0.00   10.20 ^ clk (in)
   0.24   10.44 ^ clkbuf_0_clk/X (sky130_fd_sc_hd__clkbuf_16)
   0.31   10.75 ^ clkbuf_3_7__f_clk/X (sky130_fd_sc_hd__clkbuf_16)
   0.21   10.96 ^ clkbuf_leaf_58_clk/X (sky130_fd_sc_hd__clkbuf_16)
   0.00   10.96 ^ pc_unit.pc_out[2]$_SDFF_PP0_/CLK (sky130_fd_sc_hd__dfxtp_1)
   0.00   10.96   clock reconvergence pessimism
  -0.08   10.88   library setup time
          10.88   data required time
---------------------------------------------------------
          10.88   data required time
          -9.34   data arrival time
---------------------------------------------------------
           1.54   slack (MET)



==========================================================================
global route report_checks -path_delay min reg to reg
--------------------------------------------------------------------------
Startpoint: pc_unit.pc_out[0]$_SDFFE_PP0P_
            (rising edge-triggered flip-flop clocked by core_clock)
Endpoint: pc_unit.pc_out[0]$_SDFFE_PP0P_
          (rising edge-triggered flip-flop clocked by core_clock)
Path Group: core_clock
Path Type: min

  Delay    Time   Description
---------------------------------------------------------
   0.00    0.00   clock core_clock (rise edge)
   0.00    0.00   clock source latency
   0.00    0.00 ^ clk (in)
   0.24    0.24 ^ clkbuf_0_clk/X (sky130_fd_sc_hd__clkbuf_16)
   0.31    0.55 ^ clkbuf_3_7__f_clk/X (sky130_fd_sc_hd__clkbuf_16)
   0.21    0.76 ^ clkbuf_leaf_57_clk/X (sky130_fd_sc_hd__clkbuf_16)
   0.00    0.76 ^ pc_unit.pc_out[0]$_SDFFE_PP0P_/CLK (sky130_fd_sc_hd__dfxtp_1)
   0.42    1.18 v pc_unit.pc_out[0]$_SDFFE_PP0P_/Q (sky130_fd_sc_hd__dfxtp_1)
   0.11    1.29 ^ _6079_/Y (sky130_fd_sc_hd__nand2_1)
   0.06    1.35 v _6085_/Y (sky130_fd_sc_hd__a21oi_1)
   0.00    1.35 v pc_unit.pc_out[0]$_SDFFE_PP0P_/D (sky130_fd_sc_hd__dfxtp_1)
           1.35   data arrival time

   0.00    0.00   clock core_clock (rise edge)
   0.00    0.00   clock source latency
   0.00    0.00 ^ clk (in)
   0.24    0.24 ^ clkbuf_0_clk/X (sky130_fd_sc_hd__clkbuf_16)
   0.31    0.55 ^ clkbuf_3_7__f_clk/X (sky130_fd_sc_hd__clkbuf_16)
   0.21    0.76 ^ clkbuf_leaf_57_clk/X (sky130_fd_sc_hd__clkbuf_16)
   0.00    0.76 ^ pc_unit.pc_out[0]$_SDFFE_PP0P_/CLK (sky130_fd_sc_hd__dfxtp_1)
   0.00    0.76   clock reconvergence pessimism
  -0.05    0.71   library hold time
           0.71   data required time
---------------------------------------------------------
           0.71   data required time
          -1.35   data arrival time
---------------------------------------------------------
           0.64   slack (MET)



==========================================================================
global route critical path target clock latency max path
--------------------------------------------------------------------------
0.7601

==========================================================================
global route critical path target clock latency min path
--------------------------------------------------------------------------
0.7663

==========================================================================
global route critical path source clock latency min path
--------------------------------------------------------------------------
0.0000

==========================================================================
global route critical path delay
--------------------------------------------------------------------------
8.2304

==========================================================================
global route critical path slack
--------------------------------------------------------------------------
-0.0672

==========================================================================
global route slack div critical path delay
--------------------------------------------------------------------------
-0.816485

==========================================================================
global route report_power
--------------------------------------------------------------------------
Group                  Internal  Switching    Leakage      Total
                          Power      Power      Power      Power (Watts)
----------------------------------------------------------------
Sequential             5.44e-03   2.67e-05   9.47e-09   5.47e-03  38.1%
Combinational          1.77e-03   2.81e-03   1.64e-08   4.58e-03  31.9%
Clock                  2.36e-03   1.96e-03   1.77e-09   4.32e-03  30.0%
Macro                  0.00e+00   0.00e+00   0.00e+00   0.00e+00   0.0%
Pad                    0.00e+00   0.00e+00   0.00e+00   0.00e+00   0.0%
----------------------------------------------------------------
Total                  9.57e-03   4.79e-03   2.77e-08   1.44e-02 100.0%
                          66.6%      33.4%       0.0%
