
==========================================================================
finish report_tns
--------------------------------------------------------------------------
tns max 0.00

==========================================================================
finish report_wns
--------------------------------------------------------------------------
wns max 0.00

==========================================================================
finish report_worst_slack
--------------------------------------------------------------------------
worst slack max 0.15

==========================================================================
finish report_clock_min_period
--------------------------------------------------------------------------
core_clock period_min = 10.06 fmax = 99.44

==========================================================================
finish report_clock_skew
--------------------------------------------------------------------------
Clock core_clock
   0.69 source latency rf.regs[19][8]$_DFFE_PP_/CLK ^
  -0.75 target latency pc_unit.pc_out[26]$_SDFF_PP0_/CLK ^
   0.00 CRPR
--------------
  -0.06 setup skew


==========================================================================
finish report_checks -path_delay min
--------------------------------------------------------------------------
Startpoint: pc_unit.pc_out[1]$_SDFFE_PP0P_
            (rising edge-triggered flip-flop clocked by core_clock)
Endpoint: pc_unit.pc_out[1]$_SDFFE_PP0P_
          (rising edge-triggered flip-flop clocked by core_clock)
Path Group: core_clock
Path Type: min

Fanout     Cap    Slew   Delay    Time   Description
-----------------------------------------------------------------------------
                          0.00    0.00   clock core_clock (rise edge)
                          0.00    0.00   clock source latency
     1    0.07    0.00    0.00    0.00 ^ clk (in)
                                         clk (net)
                  0.00    0.00    0.00 ^ clkbuf_0_clk/A (sky130_fd_sc_hd__clkbuf_16)
     8    0.19    0.20    0.23    0.23 ^ clkbuf_0_clk/X (sky130_fd_sc_hd__clkbuf_16)
                                         clknet_0_clk (net)
                  0.20    0.01    0.24 ^ clkbuf_3_7__f_clk/A (sky130_fd_sc_hd__clkbuf_16)
    11    0.19    0.20    0.30    0.54 ^ clkbuf_3_7__f_clk/X (sky130_fd_sc_hd__clkbuf_16)
                                         clknet_3_7__leaf_clk (net)
                  0.20    0.00    0.54 ^ clkbuf_leaf_59_clk/A (sky130_fd_sc_hd__clkbuf_16)
     7    0.04    0.06    0.19    0.74 ^ clkbuf_leaf_59_clk/X (sky130_fd_sc_hd__clkbuf_16)
                                         clknet_leaf_59_clk (net)
                  0.06    0.00    0.74 ^ pc_unit.pc_out[1]$_SDFFE_PP0P_/CLK (sky130_fd_sc_hd__dfxtp_1)
     5    0.04    0.17    0.41    1.15 v pc_unit.pc_out[1]$_SDFFE_PP0P_/Q (sky130_fd_sc_hd__dfxtp_1)
                                         net173 (net)
                  0.17    0.00    1.15 v _6389_/A (sky130_fd_sc_hd__nand2_1)
     1    0.00    0.05    0.10    1.25 ^ _6389_/Y (sky130_fd_sc_hd__nand2_1)
                                         _3175_ (net)
                  0.05    0.00    1.25 ^ _6391_/A1 (sky130_fd_sc_hd__a21oi_1)
     1    0.00    0.04    0.06    1.31 v _6391_/Y (sky130_fd_sc_hd__a21oi_1)
                                         _0307_ (net)
                  0.04    0.00    1.31 v pc_unit.pc_out[1]$_SDFFE_PP0P_/D (sky130_fd_sc_hd__dfxtp_1)
                                  1.31   data arrival time

                          0.00    0.00   clock core_clock (rise edge)
                          0.00    0.00   clock source latency
     1    0.07    0.00    0.00    0.00 ^ clk (in)
                                         clk (net)
                  0.00    0.00    0.00 ^ clkbuf_0_clk/A (sky130_fd_sc_hd__clkbuf_16)
     8    0.19    0.20    0.23    0.23 ^ clkbuf_0_clk/X (sky130_fd_sc_hd__clkbuf_16)
                                         clknet_0_clk (net)
                  0.20    0.01    0.24 ^ clkbuf_3_7__f_clk/A (sky130_fd_sc_hd__clkbuf_16)
    11    0.19    0.20    0.30    0.54 ^ clkbuf_3_7__f_clk/X (sky130_fd_sc_hd__clkbuf_16)
                                         clknet_3_7__leaf_clk (net)
                  0.20    0.00    0.54 ^ clkbuf_leaf_59_clk/A (sky130_fd_sc_hd__clkbuf_16)
     7    0.04    0.06    0.19    0.74 ^ clkbuf_leaf_59_clk/X (sky130_fd_sc_hd__clkbuf_16)
                                         clknet_leaf_59_clk (net)
                  0.06    0.00    0.74 ^ pc_unit.pc_out[1]$_SDFFE_PP0P_/CLK (sky130_fd_sc_hd__dfxtp_1)
                          0.00    0.74   clock reconvergence pessimism
                         -0.05    0.69   library hold time
                                  0.69   data required time
-----------------------------------------------------------------------------
                                  0.69   data required time
                                 -1.31   data arrival time
-----------------------------------------------------------------------------
                                  0.62   slack (MET)



==========================================================================
finish report_checks -path_delay max
--------------------------------------------------------------------------
Startpoint: imem_rdata[20] (input port clocked by core_clock)
Endpoint: dmem_addr[30] (output port clocked by core_clock)
Path Group: core_clock
Path Type: max

Fanout     Cap    Slew   Delay    Time   Description
-----------------------------------------------------------------------------
                          0.00    0.00   clock core_clock (rise edge)
                          0.00    0.00   clock network delay (propagated)
                          2.04    2.04 ^ input external delay
     1    0.01    0.00    0.00    2.04 ^ imem_rdata[20] (in)
                                         imem_rdata[20] (net)
                  0.00    0.00    2.04 ^ input77/A (sky130_fd_sc_hd__buf_4)
     2    0.02    0.08    0.12    2.16 ^ input77/X (sky130_fd_sc_hd__buf_4)
                                         net76 (net)
                  0.08    0.00    2.16 ^ place1937/A (sky130_fd_sc_hd__buf_12)
     6    0.10    0.12    0.17    2.33 ^ place1937/X (sky130_fd_sc_hd__buf_12)
                                         net1936 (net)
                  0.13    0.01    2.34 ^ place1933/A (sky130_fd_sc_hd__buf_16)
     5    0.04    0.06    0.14    2.48 ^ place1933/X (sky130_fd_sc_hd__buf_16)
                                         net1932 (net)
                  0.06    0.00    2.49 ^ rebuffer2053/A (sky130_fd_sc_hd__buf_4)
     1    0.01    0.03    0.11    2.59 ^ rebuffer2053/X (sky130_fd_sc_hd__buf_4)
                                         net2052 (net)
                  0.03    0.00    2.59 ^ _5516_/S0 (sky130_fd_sc_hd__mux4_2)
     1    0.00    0.08    0.48    3.07 v _5516_/X (sky130_fd_sc_hd__mux4_2)
                                         _2515_ (net)
                  0.08    0.00    3.07 v _5517_/A3 (sky130_fd_sc_hd__mux4_2)
     1    0.01    0.10    0.51    3.59 v _5517_/X (sky130_fd_sc_hd__mux4_2)
                                         _2516_ (net)
                  0.10    0.00    3.59 v _5518_/A1 (sky130_fd_sc_hd__mux2i_4)
     1    0.02    0.20    0.21    3.80 ^ _5518_/Y (sky130_fd_sc_hd__mux2i_4)
                                         _2517_ (net)
                  0.20    0.00    3.80 ^ place1703/A (sky130_fd_sc_hd__buf_6)
     1    0.02    0.05    0.15    3.95 ^ place1703/X (sky130_fd_sc_hd__buf_6)
                                         net1702 (net)
                  0.05    0.00    3.95 ^ _5519_/B (sky130_fd_sc_hd__nor2_1)
     2    0.01    0.04    0.05    4.00 v _5519_/Y (sky130_fd_sc_hd__nor2_1)
                                         net156 (net)
                  0.04    0.00    4.00 v _5520_/B (sky130_fd_sc_hd__nand2_2)
     1    0.02    0.12    0.12    4.12 ^ _5520_/Y (sky130_fd_sc_hd__nand2_2)
                                         _2518_ (net)
                  0.12    0.00    4.12 ^ _5521_/B1_N (sky130_fd_sc_hd__a21boi_2)
     1    0.01    0.11    0.18    4.30 ^ _5521_/Y (sky130_fd_sc_hd__a21boi_2)
                                         _0052_ (net)
                  0.11    0.00    4.30 ^ place1532/A (sky130_fd_sc_hd__buf_4)
     2    0.01    0.05    0.14    4.44 ^ place1532/X (sky130_fd_sc_hd__buf_4)
                                         net1531 (net)
                  0.05    0.00    4.44 ^ place1531/A (sky130_fd_sc_hd__buf_4)
     2    0.01    0.04    0.11    4.55 ^ place1531/X (sky130_fd_sc_hd__buf_4)
                                         net1530 (net)
                  0.04    0.00    4.55 ^ _5522_/A (sky130_fd_sc_hd__inv_1)
     1    0.01    0.05    0.05    4.60 v _5522_/Y (sky130_fd_sc_hd__inv_1)
                                         alu_b[5] (net)
                  0.05    0.00    4.60 v _6432_/B (sky130_fd_sc_hd__ha_4)
     5    0.02    0.05    0.18    4.78 v _6432_/COUT (sky130_fd_sc_hd__ha_4)
                                         _0090_ (net)
                  0.05    0.00    4.78 v _4436_/A2 (sky130_fd_sc_hd__o41ai_2)
     1    0.00    0.22    0.30    5.08 ^ _4436_/Y (sky130_fd_sc_hd__o41ai_2)
                                         _1487_ (net)
                  0.22    0.00    5.08 ^ place1250/A (sky130_fd_sc_hd__buf_4)
     2    0.02    0.07    0.19    5.27 ^ place1250/X (sky130_fd_sc_hd__buf_4)
                                         net1249 (net)
                  0.07    0.00    5.27 ^ _4445_/A2 (sky130_fd_sc_hd__o21ai_4)
     3    0.04    0.10    0.10    5.37 v _4445_/Y (sky130_fd_sc_hd__o21ai_4)
                                         _1496_ (net)
                  0.10    0.01    5.37 v _5178_/A2 (sky130_fd_sc_hd__a211oi_4)
     1    0.01    0.20    0.28    5.65 ^ _5178_/Y (sky130_fd_sc_hd__a211oi_4)
                                         _2203_ (net)
                  0.20    0.00    5.65 ^ place1235/A (sky130_fd_sc_hd__buf_4)
     2    0.01    0.04    0.16    5.81 ^ place1235/X (sky130_fd_sc_hd__buf_4)
                                         net1234 (net)
                  0.04    0.00    5.81 ^ _5182_/A (sky130_fd_sc_hd__nor3_2)
     2    0.01    0.08    0.05    5.86 v _5182_/Y (sky130_fd_sc_hd__nor3_2)
                                         _2207_ (net)
                  0.08    0.00    5.86 v _5244_/B1 (sky130_fd_sc_hd__a2111oi_2)
     1    0.01    0.32    0.38    6.24 ^ _5244_/Y (sky130_fd_sc_hd__a2111oi_2)
                                         _2266_ (net)
                  0.32    0.00    6.24 ^ place1225/A (sky130_fd_sc_hd__buf_4)
     3    0.02    0.07    0.20    6.44 ^ place1225/X (sky130_fd_sc_hd__buf_4)
                                         net1224 (net)
                  0.07    0.00    6.44 ^ _5343_/A1 (sky130_fd_sc_hd__o311ai_4)
     2    0.02    0.13    0.13    6.57 v _5343_/Y (sky130_fd_sc_hd__o311ai_4)
                                         _2359_ (net)
                  0.13    0.00    6.57 v _5344_/A2 (sky130_fd_sc_hd__a21oi_2)
     1    0.00    0.09    0.16    6.73 ^ _5344_/Y (sky130_fd_sc_hd__a21oi_2)
                                         _2360_ (net)
                  0.09    0.00    6.73 ^ _5345_/A (sky130_fd_sc_hd__nor2_1)
     1    0.01    0.04    0.06    6.80 v _5345_/Y (sky130_fd_sc_hd__nor2_1)
                                         _2361_ (net)
                  0.04    0.00    6.80 v _5346_/B (sky130_fd_sc_hd__nor2_2)
     1    0.01    0.16    0.15    6.94 ^ _5346_/Y (sky130_fd_sc_hd__nor2_2)
                                         _2362_ (net)
                  0.16    0.00    6.94 ^ _5347_/A (sky130_fd_sc_hd__xnor2_2)
     1    0.01    0.08    0.12    7.06 v _5347_/Y (sky130_fd_sc_hd__xnor2_2)
                                         _2363_ (net)
                  0.08    0.00    7.06 v _5371_/A2 (sky130_fd_sc_hd__a21oi_4)
     1    0.05    0.34    0.34    7.40 ^ _5371_/Y (sky130_fd_sc_hd__a21oi_4)
                                         _2385_ (net)
                  0.34    0.00    7.40 ^ place1162/A (sky130_fd_sc_hd__buf_6)
     2    0.01    0.04    0.16    7.56 ^ place1162/X (sky130_fd_sc_hd__buf_6)
                                         net1161 (net)
                  0.04    0.00    7.56 ^ _5716_/A (sky130_fd_sc_hd__inv_1)
     1    0.01    0.03    0.05    7.61 v _5716_/Y (sky130_fd_sc_hd__inv_1)
                                         net120 (net)
                  0.03    0.00    7.61 v output121/A (sky130_fd_sc_hd__clkdlybuf4s50_1)
     1    0.00    0.05    0.41    8.02 v output121/X (sky130_fd_sc_hd__clkdlybuf4s50_1)
                                         dmem_addr[30] (net)
                  0.05    0.00    8.02 v dmem_addr[30] (out)
                                  8.02   data arrival time

                         10.20   10.20   clock core_clock (rise edge)
                          0.00   10.20   clock network delay (propagated)
                          0.00   10.20   clock reconvergence pessimism
                         -2.04    8.16   output external delay
                                  8.16   data required time
-----------------------------------------------------------------------------
                                  8.16   data required time
                                 -8.02   data arrival time
-----------------------------------------------------------------------------
                                  0.15   slack (MET)



==========================================================================
finish report_checks -unconstrained
--------------------------------------------------------------------------
Startpoint: imem_rdata[20] (input port clocked by core_clock)
Endpoint: dmem_addr[30] (output port clocked by core_clock)
Path Group: core_clock
Path Type: max

Fanout     Cap    Slew   Delay    Time   Description
-----------------------------------------------------------------------------
                          0.00    0.00   clock core_clock (rise edge)
                          0.00    0.00   clock network delay (propagated)
                          2.04    2.04 ^ input external delay
     1    0.01    0.00    0.00    2.04 ^ imem_rdata[20] (in)
                                         imem_rdata[20] (net)
                  0.00    0.00    2.04 ^ input77/A (sky130_fd_sc_hd__buf_4)
     2    0.02    0.08    0.12    2.16 ^ input77/X (sky130_fd_sc_hd__buf_4)
                                         net76 (net)
                  0.08    0.00    2.16 ^ place1937/A (sky130_fd_sc_hd__buf_12)
     6    0.10    0.12    0.17    2.33 ^ place1937/X (sky130_fd_sc_hd__buf_12)
                                         net1936 (net)
                  0.13    0.01    2.34 ^ place1933/A (sky130_fd_sc_hd__buf_16)
     5    0.04    0.06    0.14    2.48 ^ place1933/X (sky130_fd_sc_hd__buf_16)
                                         net1932 (net)
                  0.06    0.00    2.49 ^ rebuffer2053/A (sky130_fd_sc_hd__buf_4)
     1    0.01    0.03    0.11    2.59 ^ rebuffer2053/X (sky130_fd_sc_hd__buf_4)
                                         net2052 (net)
                  0.03    0.00    2.59 ^ _5516_/S0 (sky130_fd_sc_hd__mux4_2)
     1    0.00    0.08    0.48    3.07 v _5516_/X (sky130_fd_sc_hd__mux4_2)
                                         _2515_ (net)
                  0.08    0.00    3.07 v _5517_/A3 (sky130_fd_sc_hd__mux4_2)
     1    0.01    0.10    0.51    3.59 v _5517_/X (sky130_fd_sc_hd__mux4_2)
                                         _2516_ (net)
                  0.10    0.00    3.59 v _5518_/A1 (sky130_fd_sc_hd__mux2i_4)
     1    0.02    0.20    0.21    3.80 ^ _5518_/Y (sky130_fd_sc_hd__mux2i_4)
                                         _2517_ (net)
                  0.20    0.00    3.80 ^ place1703/A (sky130_fd_sc_hd__buf_6)
     1    0.02    0.05    0.15    3.95 ^ place1703/X (sky130_fd_sc_hd__buf_6)
                                         net1702 (net)
                  0.05    0.00    3.95 ^ _5519_/B (sky130_fd_sc_hd__nor2_1)
     2    0.01    0.04    0.05    4.00 v _5519_/Y (sky130_fd_sc_hd__nor2_1)
                                         net156 (net)
                  0.04    0.00    4.00 v _5520_/B (sky130_fd_sc_hd__nand2_2)
     1    0.02    0.12    0.12    4.12 ^ _5520_/Y (sky130_fd_sc_hd__nand2_2)
                                         _2518_ (net)
                  0.12    0.00    4.12 ^ _5521_/B1_N (sky130_fd_sc_hd__a21boi_2)
     1    0.01    0.11    0.18    4.30 ^ _5521_/Y (sky130_fd_sc_hd__a21boi_2)
                                         _0052_ (net)
                  0.11    0.00    4.30 ^ place1532/A (sky130_fd_sc_hd__buf_4)
     2    0.01    0.05    0.14    4.44 ^ place1532/X (sky130_fd_sc_hd__buf_4)
                                         net1531 (net)
                  0.05    0.00    4.44 ^ place1531/A (sky130_fd_sc_hd__buf_4)
     2    0.01    0.04    0.11    4.55 ^ place1531/X (sky130_fd_sc_hd__buf_4)
                                         net1530 (net)
                  0.04    0.00    4.55 ^ _5522_/A (sky130_fd_sc_hd__inv_1)
     1    0.01    0.05    0.05    4.60 v _5522_/Y (sky130_fd_sc_hd__inv_1)
                                         alu_b[5] (net)
                  0.05    0.00    4.60 v _6432_/B (sky130_fd_sc_hd__ha_4)
     5    0.02    0.05    0.18    4.78 v _6432_/COUT (sky130_fd_sc_hd__ha_4)
                                         _0090_ (net)
                  0.05    0.00    4.78 v _4436_/A2 (sky130_fd_sc_hd__o41ai_2)
     1    0.00    0.22    0.30    5.08 ^ _4436_/Y (sky130_fd_sc_hd__o41ai_2)
                                         _1487_ (net)
                  0.22    0.00    5.08 ^ place1250/A (sky130_fd_sc_hd__buf_4)
     2    0.02    0.07    0.19    5.27 ^ place1250/X (sky130_fd_sc_hd__buf_4)
                                         net1249 (net)
                  0.07    0.00    5.27 ^ _4445_/A2 (sky130_fd_sc_hd__o21ai_4)
     3    0.04    0.10    0.10    5.37 v _4445_/Y (sky130_fd_sc_hd__o21ai_4)
                                         _1496_ (net)
                  0.10    0.01    5.37 v _5178_/A2 (sky130_fd_sc_hd__a211oi_4)
     1    0.01    0.20    0.28    5.65 ^ _5178_/Y (sky130_fd_sc_hd__a211oi_4)
                                         _2203_ (net)
                  0.20    0.00    5.65 ^ place1235/A (sky130_fd_sc_hd__buf_4)
     2    0.01    0.04    0.16    5.81 ^ place1235/X (sky130_fd_sc_hd__buf_4)
                                         net1234 (net)
                  0.04    0.00    5.81 ^ _5182_/A (sky130_fd_sc_hd__nor3_2)
     2    0.01    0.08    0.05    5.86 v _5182_/Y (sky130_fd_sc_hd__nor3_2)
                                         _2207_ (net)
                  0.08    0.00    5.86 v _5244_/B1 (sky130_fd_sc_hd__a2111oi_2)
     1    0.01    0.32    0.38    6.24 ^ _5244_/Y (sky130_fd_sc_hd__a2111oi_2)
                                         _2266_ (net)
                  0.32    0.00    6.24 ^ place1225/A (sky130_fd_sc_hd__buf_4)
     3    0.02    0.07    0.20    6.44 ^ place1225/X (sky130_fd_sc_hd__buf_4)
                                         net1224 (net)
                  0.07    0.00    6.44 ^ _5343_/A1 (sky130_fd_sc_hd__o311ai_4)
     2    0.02    0.13    0.13    6.57 v _5343_/Y (sky130_fd_sc_hd__o311ai_4)
                                         _2359_ (net)
                  0.13    0.00    6.57 v _5344_/A2 (sky130_fd_sc_hd__a21oi_2)
     1    0.00    0.09    0.16    6.73 ^ _5344_/Y (sky130_fd_sc_hd__a21oi_2)
                                         _2360_ (net)
                  0.09    0.00    6.73 ^ _5345_/A (sky130_fd_sc_hd__nor2_1)
     1    0.01    0.04    0.06    6.80 v _5345_/Y (sky130_fd_sc_hd__nor2_1)
                                         _2361_ (net)
                  0.04    0.00    6.80 v _5346_/B (sky130_fd_sc_hd__nor2_2)
     1    0.01    0.16    0.15    6.94 ^ _5346_/Y (sky130_fd_sc_hd__nor2_2)
                                         _2362_ (net)
                  0.16    0.00    6.94 ^ _5347_/A (sky130_fd_sc_hd__xnor2_2)
     1    0.01    0.08    0.12    7.06 v _5347_/Y (sky130_fd_sc_hd__xnor2_2)
                                         _2363_ (net)
                  0.08    0.00    7.06 v _5371_/A2 (sky130_fd_sc_hd__a21oi_4)
     1    0.05    0.34    0.34    7.40 ^ _5371_/Y (sky130_fd_sc_hd__a21oi_4)
                                         _2385_ (net)
                  0.34    0.00    7.40 ^ place1162/A (sky130_fd_sc_hd__buf_6)
     2    0.01    0.04    0.16    7.56 ^ place1162/X (sky130_fd_sc_hd__buf_6)
                                         net1161 (net)
                  0.04    0.00    7.56 ^ _5716_/A (sky130_fd_sc_hd__inv_1)
     1    0.01    0.03    0.05    7.61 v _5716_/Y (sky130_fd_sc_hd__inv_1)
                                         net120 (net)
                  0.03    0.00    7.61 v output121/A (sky130_fd_sc_hd__clkdlybuf4s50_1)
     1    0.00    0.05    0.41    8.02 v output121/X (sky130_fd_sc_hd__clkdlybuf4s50_1)
                                         dmem_addr[30] (net)
                  0.05    0.00    8.02 v dmem_addr[30] (out)
                                  8.02   data arrival time

                         10.20   10.20   clock core_clock (rise edge)
                          0.00   10.20   clock network delay (propagated)
                          0.00   10.20   clock reconvergence pessimism
                         -2.04    8.16   output external delay
                                  8.16   data required time
-----------------------------------------------------------------------------
                                  8.16   data required time
                                 -8.02   data arrival time
-----------------------------------------------------------------------------
                                  0.15   slack (MET)



==========================================================================
finish report_check_types -max_slew -max_cap -max_fanout -violators
--------------------------------------------------------------------------

==========================================================================
finish max_slew_check_slack
--------------------------------------------------------------------------
0.11282386630773544

==========================================================================
finish max_slew_check_limit
--------------------------------------------------------------------------
1.5

==========================================================================
finish max_slew_check_slack_limit
--------------------------------------------------------------------------
0.0752

==========================================================================
finish max_fanout_check_slack
--------------------------------------------------------------------------
1.0000000150474662e+30

==========================================================================
finish max_fanout_check_limit
--------------------------------------------------------------------------
1.0000000150474662e+30

==========================================================================
finish max_capacitance_check_slack
--------------------------------------------------------------------------
0.007687055971473455

==========================================================================
finish max_capacitance_check_limit
--------------------------------------------------------------------------
0.021067000925540924

==========================================================================
finish max_capacitance_check_slack_limit
--------------------------------------------------------------------------
0.3649

==========================================================================
finish max_slew_violation_count
--------------------------------------------------------------------------
max slew violation count 0

==========================================================================
finish max_fanout_violation_count
--------------------------------------------------------------------------
max fanout violation count 0

==========================================================================
finish max_cap_violation_count
--------------------------------------------------------------------------
max cap violation count 0

==========================================================================
finish setup_violation_count
--------------------------------------------------------------------------
setup violation count 0

==========================================================================
finish hold_violation_count
--------------------------------------------------------------------------
hold violation count 0

==========================================================================
finish report_checks -path_delay max reg to reg
--------------------------------------------------------------------------
Startpoint: rf.regs[26][5]$_DFFE_PP_
            (rising edge-triggered flip-flop clocked by core_clock)
Endpoint: pc_unit.pc_out[31]$_SDFF_PP0_
          (rising edge-triggered flip-flop clocked by core_clock)
Path Group: core_clock
Path Type: max

  Delay    Time   Description
---------------------------------------------------------
   0.00    0.00   clock core_clock (rise edge)
   0.00    0.00   clock source latency
   0.00    0.00 ^ clk (in)
   0.23    0.23 ^ clkbuf_0_clk/X (sky130_fd_sc_hd__clkbuf_16)
   0.30    0.53 ^ clkbuf_3_4__f_clk/X (sky130_fd_sc_hd__clkbuf_16)
   0.19    0.72 ^ clkbuf_leaf_29_clk/X (sky130_fd_sc_hd__clkbuf_16)
   0.00    0.72 ^ rf.regs[26][5]$_DFFE_PP_/CLK (sky130_fd_sc_hd__edfxtp_1)
   0.43    1.15 v rf.regs[26][5]$_DFFE_PP_/Q (sky130_fd_sc_hd__edfxtp_1)
   0.48    1.63 v _5514_/X (sky130_fd_sc_hd__mux4_2)
   0.50    2.12 v _5517_/X (sky130_fd_sc_hd__mux4_2)
   0.21    2.34 ^ _5518_/Y (sky130_fd_sc_hd__mux2i_4)
   0.15    2.48 ^ place1703/X (sky130_fd_sc_hd__buf_6)
   0.06    2.54 v _5519_/Y (sky130_fd_sc_hd__nor2_1)
   0.12    2.65 ^ _5520_/Y (sky130_fd_sc_hd__nand2_2)
   0.18    2.84 ^ _5521_/Y (sky130_fd_sc_hd__a21boi_2)
   0.14    2.98 ^ place1532/X (sky130_fd_sc_hd__buf_4)
   0.11    3.09 ^ place1531/X (sky130_fd_sc_hd__buf_4)
   0.23    3.31 v _6416_/SUM (sky130_fd_sc_hd__ha_1)
   0.14    3.46 v _4455_/X (sky130_fd_sc_hd__and2_4)
   0.36    3.82 v _4459_/X (sky130_fd_sc_hd__a221o_1)
   0.18    4.00 ^ _4463_/Y (sky130_fd_sc_hd__a32oi_1)
   0.17    4.17 ^ place1243/X (sky130_fd_sc_hd__buf_4)
   0.09    4.25 v _4703_/Y (sky130_fd_sc_hd__o21ai_0)
   0.19    4.44 ^ _4704_/Y (sky130_fd_sc_hd__a21oi_1)
   0.25    4.68 ^ _4705_/X (sky130_fd_sc_hd__xor2_1)
   0.15    4.83 v _4709_/Y (sky130_fd_sc_hd__o221ai_1)
   0.41    5.24 v _4723_/X (sky130_fd_sc_hd__a2111o_1)
   0.29    5.54 v _4736_/X (sky130_fd_sc_hd__a211o_1)
   0.49    6.02 v _4797_/X (sky130_fd_sc_hd__or4_1)
   0.53    6.56 v _4891_/X (sky130_fd_sc_hd__or4_1)
   0.35    6.90 v _5077_/X (sky130_fd_sc_hd__or3_1)
   0.49    7.39 v _5241_/X (sky130_fd_sc_hd__or4_1)
   0.31    7.70 ^ _5455_/Y (sky130_fd_sc_hd__nor3_2)
   0.21    7.90 ^ _6527_/SUM (sky130_fd_sc_hd__ha_1)
   0.05    7.96 v _6076_/Y (sky130_fd_sc_hd__inv_1)
   0.42    8.37 ^ _6077_/Y (sky130_fd_sc_hd__a31oi_2)
   0.32    8.69 ^ place1134/X (sky130_fd_sc_hd__buf_4)
   0.07    8.76 v _6385_/Y (sky130_fd_sc_hd__nor2_1)
   0.11    8.87 ^ _6386_/Y (sky130_fd_sc_hd__a21oi_1)
   0.06    8.93 v _6387_/Y (sky130_fd_sc_hd__nor2_1)
   0.00    8.93 v pc_unit.pc_out[31]$_SDFF_PP0_/D (sky130_fd_sc_hd__dfxtp_1)
           8.93   data arrival time

  10.20   10.20   clock core_clock (rise edge)
   0.00   10.20   clock source latency
   0.00   10.20 ^ clk (in)
   0.23   10.44 ^ clkbuf_0_clk/X (sky130_fd_sc_hd__clkbuf_16)
   0.31   10.74 ^ clkbuf_3_7__f_clk/X (sky130_fd_sc_hd__clkbuf_16)
   0.20   10.94 ^ clkbuf_leaf_57_clk/X (sky130_fd_sc_hd__clkbuf_16)
   0.00   10.94 ^ pc_unit.pc_out[31]$_SDFF_PP0_/CLK (sky130_fd_sc_hd__dfxtp_1)
   0.00   10.94   clock reconvergence pessimism
  -0.12   10.82   library setup time
          10.82   data required time
---------------------------------------------------------
          10.82   data required time
          -8.93   data arrival time
---------------------------------------------------------
           1.89   slack (MET)



==========================================================================
finish report_checks -path_delay min reg to reg
--------------------------------------------------------------------------
Startpoint: pc_unit.pc_out[1]$_SDFFE_PP0P_
            (rising edge-triggered flip-flop clocked by core_clock)
Endpoint: pc_unit.pc_out[1]$_SDFFE_PP0P_
          (rising edge-triggered flip-flop clocked by core_clock)
Path Group: core_clock
Path Type: min

  Delay    Time   Description
---------------------------------------------------------
   0.00    0.00   clock core_clock (rise edge)
   0.00    0.00   clock source latency
   0.00    0.00 ^ clk (in)
   0.23    0.23 ^ clkbuf_0_clk/X (sky130_fd_sc_hd__clkbuf_16)
   0.31    0.54 ^ clkbuf_3_7__f_clk/X (sky130_fd_sc_hd__clkbuf_16)
   0.20    0.74 ^ clkbuf_leaf_59_clk/X (sky130_fd_sc_hd__clkbuf_16)
   0.00    0.74 ^ pc_unit.pc_out[1]$_SDFFE_PP0P_/CLK (sky130_fd_sc_hd__dfxtp_1)
   0.41    1.15 v pc_unit.pc_out[1]$_SDFFE_PP0P_/Q (sky130_fd_sc_hd__dfxtp_1)
   0.10    1.25 ^ _6389_/Y (sky130_fd_sc_hd__nand2_1)
   0.06    1.31 v _6391_/Y (sky130_fd_sc_hd__a21oi_1)
   0.00    1.31 v pc_unit.pc_out[1]$_SDFFE_PP0P_/D (sky130_fd_sc_hd__dfxtp_1)
           1.31   data arrival time

   0.00    0.00   clock core_clock (rise edge)
   0.00    0.00   clock source latency
   0.00    0.00 ^ clk (in)
   0.23    0.23 ^ clkbuf_0_clk/X (sky130_fd_sc_hd__clkbuf_16)
   0.31    0.54 ^ clkbuf_3_7__f_clk/X (sky130_fd_sc_hd__clkbuf_16)
   0.20    0.74 ^ clkbuf_leaf_59_clk/X (sky130_fd_sc_hd__clkbuf_16)
   0.00    0.74 ^ pc_unit.pc_out[1]$_SDFFE_PP0P_/CLK (sky130_fd_sc_hd__dfxtp_1)
   0.00    0.74   clock reconvergence pessimism
  -0.05    0.69   library hold time
           0.69   data required time
---------------------------------------------------------
           0.69   data required time
          -1.31   data arrival time
---------------------------------------------------------
           0.62   slack (MET)



==========================================================================
finish critical path target clock latency max path
--------------------------------------------------------------------------
0.7394

==========================================================================
finish critical path target clock latency min path
--------------------------------------------------------------------------
0.7459

==========================================================================
finish critical path source clock latency min path
--------------------------------------------------------------------------
0.0000

==========================================================================
finish critical path delay
--------------------------------------------------------------------------
8.0153

==========================================================================
finish critical path slack
--------------------------------------------------------------------------
0.1479

==========================================================================
finish slack div critical path delay
--------------------------------------------------------------------------
1.845221

==========================================================================
finish report_power
--------------------------------------------------------------------------
Group                  Internal  Switching    Leakage      Total
                          Power      Power      Power      Power (Watts)
----------------------------------------------------------------
Sequential             5.44e-03   2.25e-05   9.47e-09   5.46e-03  39.2%
Combinational          1.76e-03   2.61e-03   1.64e-08   4.38e-03  31.4%
Clock                  2.35e-03   1.74e-03   1.77e-09   4.09e-03  29.4%
Macro                  0.00e+00   0.00e+00   0.00e+00   0.00e+00   0.0%
Pad                    0.00e+00   0.00e+00   0.00e+00   0.00e+00   0.0%
----------------------------------------------------------------
Total                  9.56e-03   4.37e-03   2.77e-08   1.39e-02 100.0%
                          68.6%      31.4%       0.0%
