
==========================================================================
finish report_tns
--------------------------------------------------------------------------
tns max 0.00

==========================================================================
finish report_wns
--------------------------------------------------------------------------
wns max 0.00

==========================================================================
finish report_worst_slack
--------------------------------------------------------------------------
worst slack max 0.08

==========================================================================
finish report_clock_min_period
--------------------------------------------------------------------------
core_clock period_min = 9.92 fmax = 100.80

==========================================================================
finish report_clock_skew
--------------------------------------------------------------------------
Clock core_clock
   0.73 source latency rf.regs[24][20]$_DFFE_PP_/CLK ^
  -0.69 target latency rf.regs[28][29]$_DFFE_PP_/CLK ^
   0.00 CRPR
--------------
   0.04 setup skew


==========================================================================
finish report_checks -path_delay min
--------------------------------------------------------------------------
Startpoint: pc_unit.pc_out[0]$_SDFFE_PP0P_
            (rising edge-triggered flip-flop clocked by core_clock)
Endpoint: pc_unit.pc_out[0]$_SDFFE_PP0P_
          (rising edge-triggered flip-flop clocked by core_clock)
Path Group: core_clock
Path Type: min

Fanout     Cap    Slew   Delay    Time   Description
-----------------------------------------------------------------------------
                          0.00    0.00   clock core_clock (rise edge)
                          0.00    0.00   clock source latency
     1    0.05    0.00    0.00    0.00 ^ clk (in)
                                         clk (net)
                  0.00    0.00    0.00 ^ clkbuf_0_clk/A (sky130_fd_sc_hd__clkbuf_16)
     8    0.19    0.20    0.23    0.23 ^ clkbuf_0_clk/X (sky130_fd_sc_hd__clkbuf_16)
                                         clknet_0_clk (net)
                  0.20    0.00    0.23 ^ clkbuf_3_7__f_clk/A (sky130_fd_sc_hd__clkbuf_16)
    12    0.18    0.19    0.29    0.53 ^ clkbuf_3_7__f_clk/X (sky130_fd_sc_hd__clkbuf_16)
                                         clknet_3_7__leaf_clk (net)
                  0.19    0.00    0.53 ^ clkbuf_leaf_46_clk/A (sky130_fd_sc_hd__clkbuf_16)
     7    0.04    0.06    0.19    0.72 ^ clkbuf_leaf_46_clk/X (sky130_fd_sc_hd__clkbuf_16)
                                         clknet_leaf_46_clk (net)
                  0.06    0.00    0.72 ^ pc_unit.pc_out[0]$_SDFFE_PP0P_/CLK (sky130_fd_sc_hd__dfxtp_1)
     4    0.02    0.09    0.35    1.07 v pc_unit.pc_out[0]$_SDFFE_PP0P_/Q (sky130_fd_sc_hd__dfxtp_1)
                                         net162 (net)
                  0.09    0.00    1.07 v _6264_/A (sky130_fd_sc_hd__nand2_1)
     1    0.00    0.04    0.07    1.15 ^ _6264_/Y (sky130_fd_sc_hd__nand2_1)
                                         _3016_ (net)
                  0.04    0.00    1.15 ^ _6271_/A1 (sky130_fd_sc_hd__a21oi_1)
     1    0.00    0.04    0.05    1.20 v _6271_/Y (sky130_fd_sc_hd__a21oi_1)
                                         _0276_ (net)
                  0.04    0.00    1.20 v pc_unit.pc_out[0]$_SDFFE_PP0P_/D (sky130_fd_sc_hd__dfxtp_1)
                                  1.20   data arrival time

                          0.00    0.00   clock core_clock (rise edge)
                          0.00    0.00   clock source latency
     1    0.05    0.00    0.00    0.00 ^ clk (in)
                                         clk (net)
                  0.00    0.00    0.00 ^ clkbuf_0_clk/A (sky130_fd_sc_hd__clkbuf_16)
     8    0.19    0.20    0.23    0.23 ^ clkbuf_0_clk/X (sky130_fd_sc_hd__clkbuf_16)
                                         clknet_0_clk (net)
                  0.20    0.00    0.23 ^ clkbuf_3_7__f_clk/A (sky130_fd_sc_hd__clkbuf_16)
    12    0.18    0.19    0.29    0.53 ^ clkbuf_3_7__f_clk/X (sky130_fd_sc_hd__clkbuf_16)
                                         clknet_3_7__leaf_clk (net)
                  0.19    0.00    0.53 ^ clkbuf_leaf_46_clk/A (sky130_fd_sc_hd__clkbuf_16)
     7    0.04    0.06    0.19    0.72 ^ clkbuf_leaf_46_clk/X (sky130_fd_sc_hd__clkbuf_16)
                                         clknet_leaf_46_clk (net)
                  0.06    0.00    0.72 ^ pc_unit.pc_out[0]$_SDFFE_PP0P_/CLK (sky130_fd_sc_hd__dfxtp_1)
                          0.00    0.72   clock reconvergence pessimism
                         -0.05    0.67   library hold time
                                  0.67   data required time
-----------------------------------------------------------------------------
                                  0.67   data required time
                                 -1.20   data arrival time
-----------------------------------------------------------------------------
                                  0.52   slack (MET)



==========================================================================
finish report_checks -path_delay max
--------------------------------------------------------------------------
Startpoint: imem_rdata[19] (input port clocked by core_clock)
Endpoint: dmem_addr[31] (output port clocked by core_clock)
Path Group: core_clock
Path Type: max

Fanout     Cap    Slew   Delay    Time   Description
-----------------------------------------------------------------------------
                          0.00    0.00   clock core_clock (rise edge)
                          0.00    0.00   clock network delay (propagated)
                          2.00    2.00 v input external delay
     1    0.00    0.00    0.00    2.00 v imem_rdata[19] (in)
                                         imem_rdata[19] (net)
                  0.00    0.00    2.00 v input75/A (sky130_fd_sc_hd__clkdlybuf4s50_1)
     1    0.01    0.09    0.45    2.45 v input75/X (sky130_fd_sc_hd__clkdlybuf4s50_1)
                                         net74 (net)
                  0.09    0.00    2.45 v place1974/A (sky130_fd_sc_hd__buf_12)
    15    0.08    0.05    0.17    2.62 v place1974/X (sky130_fd_sc_hd__buf_12)
                                         net1973 (net)
                  0.06    0.01    2.63 v place1972/A (sky130_fd_sc_hd__buf_4)
    13    0.05    0.08    0.19    2.81 v place1972/X (sky130_fd_sc_hd__buf_4)
                                         net1971 (net)
                  0.08    0.00    2.82 v _3678_/A (sky130_fd_sc_hd__or4b_2)
     2    0.01    0.14    0.73    3.55 v _3678_/X (sky130_fd_sc_hd__or4b_2)
                                         _0669_ (net)
                  0.14    0.00    3.55 v place1835/A (sky130_fd_sc_hd__buf_4)
     3    0.02    0.05    0.20    3.75 v place1835/X (sky130_fd_sc_hd__buf_4)
                                         net1834 (net)
                  0.05    0.00    3.75 v _4216_/B2 (sky130_fd_sc_hd__o22ai_1)
     1    0.01    0.18    0.14    3.89 ^ _4216_/Y (sky130_fd_sc_hd__o22ai_1)
                                         _1175_ (net)
                  0.18    0.00    3.89 ^ _4220_/C (sky130_fd_sc_hd__nor4_1)
     1    0.01    0.08    0.11    4.00 v _4220_/Y (sky130_fd_sc_hd__nor4_1)
                                         _1179_ (net)
                  0.08    0.00    4.00 v _4226_/B (sky130_fd_sc_hd__and3_1)
     1    0.01    0.08    0.22    4.22 v _4226_/X (sky130_fd_sc_hd__and3_1)
                                         _0075_ (net)
                  0.08    0.00    4.22 v place1695/A (sky130_fd_sc_hd__buf_12)
     2    0.05    0.04    0.15    4.37 v place1695/X (sky130_fd_sc_hd__buf_12)
                                         net1694 (net)
                  0.04    0.01    4.38 v place1694/A (sky130_fd_sc_hd__buf_4)
     2    0.02    0.04    0.15    4.53 v place1694/X (sky130_fd_sc_hd__buf_4)
                                         net1693 (net)
                  0.04    0.00    4.53 v _6619_/B (sky130_fd_sc_hd__ha_2)
     4    0.02    0.13    0.39    4.92 ^ _6619_/SUM (sky130_fd_sc_hd__ha_2)
                                         _0077_ (net)
                  0.13    0.00    4.92 ^ _4678_/B (sky130_fd_sc_hd__nand2_1)
     1    0.00    0.05    0.08    5.00 v _4678_/Y (sky130_fd_sc_hd__nand2_1)
                                         _1614_ (net)
                  0.05    0.00    5.00 v _4679_/B (sky130_fd_sc_hd__nor2_2)
     1    0.01    0.13    0.12    5.12 ^ _4679_/Y (sky130_fd_sc_hd__nor2_2)
                                         _1615_ (net)
                  0.13    0.00    5.12 ^ _4682_/A3 (sky130_fd_sc_hd__a31oi_4)
     1    0.01    0.10    0.11    5.24 v _4682_/Y (sky130_fd_sc_hd__a31oi_4)
                                         _1618_ (net)
                  0.10    0.00    5.24 v place1308/A (sky130_fd_sc_hd__buf_4)
     3    0.02    0.04    0.17    5.41 v place1308/X (sky130_fd_sc_hd__buf_4)
                                         net1307 (net)
                  0.04    0.00    5.41 v _4689_/A2 (sky130_fd_sc_hd__a211oi_4)
     1    0.02    0.33    0.36    5.77 ^ _4689_/Y (sky130_fd_sc_hd__a211oi_4)
                                         _1625_ (net)
                  0.33    0.00    5.77 ^ place1296/A (sky130_fd_sc_hd__buf_4)
     2    0.01    0.04    0.18    5.95 ^ place1296/X (sky130_fd_sc_hd__buf_4)
                                         net1295 (net)
                  0.04    0.00    5.95 ^ _4692_/B1 (sky130_fd_sc_hd__a2111o_1)
     2    0.01    0.11    0.14    6.10 ^ _4692_/X (sky130_fd_sc_hd__a2111o_1)
                                         _1628_ (net)
                  0.11    0.00    6.10 ^ _4698_/A2 (sky130_fd_sc_hd__a41oi_2)
     2    0.01    0.11    0.14    6.24 v _4698_/Y (sky130_fd_sc_hd__a41oi_2)
                                         _1634_ (net)
                  0.11    0.00    6.24 v _4706_/A1 (sky130_fd_sc_hd__o31a_1)
     2    0.01    0.07    0.35    6.58 v _4706_/X (sky130_fd_sc_hd__o31a_1)
                                         _1642_ (net)
                  0.07    0.00    6.58 v _4713_/A1 (sky130_fd_sc_hd__a31oi_1)
     2    0.01    0.22    0.20    6.79 ^ _4713_/Y (sky130_fd_sc_hd__a31oi_1)
                                         _1649_ (net)
                  0.22    0.00    6.79 ^ _4714_/A2 (sky130_fd_sc_hd__a21oi_1)
     2    0.01    0.08    0.13    6.92 v _4714_/Y (sky130_fd_sc_hd__a21oi_1)
                                         _1650_ (net)
                  0.08    0.00    6.92 v _4718_/C (sky130_fd_sc_hd__nor4b_2)
     1    0.00    0.18    0.21    7.13 ^ _4718_/Y (sky130_fd_sc_hd__nor4b_2)
                                         _1654_ (net)
                  0.18    0.00    7.13 ^ _4719_/B1 (sky130_fd_sc_hd__a21oi_1)
     1    0.00    0.06    0.07    7.20 v _4719_/Y (sky130_fd_sc_hd__a21oi_1)
                                         _1655_ (net)
                  0.06    0.00    7.20 v _4722_/C (sky130_fd_sc_hd__nand4b_1)
     2    0.02    0.23    0.22    7.42 ^ _4722_/Y (sky130_fd_sc_hd__nand4b_1)
                                         net121 (net)
                  0.23    0.00    7.42 ^ output122/A (sky130_fd_sc_hd__clkdlybuf4s50_1)
     1    0.00    0.03    0.50    7.92 ^ output122/X (sky130_fd_sc_hd__clkdlybuf4s50_1)
                                         dmem_addr[31] (net)
                  0.03    0.00    7.92 ^ dmem_addr[31] (out)
                                  7.92   data arrival time

                         10.00   10.00   clock core_clock (rise edge)
                          0.00   10.00   clock network delay (propagated)
                          0.00   10.00   clock reconvergence pessimism
                         -2.00    8.00   output external delay
                                  8.00   data required time
-----------------------------------------------------------------------------
                                  8.00   data required time
                                 -7.92   data arrival time
-----------------------------------------------------------------------------
                                  0.08   slack (MET)



==========================================================================
finish report_checks -unconstrained
--------------------------------------------------------------------------
Startpoint: imem_rdata[19] (input port clocked by core_clock)
Endpoint: dmem_addr[31] (output port clocked by core_clock)
Path Group: core_clock
Path Type: max

Fanout     Cap    Slew   Delay    Time   Description
-----------------------------------------------------------------------------
                          0.00    0.00   clock core_clock (rise edge)
                          0.00    0.00   clock network delay (propagated)
                          2.00    2.00 v input external delay
     1    0.00    0.00    0.00    2.00 v imem_rdata[19] (in)
                                         imem_rdata[19] (net)
                  0.00    0.00    2.00 v input75/A (sky130_fd_sc_hd__clkdlybuf4s50_1)
     1    0.01    0.09    0.45    2.45 v input75/X (sky130_fd_sc_hd__clkdlybuf4s50_1)
                                         net74 (net)
                  0.09    0.00    2.45 v place1974/A (sky130_fd_sc_hd__buf_12)
    15    0.08    0.05    0.17    2.62 v place1974/X (sky130_fd_sc_hd__buf_12)
                                         net1973 (net)
                  0.06    0.01    2.63 v place1972/A (sky130_fd_sc_hd__buf_4)
    13    0.05    0.08    0.19    2.81 v place1972/X (sky130_fd_sc_hd__buf_4)
                                         net1971 (net)
                  0.08    0.00    2.82 v _3678_/A (sky130_fd_sc_hd__or4b_2)
     2    0.01    0.14    0.73    3.55 v _3678_/X (sky130_fd_sc_hd__or4b_2)
                                         _0669_ (net)
                  0.14    0.00    3.55 v place1835/A (sky130_fd_sc_hd__buf_4)
     3    0.02    0.05    0.20    3.75 v place1835/X (sky130_fd_sc_hd__buf_4)
                                         net1834 (net)
                  0.05    0.00    3.75 v _4216_/B2 (sky130_fd_sc_hd__o22ai_1)
     1    0.01    0.18    0.14    3.89 ^ _4216_/Y (sky130_fd_sc_hd__o22ai_1)
                                         _1175_ (net)
                  0.18    0.00    3.89 ^ _4220_/C (sky130_fd_sc_hd__nor4_1)
     1    0.01    0.08    0.11    4.00 v _4220_/Y (sky130_fd_sc_hd__nor4_1)
                                         _1179_ (net)
                  0.08    0.00    4.00 v _4226_/B (sky130_fd_sc_hd__and3_1)
     1    0.01    0.08    0.22    4.22 v _4226_/X (sky130_fd_sc_hd__and3_1)
                                         _0075_ (net)
                  0.08    0.00    4.22 v place1695/A (sky130_fd_sc_hd__buf_12)
     2    0.05    0.04    0.15    4.37 v place1695/X (sky130_fd_sc_hd__buf_12)
                                         net1694 (net)
                  0.04    0.01    4.38 v place1694/A (sky130_fd_sc_hd__buf_4)
     2    0.02    0.04    0.15    4.53 v place1694/X (sky130_fd_sc_hd__buf_4)
                                         net1693 (net)
                  0.04    0.00    4.53 v _6619_/B (sky130_fd_sc_hd__ha_2)
     4    0.02    0.13    0.39    4.92 ^ _6619_/SUM (sky130_fd_sc_hd__ha_2)
                                         _0077_ (net)
                  0.13    0.00    4.92 ^ _4678_/B (sky130_fd_sc_hd__nand2_1)
     1    0.00    0.05    0.08    5.00 v _4678_/Y (sky130_fd_sc_hd__nand2_1)
                                         _1614_ (net)
                  0.05    0.00    5.00 v _4679_/B (sky130_fd_sc_hd__nor2_2)
     1    0.01    0.13    0.12    5.12 ^ _4679_/Y (sky130_fd_sc_hd__nor2_2)
                                         _1615_ (net)
                  0.13    0.00    5.12 ^ _4682_/A3 (sky130_fd_sc_hd__a31oi_4)
     1    0.01    0.10    0.11    5.24 v _4682_/Y (sky130_fd_sc_hd__a31oi_4)
                                         _1618_ (net)
                  0.10    0.00    5.24 v place1308/A (sky130_fd_sc_hd__buf_4)
     3    0.02    0.04    0.17    5.41 v place1308/X (sky130_fd_sc_hd__buf_4)
                                         net1307 (net)
                  0.04    0.00    5.41 v _4689_/A2 (sky130_fd_sc_hd__a211oi_4)
     1    0.02    0.33    0.36    5.77 ^ _4689_/Y (sky130_fd_sc_hd__a211oi_4)
                                         _1625_ (net)
                  0.33    0.00    5.77 ^ place1296/A (sky130_fd_sc_hd__buf_4)
     2    0.01    0.04    0.18    5.95 ^ place1296/X (sky130_fd_sc_hd__buf_4)
                                         net1295 (net)
                  0.04    0.00    5.95 ^ _4692_/B1 (sky130_fd_sc_hd__a2111o_1)
     2    0.01    0.11    0.14    6.10 ^ _4692_/X (sky130_fd_sc_hd__a2111o_1)
                                         _1628_ (net)
                  0.11    0.00    6.10 ^ _4698_/A2 (sky130_fd_sc_hd__a41oi_2)
     2    0.01    0.11    0.14    6.24 v _4698_/Y (sky130_fd_sc_hd__a41oi_2)
                                         _1634_ (net)
                  0.11    0.00    6.24 v _4706_/A1 (sky130_fd_sc_hd__o31a_1)
     2    0.01    0.07    0.35    6.58 v _4706_/X (sky130_fd_sc_hd__o31a_1)
                                         _1642_ (net)
                  0.07    0.00    6.58 v _4713_/A1 (sky130_fd_sc_hd__a31oi_1)
     2    0.01    0.22    0.20    6.79 ^ _4713_/Y (sky130_fd_sc_hd__a31oi_1)
                                         _1649_ (net)
                  0.22    0.00    6.79 ^ _4714_/A2 (sky130_fd_sc_hd__a21oi_1)
     2    0.01    0.08    0.13    6.92 v _4714_/Y (sky130_fd_sc_hd__a21oi_1)
                                         _1650_ (net)
                  0.08    0.00    6.92 v _4718_/C (sky130_fd_sc_hd__nor4b_2)
     1    0.00    0.18    0.21    7.13 ^ _4718_/Y (sky130_fd_sc_hd__nor4b_2)
                                         _1654_ (net)
                  0.18    0.00    7.13 ^ _4719_/B1 (sky130_fd_sc_hd__a21oi_1)
     1    0.00    0.06    0.07    7.20 v _4719_/Y (sky130_fd_sc_hd__a21oi_1)
                                         _1655_ (net)
                  0.06    0.00    7.20 v _4722_/C (sky130_fd_sc_hd__nand4b_1)
     2    0.02    0.23    0.22    7.42 ^ _4722_/Y (sky130_fd_sc_hd__nand4b_1)
                                         net121 (net)
                  0.23    0.00    7.42 ^ output122/A (sky130_fd_sc_hd__clkdlybuf4s50_1)
     1    0.00    0.03    0.50    7.92 ^ output122/X (sky130_fd_sc_hd__clkdlybuf4s50_1)
                                         dmem_addr[31] (net)
                  0.03    0.00    7.92 ^ dmem_addr[31] (out)
                                  7.92   data arrival time

                         10.00   10.00   clock core_clock (rise edge)
                          0.00   10.00   clock network delay (propagated)
                          0.00   10.00   clock reconvergence pessimism
                         -2.00    8.00   output external delay
                                  8.00   data required time
-----------------------------------------------------------------------------
                                  8.00   data required time
                                 -7.92   data arrival time
-----------------------------------------------------------------------------
                                  0.08   slack (MET)



==========================================================================
finish report_check_types -max_slew -max_cap -max_fanout -violators
--------------------------------------------------------------------------

==========================================================================
finish max_slew_check_slack
--------------------------------------------------------------------------
0.19438251852989197

==========================================================================
finish max_slew_check_limit
--------------------------------------------------------------------------
1.5

==========================================================================
finish max_slew_check_slack_limit
--------------------------------------------------------------------------
0.1296

==========================================================================
finish max_fanout_check_slack
--------------------------------------------------------------------------
1.0000000150474662e+30

==========================================================================
finish max_fanout_check_limit
--------------------------------------------------------------------------
1.0000000150474662e+30

==========================================================================
finish max_capacitance_check_slack
--------------------------------------------------------------------------
0.01139113213866949

==========================================================================
finish max_capacitance_check_limit
--------------------------------------------------------------------------
0.021067000925540924

==========================================================================
finish max_capacitance_check_slack_limit
--------------------------------------------------------------------------
0.5407

==========================================================================
finish max_slew_violation_count
--------------------------------------------------------------------------
max slew violation count 0

==========================================================================
finish max_fanout_violation_count
--------------------------------------------------------------------------
max fanout violation count 0

==========================================================================
finish max_cap_violation_count
--------------------------------------------------------------------------
max cap violation count 0

==========================================================================
finish setup_violation_count
--------------------------------------------------------------------------
setup violation count 0

==========================================================================
finish hold_violation_count
--------------------------------------------------------------------------
hold violation count 0

==========================================================================
finish report_checks -path_delay max reg to reg
--------------------------------------------------------------------------
Startpoint: rf.regs[21][5]$_DFFE_PP_
            (rising edge-triggered flip-flop clocked by core_clock)
Endpoint: pc_unit.pc_out[18]$_SDFF_PP0_
          (rising edge-triggered flip-flop clocked by core_clock)
Path Group: core_clock
Path Type: max

  Delay    Time   Description
---------------------------------------------------------
   0.00    0.00   clock core_clock (rise edge)
   0.00    0.00   clock source latency
   0.00    0.00 ^ clk (in)
   0.23    0.23 ^ clkbuf_0_clk/X (sky130_fd_sc_hd__clkbuf_16)
   0.29    0.52 ^ clkbuf_3_6__f_clk/X (sky130_fd_sc_hd__clkbuf_16)
   0.20    0.72 ^ clkbuf_leaf_48_clk/X (sky130_fd_sc_hd__clkbuf_16)
   0.00    0.72 ^ rf.regs[21][5]$_DFFE_PP_/CLK (sky130_fd_sc_hd__edfxtp_1)
   0.41    1.13 v rf.regs[21][5]$_DFFE_PP_/Q (sky130_fd_sc_hd__edfxtp_1)
   0.50    1.63 v _5720_/X (sky130_fd_sc_hd__mux4_2)
   0.48    2.11 v _5722_/X (sky130_fd_sc_hd__mux4_2)
   0.19    2.30 ^ _5723_/Y (sky130_fd_sc_hd__mux2i_2)
   0.10    2.40 v _5724_/Y (sky130_fd_sc_hd__nor2_1)
   0.16    2.56 v place1664/X (sky130_fd_sc_hd__buf_4)
   0.06    2.61 ^ _5725_/Y (sky130_fd_sc_hd__nand2_1)
   0.17    2.79 ^ _5726_/Y (sky130_fd_sc_hd__a21boi_1)
   0.17    2.95 ^ place1548/X (sky130_fd_sc_hd__buf_4)
   0.05    3.00 v _5727_/Y (sky130_fd_sc_hd__inv_1)
   0.21    3.21 v _6626_/COUT (sky130_fd_sc_hd__ha_1)
   0.33    3.54 ^ _4675_/Y (sky130_fd_sc_hd__a2111oi_2)
   0.17    3.70 ^ place1352/X (sky130_fd_sc_hd__buf_4)
   0.08    3.79 v _4676_/Y (sky130_fd_sc_hd__o21ai_2)
   0.21    4.00 ^ _4682_/Y (sky130_fd_sc_hd__a31oi_4)
   0.17    4.17 ^ place1308/X (sky130_fd_sc_hd__buf_4)
   0.09    4.26 v _4689_/Y (sky130_fd_sc_hd__a211oi_4)
   0.16    4.42 v place1296/X (sky130_fd_sc_hd__buf_4)
   0.42    4.84 v _4692_/X (sky130_fd_sc_hd__a2111o_1)
   0.21    5.05 ^ _4698_/Y (sky130_fd_sc_hd__a41oi_2)
   0.21    5.26 ^ _4706_/X (sky130_fd_sc_hd__o31a_1)
   0.13    5.39 ^ place1277/X (sky130_fd_sc_hd__buf_4)
   0.06    5.45 v _5573_/Y (sky130_fd_sc_hd__a21oi_1)
   0.27    5.72 v _5574_/X (sky130_fd_sc_hd__a211o_1)
   0.36    6.08 v _5586_/X (sky130_fd_sc_hd__a221o_1)
   0.16    6.24 v rebuffer2041/X (sky130_fd_sc_hd__buf_4)
   0.14    6.38 v place1226/X (sky130_fd_sc_hd__buf_4)
   0.36    6.74 ^ _5658_/Y (sky130_fd_sc_hd__nor4b_1)
   0.18    6.92 v _5659_/Y (sky130_fd_sc_hd__nand4_1)
   0.16    7.07 ^ _5660_/Y (sky130_fd_sc_hd__nor3_2)
   0.21    7.28 ^ place1183/X (sky130_fd_sc_hd__buf_4)
   0.25    7.53 v _6721_/SUM (sky130_fd_sc_hd__ha_1)
   0.16    7.69 ^ _6261_/Y (sky130_fd_sc_hd__nor2_1)
   0.23    7.92 ^ _6265_/X (sky130_fd_sc_hd__a31o_2)
   0.16    8.08 ^ place1178/X (sky130_fd_sc_hd__buf_12)
   0.15    8.23 ^ place1174/X (sky130_fd_sc_hd__buf_12)
   0.05    8.28 v _6431_/Y (sky130_fd_sc_hd__nor2_1)
   0.13    8.41 ^ _6432_/Y (sky130_fd_sc_hd__a21oi_1)
   0.05    8.46 v _6433_/Y (sky130_fd_sc_hd__nor2_1)
   0.00    8.46 v pc_unit.pc_out[18]$_SDFF_PP0_/D (sky130_fd_sc_hd__dfxtp_1)
           8.46   data arrival time

  10.00   10.00   clock core_clock (rise edge)
   0.00   10.00   clock source latency
   0.00   10.00 ^ clk (in)
   0.23   10.23 ^ clkbuf_0_clk/X (sky130_fd_sc_hd__clkbuf_16)
   0.29   10.52 ^ clkbuf_3_6__f_clk/X (sky130_fd_sc_hd__clkbuf_16)
   0.19   10.71 ^ clkbuf_leaf_49_clk/X (sky130_fd_sc_hd__clkbuf_16)
   0.00   10.71 ^ pc_unit.pc_out[18]$_SDFF_PP0_/CLK (sky130_fd_sc_hd__dfxtp_1)
   0.00   10.71   clock reconvergence pessimism
  -0.12   10.59   library setup time
          10.59   data required time
---------------------------------------------------------
          10.59   data required time
          -8.46   data arrival time
---------------------------------------------------------
           2.13   slack (MET)



==========================================================================
finish report_checks -path_delay min reg to reg
--------------------------------------------------------------------------
Startpoint: pc_unit.pc_out[0]$_SDFFE_PP0P_
            (rising edge-triggered flip-flop clocked by core_clock)
Endpoint: pc_unit.pc_out[0]$_SDFFE_PP0P_
          (rising edge-triggered flip-flop clocked by core_clock)
Path Group: core_clock
Path Type: min

  Delay    Time   Description
---------------------------------------------------------
   0.00    0.00   clock core_clock (rise edge)
   0.00    0.00   clock source latency
   0.00    0.00 ^ clk (in)
   0.23    0.23 ^ clkbuf_0_clk/X (sky130_fd_sc_hd__clkbuf_16)
   0.30    0.53 ^ clkbuf_3_7__f_clk/X (sky130_fd_sc_hd__clkbuf_16)
   0.19    0.72 ^ clkbuf_leaf_46_clk/X (sky130_fd_sc_hd__clkbuf_16)
   0.00    0.72 ^ pc_unit.pc_out[0]$_SDFFE_PP0P_/CLK (sky130_fd_sc_hd__dfxtp_1)
   0.35    1.07 v pc_unit.pc_out[0]$_SDFFE_PP0P_/Q (sky130_fd_sc_hd__dfxtp_1)
   0.07    1.15 ^ _6264_/Y (sky130_fd_sc_hd__nand2_1)
   0.05    1.20 v _6271_/Y (sky130_fd_sc_hd__a21oi_1)
   0.00    1.20 v pc_unit.pc_out[0]$_SDFFE_PP0P_/D (sky130_fd_sc_hd__dfxtp_1)
           1.20   data arrival time

   0.00    0.00   clock core_clock (rise edge)
   0.00    0.00   clock source latency
   0.00    0.00 ^ clk (in)
   0.23    0.23 ^ clkbuf_0_clk/X (sky130_fd_sc_hd__clkbuf_16)
   0.30    0.53 ^ clkbuf_3_7__f_clk/X (sky130_fd_sc_hd__clkbuf_16)
   0.19    0.72 ^ clkbuf_leaf_46_clk/X (sky130_fd_sc_hd__clkbuf_16)
   0.00    0.72 ^ pc_unit.pc_out[0]$_SDFFE_PP0P_/CLK (sky130_fd_sc_hd__dfxtp_1)
   0.00    0.72   clock reconvergence pessimism
  -0.05    0.67   library hold time
           0.67   data required time
---------------------------------------------------------
           0.67   data required time
          -1.20   data arrival time
---------------------------------------------------------
           0.52   slack (MET)



==========================================================================
finish critical path target clock latency max path
--------------------------------------------------------------------------
0.7134

==========================================================================
finish critical path target clock latency min path
--------------------------------------------------------------------------
0.7261

==========================================================================
finish critical path source clock latency min path
--------------------------------------------------------------------------
0.0000

==========================================================================
finish critical path delay
--------------------------------------------------------------------------
7.9211

==========================================================================
finish critical path slack
--------------------------------------------------------------------------
0.0789

==========================================================================
finish slack div critical path delay
--------------------------------------------------------------------------
0.996074

==========================================================================
finish report_power
--------------------------------------------------------------------------
Group                  Internal  Switching    Leakage      Total
                          Power      Power      Power      Power (Watts)
----------------------------------------------------------------
Sequential             5.51e-03   2.00e-05   9.45e-09   5.53e-03  40.3%
Combinational          1.75e-03   2.56e-03   1.62e-08   4.31e-03  31.4%
Clock                  2.15e-03   1.73e-03   1.58e-09   3.87e-03  28.2%
Macro                  0.00e+00   0.00e+00   0.00e+00   0.00e+00   0.0%
Pad                    0.00e+00   0.00e+00   0.00e+00   0.00e+00   0.0%
----------------------------------------------------------------
Total                  9.41e-03   4.31e-03   2.73e-08   1.37e-02 100.0%
                          68.6%      31.4%       0.0%
